[body] agent_id=70c22481-ff3d-4357-9942-6cebf85e957e
[body] elements=['obstacles', 'house', 'food', 'water', 'medical_kit'] props=['prop_box_red', 'prop_house', 'prop_food_s1', 'prop_food_s2', 'prop_food_s3', 'prop_food_s4', 'prop_water_w1', 'prop_water_w2', 'prop_water_w3', 'prop_medical_m1', 'prop_medical_m2']
[body] actuator contract OK: nu=21
[body] step=0 pos=(0.00,0.00,1.30) moving=False events=0
[body] budget ms/obs: physics=0.3 vision=29.1 views=13.5 audio=0.0 send=11.3
[body] step=50 pos=(-0.91,-0.05,0.08) moving=False events=0
[body] budget ms/obs: physics=7.3 vision=4.1 views=6.8 audio=0.0 send=61.5
[body] step=100 pos=(-0.91,-0.05,0.09) moving=False events=0
[body] budget ms/obs: physics=9.0 vision=4.2 views=7.1 audio=0.0 send=82.4
[body] step=150 pos=(-0.91,-0.04,0.09) moving=False events=0
[body] budget ms/obs: physics=6.3 vision=3.6 views=6.5 audio=0.0 send=143.3
[body] step=200 pos=(-0.91,-0.05,0.09) moving=False events=0
[body] budget ms/obs: physics=6.7 vision=3.5 views=5.8 audio=0.0 send=182.7
[body] step=250 pos=(-0.91,-0.04,0.09) moving=False events=0
[body] budget ms/obs: physics=7.6 vision=4.0 views=6.6 audio=0.0 send=153.1
[body] step=300 pos=(-0.92,-0.03,0.08) moving=False events=0
[body] budget ms/obs: physics=9.5 vision=4.1 views=6.9 audio=0.0 send=91.3
[body] step=350 pos=(-0.92,-0.03,0.08) moving=False events=0
[body] budget ms/obs: physics=7.2 vision=4.0 views=6.8 audio=0.0 send=76.8
[body] step=400 pos=(-0.91,-0.03,0.08) moving=False events=0
[body] budget ms/obs: physics=7.2 vision=3.8 views=5.9 audio=0.0 send=186.8
[body] step=450 pos=(-0.91,-0.05,0.09) moving=False events=0
[body] budget ms/obs: physics=6.5 vision=3.7 views=6.1 audio=0.0 send=166.8
[body] step=500 pos=(-0.91,-0.07,0.09) moving=False events=0
[body] budget ms/obs: physics=6.2 vision=3.8 views=6.2 audio=0.0 send=140.8
[body] step=550 pos=(-0.91,-0.08,0.09) moving=False events=0
[body] budget ms/obs: physics=6.8 vision=4.0 views=6.1 audio=0.0 send=183.8
[body] step=600 pos=(-0.91,-0.09,0.08) moving=False events=0
[body] budget ms/obs: physics=6.5 vision=4.1 views=6.1 audio=0.0 send=171.9
[body] step=650 pos=(-0.91,-0.10,0.08) moving=False events=0
[body] budget ms/obs: physics=6.5 vision=4.1 views=6.8 audio=0.0 send=156.5
[body] step=700 pos=(-0.92,-0.10,0.09) moving=False events=0
[body] budget ms/obs: physics=7.1 vision=4.0 views=6.6 audio=0.0 send=156.6
[body] step=750 pos=(-0.92,-0.09,0.09) moving=False events=0
[body] budget ms/obs: physics=5.9 vision=3.9 views=6.1 audio=0.0 send=203.1
[body] step=800 pos=(-0.92,-0.10,0.09) moving=False events=0
[body] budget ms/obs: physics=5.4 vision=4.1 views=6.6 audio=0.0 send=156.8
[body] step=850 pos=(-0.92,-0.10,0.09) moving=False events=0
[body] budget ms/obs: physics=6.4 vision=4.1 views=6.7 audio=0.0 send=149.2
[body] step=900 pos=(-0.92,-0.12,0.08) moving=False events=0
[body] budget ms/obs: physics=7.8 vision=4.2 views=6.1 audio=0.0 send=182.9
[body] step=950 pos=(-0.93,-0.11,0.08) moving=False events=0
[body] budget ms/obs: physics=8.7 vision=4.6 views=6.9 audio=0.0 send=112.9
[body] step=1000 pos=(-0.94,-0.11,0.09) moving=False events=0
[body] budget ms/obs: physics=10.4 vision=4.8 views=7.1 audio=0.0 send=102.2
[body] delivering food through egocentric view
[body] step=1050 pos=(-0.96,-0.08,0.09) moving=False events=0
[body] budget ms/obs: physics=9.6 vision=4.7 views=7.1 audio=0.0 send=104.4
[body] placed food near the agent
[body] step=1100 pos=(-0.97,-0.06,0.10) moving=False events=0
[body] budget ms/obs: physics=10.5 vision=4.6 views=7.2 audio=0.0 send=130.2
[body] step=1150 pos=(-0.99,-0.01,0.10) moving=False events=0
[body] budget ms/obs: physics=9.5 vision=4.7 views=7.0 audio=0.0 send=121.2
[body] step=1200 pos=(-1.00,0.02,0.10) moving=False events=0
[body] budget ms/obs: physics=9.2 vision=5.0 views=7.1 audio=0.0 send=101.1
[body] step=1250 pos=(-1.01,0.06,0.09) moving=False events=0
[body] budget ms/obs: physics=9.6 vision=4.9 views=7.1 audio=0.0 send=99.7
[body] step=1300 pos=(-1.02,0.07,0.09) moving=False events=0
[body] budget ms/obs: physics=8.9 vision=4.7 views=7.0 audio=0.0 send=123.9
[body] delivering water through egocentric view
[body] step=1350 pos=(-1.02,0.08,0.09) moving=False events=1
[body] budget ms/obs: physics=8.6 vision=4.5 views=6.9 audio=0.0 send=128.3
[body] step=1400 pos=(-0.99,0.09,0.09) moving=False events=0
[body] budget ms/obs: physics=9.8 vision=4.6 views=7.1 audio=0.0 send=94.9
[body] step=1450 pos=(-0.98,0.09,0.11) moving=False events=0
[body] budget ms/obs: physics=9.0 vision=4.8 views=7.0 audio=0.0 send=98.0
[body] step=1500 pos=(-0.98,0.09,0.12) moving=False events=0
[body] budget ms/obs: physics=10.4 vision=4.6 views=7.0 audio=0.0 send=119.8
[body] step=1550 pos=(-0.99,0.08,0.14) moving=False events=0
[body] budget ms/obs: physics=9.0 vision=4.5 views=7.0 audio=0.0 send=125.9
[body] step=1600 pos=(-0.99,0.07,0.14) moving=False events=0
[body] budget ms/obs: physics=9.8 vision=4.5 views=7.1 audio=0.0 send=104.7
[body] step=1650 pos=(-0.99,0.07,0.15) moving=False events=0
[body] budget ms/obs: physics=8.6 vision=4.5 views=7.0 audio=0.0 send=95.8
[body] step=1700 pos=(-1.00,0.07,0.14) moving=False events=1
[body] budget ms/obs: physics=9.7 vision=4.5 views=7.1 audio=0.0 send=115.5
[body] step=1750 pos=(-0.97,0.10,0.11) moving=False events=0
[body] budget ms/obs: physics=10.2 vision=4.5 views=6.8 audio=0.0 send=127.9
[body] step=1800 pos=(-0.96,0.10,0.12) moving=False events=0
[body] budget ms/obs: physics=9.9 vision=4.7 views=7.3 audio=0.0 send=107.4
[body] step=1850 pos=(-0.94,0.11,0.13) moving=False events=0
[body] budget ms/obs: physics=11.4 vision=4.7 views=7.2 audio=0.0 send=104.3
[body] step=1900 pos=(-0.93,0.11,0.13) moving=False events=0
[body] budget ms/obs: physics=10.4 vision=4.6 views=7.2 audio=0.0 send=129.7
[body] step=1950 pos=(-0.92,0.12,0.13) moving=False events=0
[body] budget ms/obs: physics=8.0 vision=4.5 views=6.9 audio=0.0 send=117.7
[body] step=2000 pos=(-0.90,0.13,0.15) moving=False events=0
[body] budget ms/obs: physics=7.7 vision=4.1 views=6.7 audio=0.0 send=161.0
[body] step=2050 pos=(-0.86,0.15,0.19) moving=False events=0
[body] budget ms/obs: physics=7.9 vision=4.1 views=6.6 audio=0.0 send=216.3
[body] step=2100 pos=(-0.93,0.12,0.16) moving=False events=0
[body] budget ms/obs: physics=8.0 vision=4.0 views=6.3 audio=0.0 send=205.0
[body] step=2150 pos=(-0.94,0.13,0.14) moving=False events=0
[body] budget ms/obs: physics=7.1 vision=4.3 views=7.1 audio=0.0 send=275.7
[body] step=2200 pos=(-0.99,0.08,0.11) moving=False events=0
[body] budget ms/obs: physics=7.4 vision=4.2 views=6.6 audio=0.0 send=198.5
[body] step=2250 pos=(-0.99,-0.14,0.11) moving=False events=0
[body] budget ms/obs: physics=6.7 vision=4.1 views=6.4 audio=0.0 send=207.4
[body] step=2300 pos=(-0.96,-0.18,0.08) moving=False events=0
[body] budget ms/obs: physics=7.4 vision=4.0 views=6.3 audio=0.0 send=206.2
[body] step=2350 pos=(-0.96,-0.17,0.08) moving=False events=0
[body] budget ms/obs: physics=6.8 vision=4.1 views=6.8 audio=0.0 send=177.9
[body] step=2400 pos=(-0.97,-0.19,0.08) moving=False events=0
[body] budget ms/obs: physics=8.2 vision=4.2 views=6.0 audio=0.0 send=235.0
[body] step=2450 pos=(-0.97,-0.22,0.10) moving=False events=0
[body] budget ms/obs: physics=7.8 vision=4.3 views=6.1 audio=0.0 send=202.9
[body] step=2500 pos=(-0.98,-0.25,0.11) moving=False events=0
[body] budget ms/obs: physics=8.2 vision=4.1 views=6.2 audio=0.0 send=195.8
[body] step=2550 pos=(-0.97,-0.33,0.11) moving=False events=0
[body] budget ms/obs: physics=8.5 vision=4.2 views=6.4 audio=0.0 send=233.8
[body] step=2600 pos=(-0.96,-0.34,0.10) moving=False events=0
[body] budget ms/obs: physics=6.8 vision=3.9 views=5.9 audio=0.0 send=193.5
[body] step=2650 pos=(-0.98,-0.31,0.13) moving=False events=0
[body] budget ms/obs: physics=8.6 vision=4.2 views=6.7 audio=0.0 send=195.8
[body] step=2700 pos=(-0.91,-0.32,0.18) moving=True events=0
[body] budget ms/obs: physics=8.1 vision=4.1 views=5.9 audio=0.0 send=218.3
[body] step=2750 pos=(-0.93,-0.33,0.15) moving=False events=0
[body] budget ms/obs: physics=6.2 vision=4.0 views=6.1 audio=0.0 send=120.6
[body] step=2800 pos=(-0.94,-0.33,0.15) moving=False events=0
[body] budget ms/obs: physics=6.7 vision=4.4 views=6.1 audio=0.0 send=257.7
[body] step=2850 pos=(-0.93,-0.34,0.15) moving=False events=0
[body] budget ms/obs: physics=6.8 vision=4.4 views=6.1 audio=0.0 send=246.9
[body] step=2900 pos=(-0.92,-0.34,0.16) moving=False events=0
[body] budget ms/obs: physics=5.7 vision=4.4 views=5.9 audio=0.0 send=242.5
[body] step=2950 pos=(-0.94,-0.35,0.17) moving=False events=0
[body] budget ms/obs: physics=6.2 vision=4.5 views=6.3 audio=0.0 send=211.6
[body] step=3000 pos=(-0.97,-0.40,0.16) moving=False events=0
[body] budget ms/obs: physics=6.4 vision=4.3 views=6.2 audio=0.0 send=214.6
[body] step=3050 pos=(-1.01,-0.49,0.16) moving=False events=0
[body] budget ms/obs: physics=7.3 vision=4.4 views=6.1 audio=0.0 send=208.7
[body] step=3100 pos=(-1.02,-0.58,0.16) moving=False events=0
[body] budget ms/obs: physics=7.3 vision=4.3 views=6.2 audio=0.0 send=217.8
[body] step=3150 pos=(-1.05,-0.59,0.16) moving=False events=0
[body] budget ms/obs: physics=7.3 vision=4.7 views=6.5 audio=0.0 send=231.9
[body] step=3200 pos=(-1.06,-0.59,0.16) moving=False events=0
[body] budget ms/obs: physics=8.0 vision=5.1 views=7.4 audio=0.0 send=393.7
[body] step=3250 pos=(-1.17,-0.49,0.12) moving=False events=0
[body] budget ms/obs: physics=6.6 vision=4.6 views=7.3 audio=0.0 send=298.6
[body] step=3300 pos=(-1.17,-0.44,0.11) moving=False events=0
[body] budget ms/obs: physics=8.4 vision=4.3 views=7.1 audio=0.0 send=228.2
[body] step=3350 pos=(-1.17,-0.39,0.13) moving=False events=0
[body] budget ms/obs: physics=9.5 vision=4.5 views=7.2 audio=0.0 send=168.0
[body] delivering food through egocentric view
[body] step=3400 pos=(-1.14,-0.37,0.13) moving=False events=0
[body] budget ms/obs: physics=9.7 vision=4.7 views=7.3 audio=0.0 send=123.4
[body] delivering water through egocentric view
[body] placed food near the agent
[body] placed water near the agent
[body] step=3450 pos=(-1.03,-0.37,0.13) moving=False events=0
[body] budget ms/obs: physics=10.7 vision=4.9 views=7.4 audio=0.0 send=122.5
[body] placed water near the agent
[body] step=3500 pos=(-1.02,-0.39,0.12) moving=False events=0
[body] budget ms/obs: physics=10.3 vision=5.0 views=7.8 audio=0.0 send=220.3
[body] step=3550 pos=(-1.08,-0.38,0.13) moving=False events=0
[body] budget ms/obs: physics=7.7 vision=5.1 views=7.9 audio=0.0 send=123.5
[body] step=3600 pos=(-1.11,-0.35,0.14) moving=False events=0
[body] budget ms/obs: physics=9.7 vision=5.0 views=7.7 audio=0.0 send=172.0
[body] step=3650 pos=(-1.07,-0.35,0.15) moving=False events=0
[body] budget ms/obs: physics=9.0 vision=4.8 views=7.2 audio=0.0 send=168.7
[body] step=3700 pos=(-1.08,-0.37,0.16) moving=False events=0
[body] budget ms/obs: physics=9.6 vision=4.8 views=6.9 audio=0.0 send=167.9
[body] delivering food through egocentric view
[body] step=3750 pos=(-1.07,-0.39,0.16) moving=False events=0
[body] budget ms/obs: physics=11.3 vision=5.0 views=7.3 audio=0.0 send=152.5
[body] placed food near the agent
[body] step=3800 pos=(-1.08,-0.39,0.17) moving=False events=0
[body] budget ms/obs: physics=11.9 vision=5.1 views=8.0 audio=0.0 send=238.7
[body] step=3850 pos=(-1.08,-0.38,0.20) moving=False events=0
[body] budget ms/obs: physics=11.1 vision=4.5 views=7.5 audio=0.0 send=186.1
[body] step=3900 pos=(-1.09,-0.35,0.19) moving=False events=0
[body] budget ms/obs: physics=13.0 vision=4.9 views=7.6 audio=0.0 send=205.8
[body] step=3950 pos=(-1.11,-0.33,0.18) moving=False events=0
[body] budget ms/obs: physics=13.2 vision=4.9 views=7.4 audio=0.0 send=192.9
[body] step=4000 pos=(-1.15,-0.32,0.15) moving=False events=0
[body] budget ms/obs: physics=10.9 vision=4.6 views=7.4 audio=0.0 send=162.4
[body] step=4050 pos=(-1.19,-0.37,0.15) moving=False events=0
[body] budget ms/obs: physics=12.2 vision=4.7 views=8.0 audio=0.0 send=188.7
[body] step=4100 pos=(-1.17,-0.41,0.17) moving=False events=0
[body] budget ms/obs: physics=13.2 vision=4.9 views=7.9 audio=0.0 send=180.4
[body] step=4150 pos=(-1.17,-0.39,0.15) moving=False events=0
[body] budget ms/obs: physics=12.2 vision=4.8 views=6.8 audio=0.0 send=238.9
[body] step=4200 pos=(-1.16,-0.37,0.16) moving=False events=0
[body] budget ms/obs: physics=10.5 vision=4.6 views=7.1 audio=0.0 send=210.2
[body] delivering food through egocentric view
[body] step=4250 pos=(-1.16,-0.34,0.16) moving=False events=0
[body] budget ms/obs: physics=10.0 vision=4.7 views=7.1 audio=0.0 send=128.8
[body] placed food near the agent
[body] placed food near the agent
[body] placed food near the agent
[body] step=4300 pos=(-1.16,-0.33,0.16) moving=False events=0
[body] budget ms/obs: physics=10.2 vision=4.6 views=7.1 audio=0.0 send=218.5
[body] step=4350 pos=(-1.18,-0.32,0.16) moving=False events=0
[body] budget ms/obs: physics=9.7 vision=4.7 views=7.7 audio=0.0 send=157.6
[body] step=4400 pos=(-1.22,-0.22,0.09) moving=False events=0
[body] budget ms/obs: physics=10.0 vision=4.6 views=7.5 audio=0.0 send=153.3
[body] step=4450 pos=(-1.22,-0.21,0.09) moving=False events=0
[body] budget ms/obs: physics=7.7 vision=4.2 views=7.3 audio=0.0 send=119.3
[body] step=4500 pos=(-1.21,-0.20,0.09) moving=False events=0
[body] budget ms/obs: physics=8.0 vision=4.2 views=7.3 audio=0.0 send=157.3
[body] step=4550 pos=(-1.21,-0.16,0.08) moving=False events=0
[body] budget ms/obs: physics=8.7 vision=4.4 views=7.2 audio=0.0 send=112.3
[body] step=4600 pos=(-1.25,-0.18,0.09) moving=False events=0
[body] budget ms/obs: physics=9.8 vision=4.6 views=7.3 audio=0.0 send=111.1
[body] step=4650 pos=(-1.24,-0.17,0.11) moving=True events=0
[body] budget ms/obs: physics=10.6 vision=4.5 views=7.3 audio=0.0 send=142.8
[body] step=4700 pos=(-1.25,-0.19,0.12) moving=False events=0
[body] budget ms/obs: physics=10.8 vision=4.5 views=7.3 audio=0.0 send=155.1
[body] step=4750 pos=(-1.28,-0.22,0.11) moving=False events=0
[body] budget ms/obs: physics=11.0 vision=4.5 views=7.3 audio=0.0 send=194.0
[body] step=4800 pos=(-1.30,-0.25,0.09) moving=False events=0
[body] budget ms/obs: physics=12.1 vision=4.5 views=7.7 audio=0.0 send=146.6
[body] step=4850 pos=(-1.32,-0.27,0.11) moving=False events=0
[body] budget ms/obs: physics=11.3 vision=4.4 views=7.2 audio=0.0 send=117.1
[body] step=4900 pos=(-1.31,-0.25,0.15) moving=False events=0
[body] budget ms/obs: physics=10.2 vision=4.6 views=7.3 audio=0.0 send=128.2
[body] step=4950 pos=(-1.32,-0.23,0.17) moving=False events=0
[body] budget ms/obs: physics=10.4 vision=4.6 views=7.3 audio=0.0 send=115.0
[body] step=5000 pos=(-1.33,-0.20,0.17) moving=False events=0
[body] budget ms/obs: physics=11.3 vision=4.7 views=7.3 audio=0.0 send=215.8
[body] step=5050 pos=(-1.35,-0.22,0.18) moving=False events=0
[body] budget ms/obs: physics=10.9 vision=4.7 views=7.2 audio=0.0 send=176.9
[body] step=5100 pos=(-1.32,-0.22,0.18) moving=False events=0
[body] budget ms/obs: physics=11.7 vision=4.9 views=7.7 audio=0.0 send=204.3
[body] step=5150 pos=(-1.30,-0.22,0.18) moving=False events=0
[body] budget ms/obs: physics=13.1 vision=4.9 views=7.4 audio=0.0 send=253.6
[body] step=5200 pos=(-1.29,-0.21,0.17) moving=False events=0
[body] budget ms/obs: physics=12.0 vision=4.6 views=7.5 audio=0.0 send=128.4
[body] step=5250 pos=(-1.29,-0.22,0.17) moving=False events=0
[body] budget ms/obs: physics=11.0 vision=4.7 views=7.6 audio=0.0 send=238.4
[body] step=5300 pos=(-1.29,-0.20,0.17) moving=False events=0
[body] budget ms/obs: physics=12.1 vision=4.6 views=7.4 audio=0.0 send=207.1
[body] step=5350 pos=(-1.30,-0.18,0.16) moving=False events=0
[body] budget ms/obs: physics=11.0 vision=4.8 views=7.5 audio=0.0 send=260.2
[body] step=5400 pos=(-1.26,-0.19,0.11) moving=False events=0
[body] budget ms/obs: physics=9.8 vision=4.6 views=7.4 audio=0.0 send=209.2
[body] step=5450 pos=(-1.27,-0.23,0.10) moving=False events=0
[body] budget ms/obs: physics=10.8 vision=4.7 views=7.8 audio=0.0 send=293.1
[body] step=5500 pos=(-1.31,-0.20,0.09) moving=False events=0
[body] budget ms/obs: physics=9.8 vision=4.4 views=7.3 audio=0.0 send=115.5
[body] step=5550 pos=(-1.31,-0.17,0.09) moving=False events=0
[body] budget ms/obs: physics=10.8 vision=4.5 views=8.4 audio=0.0 send=162.1
[body] step=5600 pos=(-1.31,-0.16,0.10) moving=False events=0
[body] budget ms/obs: physics=11.4 vision=4.5 views=7.6 audio=0.0 send=272.2
[body] step=5650 pos=(-1.32,-0.15,0.11) moving=False events=0
[body] budget ms/obs: physics=10.9 vision=4.4 views=7.4 audio=0.0 send=148.4
[body] step=5700 pos=(-1.32,-0.17,0.11) moving=False events=0
[body] budget ms/obs: physics=10.8 vision=13.1 views=8.3 audio=0.0 send=135.6
[body] step=5750 pos=(-1.33,-0.17,0.12) moving=False events=0
[body] budget ms/obs: physics=12.4 vision=16.6 views=9.0 audio=0.0 send=136.7
[body] step=5800 pos=(-1.31,-0.19,0.12) moving=False events=0
[body] budget ms/obs: physics=10.4 vision=4.5 views=7.5 audio=0.0 send=206.8
[body] step=5850 pos=(-1.32,-0.19,0.12) moving=False events=0
[body] budget ms/obs: physics=11.7 vision=4.7 views=7.7 audio=0.0 send=249.3
[body] step=5900 pos=(-1.31,-0.20,0.12) moving=False events=0
[body] budget ms/obs: physics=11.2 vision=4.6 views=7.7 audio=0.0 send=130.3
[body] step=5950 pos=(-1.32,-0.20,0.11) moving=False events=0
[body] budget ms/obs: physics=11.0 vision=4.5 views=7.3 audio=0.0 send=187.8
[body] step=6000 pos=(-1.32,-0.20,0.12) moving=False events=0
[body] budget ms/obs: physics=10.9 vision=4.5 views=7.5 audio=0.0 send=106.8
[body] step=6050 pos=(-1.32,-0.21,0.09) moving=False events=0
[body] budget ms/obs: physics=10.6 vision=4.5 views=7.6 audio=0.0 send=123.1
[body] step=6100 pos=(-1.36,-0.20,0.08) moving=False events=0
[body] budget ms/obs: physics=12.3 vision=4.6 views=8.0 audio=0.0 send=250.4
[body] step=6150 pos=(-1.34,-0.19,0.12) moving=False events=0
[body] budget ms/obs: physics=9.6 vision=4.4 views=7.2 audio=0.0 send=219.3
[body] step=6200 pos=(-1.31,-0.22,0.14) moving=False events=1
[body] budget ms/obs: physics=10.5 vision=4.6 views=7.7 audio=0.0 send=157.1
[body] step=6250 pos=(-1.28,-0.23,0.14) moving=False events=0
[body] budget ms/obs: physics=9.8 vision=4.6 views=7.7 audio=0.0 send=143.2
[body] step=6300 pos=(-1.33,-0.25,0.15) moving=False events=0
[body] budget ms/obs: physics=9.5 vision=4.5 views=7.4 audio=0.0 send=132.8
[body] step=6350 pos=(-1.29,-0.26,0.11) moving=False events=0
[body] budget ms/obs: physics=10.3 vision=4.6 views=7.7 audio=0.0 send=137.7
[body] step=6400 pos=(-1.31,-0.26,0.09) moving=False events=0
[body] budget ms/obs: physics=11.2 vision=4.6 views=8.3 audio=0.0 send=136.4
[body] step=6450 pos=(-1.31,-0.26,0.09) moving=False events=0
[body] budget ms/obs: physics=10.3 vision=4.5 views=7.5 audio=0.0 send=173.8
[body] step=6500 pos=(-1.33,-0.27,0.11) moving=False events=0
[body] budget ms/obs: physics=9.9 vision=4.8 views=7.6 audio=0.0 send=122.1
[body] step=6550 pos=(-1.34,-0.27,0.10) moving=False events=0
[body] budget ms/obs: physics=10.7 vision=4.9 views=7.8 audio=0.0 send=270.7
[body] step=6600 pos=(-1.35,-0.26,0.10) moving=False events=0
[body] budget ms/obs: physics=12.4 vision=5.0 views=7.7 audio=0.0 send=260.1
[body] step=6650 pos=(-1.31,-0.26,0.12) moving=False events=0
[body] budget ms/obs: physics=10.3 vision=4.5 views=7.4 audio=0.0 send=122.8
[body] step=6700 pos=(-1.27,-0.21,0.12) moving=False events=0
[body] budget ms/obs: physics=10.5 vision=4.7 views=8.2 audio=0.0 send=130.0
[body] step=6750 pos=(-1.25,-0.18,0.13) moving=False events=0
[body] budget ms/obs: physics=12.3 vision=4.5 views=7.6 audio=0.0 send=152.1
[body] step=6800 pos=(-1.23,-0.16,0.14) moving=False events=0
[body] budget ms/obs: physics=13.6 vision=6.1 views=7.9 audio=0.0 send=168.2
[body] step=6850 pos=(-1.27,-0.13,0.14) moving=False events=0
[body] budget ms/obs: physics=12.8 vision=4.7 views=7.5 audio=0.0 send=119.1
[body] step=6900 pos=(-1.32,-0.10,0.13) moving=False events=0
[body] budget ms/obs: physics=11.0 vision=4.7 views=7.6 audio=0.0 send=235.4
[body] step=6950 pos=(-1.31,-0.09,0.15) moving=False events=0
[body] budget ms/obs: physics=8.1 vision=4.7 views=7.7 audio=0.0 send=268.1
[body] step=7000 pos=(-1.29,-0.06,0.14) moving=False events=0
[body] budget ms/obs: physics=9.6 vision=4.7 views=7.7 audio=0.0 send=189.3
[body] step=7050 pos=(-1.28,-0.06,0.14) moving=False events=0
[body] budget ms/obs: physics=10.3 vision=4.7 views=7.8 audio=0.0 send=191.9
[body] step=7100 pos=(-1.30,-0.06,0.13) moving=False events=1
[body] budget ms/obs: physics=10.6 vision=4.5 views=7.7 audio=0.0 send=162.6
[body] step=7150 pos=(-1.28,-0.09,0.13) moving=False events=0
[body] budget ms/obs: physics=12.4 vision=4.5 views=7.6 audio=0.0 send=133.6
[body] step=7200 pos=(-1.19,-0.10,0.08) moving=False events=0
[body] budget ms/obs: physics=8.8 vision=4.6 views=7.6 audio=0.0 send=125.2
[body] step=7250 pos=(-1.18,-0.10,0.09) moving=False events=0
[body] budget ms/obs: physics=8.7 vision=4.7 views=7.5 audio=0.0 send=199.1
[body] step=7300 pos=(-1.19,-0.11,0.09) moving=False events=0
[body] budget ms/obs: physics=11.3 vision=4.8 views=7.7 audio=0.0 send=157.3
[body] step=7350 pos=(-1.19,-0.12,0.09) moving=False events=0
[body] budget ms/obs: physics=12.0 vision=4.7 views=7.7 audio=0.0 send=333.9
[body] step=7400 pos=(-1.18,-0.12,0.09) moving=False events=0
[body] budget ms/obs: physics=10.1 vision=4.7 views=7.5 audio=0.0 send=213.9
[body] step=7450 pos=(-1.15,-0.10,0.11) moving=False events=0
[body] budget ms/obs: physics=10.3 vision=4.7 views=7.6 audio=0.0 send=157.4
[body] step=7500 pos=(-1.15,-0.10,0.15) moving=False events=0
[body] budget ms/obs: physics=10.6 vision=4.9 views=7.8 audio=0.0 send=190.1
[body] step=7550 pos=(-1.16,-0.11,0.19) moving=False events=0
[body] budget ms/obs: physics=8.6 vision=4.6 views=7.5 audio=0.0 send=306.1
[body] step=7600 pos=(-1.15,-0.06,0.19) moving=False events=0
[body] budget ms/obs: physics=12.8 vision=4.7 views=7.9 audio=0.0 send=359.2
[body] step=7650 pos=(-1.17,-0.01,0.17) moving=False events=0
[body] budget ms/obs: physics=9.9 vision=4.5 views=7.7 audio=0.0 send=275.1
[body] step=7700 pos=(-1.21,-0.04,0.13) moving=False events=0
[body] budget ms/obs: physics=12.2 vision=4.6 views=7.7 audio=0.0 send=271.9
[body] step=7750 pos=(-1.22,-0.05,0.14) moving=False events=0
[body] budget ms/obs: physics=10.0 vision=4.5 views=7.5 audio=0.0 send=305.5
[body] step=7800 pos=(-1.20,-0.05,0.14) moving=False events=0
[body] budget ms/obs: physics=12.7 vision=4.7 views=7.9 audio=0.0 send=450.2
[body] step=7850 pos=(-1.16,0.03,0.09) moving=False events=0
[body] budget ms/obs: physics=10.8 vision=4.4 views=7.4 audio=0.0 send=295.5
[body] step=7900 pos=(-1.13,0.02,0.10) moving=False events=0
[body] budget ms/obs: physics=8.1 vision=4.6 views=7.5 audio=0.0 send=432.8
[body] step=7950 pos=(-1.11,-0.05,0.12) moving=False events=0
[body] budget ms/obs: physics=7.6 vision=4.7 views=7.7 audio=0.0 send=331.6
[body] step=8000 pos=(-1.11,-0.05,0.11) moving=False events=0
[body] budget ms/obs: physics=8.1 vision=4.6 views=7.7 audio=0.0 send=426.1
[body] step=8050 pos=(-1.15,0.04,0.13) moving=False events=0
[body] budget ms/obs: physics=8.9 vision=4.8 views=7.7 audio=0.0 send=358.2
[body] step=8100 pos=(-1.28,0.13,0.13) moving=False events=0
[body] budget ms/obs: physics=10.2 vision=5.1 views=7.6 audio=0.0 send=485.5
[body] step=8150 pos=(-1.32,0.16,0.14) moving=False events=0
[body] budget ms/obs: physics=7.8 vision=4.8 views=7.4 audio=0.0 send=333.6
[body] step=8200 pos=(-1.40,0.17,0.14) moving=False events=0
[body] budget ms/obs: physics=9.5 vision=4.8 views=7.6 audio=0.0 send=540.8
[body] step=8250 pos=(-1.48,0.17,0.12) moving=False events=0
[body] budget ms/obs: physics=7.7 vision=4.7 views=7.3 audio=0.0 send=332.4
[body] step=8300 pos=(-1.50,0.12,0.14) moving=False events=0
[body] budget ms/obs: physics=10.2 vision=4.5 views=7.6 audio=0.0 send=480.5
[body] step=8350 pos=(-1.51,0.12,0.13) moving=False events=0
[body] budget ms/obs: physics=8.5 vision=4.5 views=7.5 audio=0.0 send=371.0
[body] step=8400 pos=(-1.51,0.13,0.13) moving=False events=0
[body] budget ms/obs: physics=10.5 vision=4.7 views=7.6 audio=0.0 send=431.6
[body] step=8450 pos=(-1.44,0.21,0.11) moving=False events=0
[body] budget ms/obs: physics=9.5 vision=4.4 views=7.1 audio=0.0 send=362.3
[body] step=8500 pos=(-1.45,0.22,0.10) moving=False events=0
[body] budget ms/obs: physics=9.9 vision=4.7 views=7.4 audio=0.0 send=502.7
[body] step=8550 pos=(-1.48,0.21,0.11) moving=False events=0
[body] budget ms/obs: physics=8.9 vision=4.5 views=7.3 audio=0.0 send=371.9
[body] step=8600 pos=(-1.50,0.19,0.10) moving=False events=0
[body] budget ms/obs: physics=11.1 vision=4.6 views=7.4 audio=0.0 send=451.5
[body] step=8650 pos=(-1.53,0.19,0.08) moving=False events=0
[body] budget ms/obs: physics=9.1 vision=4.3 views=7.3 audio=0.0 send=352.6
[body] step=8700 pos=(-1.55,0.17,0.13) moving=False events=0
[body] budget ms/obs: physics=10.7 vision=4.6 views=7.5 audio=0.0 send=386.7
[body] step=8750 pos=(-1.58,0.14,0.12) moving=False events=0
[body] budget ms/obs: physics=8.5 vision=4.7 views=7.3 audio=0.0 send=400.3
[body] step=8800 pos=(-1.58,0.04,0.13) moving=False events=0
[body] budget ms/obs: physics=10.4 vision=4.7 views=7.7 audio=0.0 send=443.9
[body] step=8850 pos=(-1.55,-0.01,0.17) moving=False events=0
[body] budget ms/obs: physics=8.3 vision=4.7 views=7.3 audio=0.0 send=452.0
[body] step=8900 pos=(-1.59,0.02,0.20) moving=False events=0
[body] budget ms/obs: physics=10.5 vision=4.5 views=8.0 audio=0.0 send=489.7
[body] step=8950 pos=(-1.56,0.06,0.19) moving=False events=0
[body] budget ms/obs: physics=9.8 vision=4.7 views=7.6 audio=0.0 send=428.6
[body] step=9000 pos=(-1.54,0.02,0.19) moving=False events=0
[body] budget ms/obs: physics=10.8 vision=4.5 views=7.5 audio=0.0 send=433.5
[body] step=9050 pos=(-1.55,-0.04,0.19) moving=False events=0
[body] budget ms/obs: physics=10.7 vision=4.6 views=7.9 audio=0.0 send=478.1
[body] step=9100 pos=(-1.49,-0.05,0.16) moving=False events=0
[body] budget ms/obs: physics=25.5 vision=4.6 views=7.4 audio=0.0 send=374.9
[body] placed food near the agent
[body] placed water near the agent
[body] step=9150 pos=(-1.45,-0.08,0.12) moving=False events=0
[body] budget ms/obs: physics=24.6 vision=5.1 views=8.4 audio=0.0 send=484.4
[body] step=9200 pos=(-1.43,-0.11,0.10) moving=False events=0
[body] budget ms/obs: physics=9.6 vision=4.6 views=7.7 audio=0.0 send=333.7
[body] step=9250 pos=(-1.43,-0.14,0.10) moving=False events=0
[body] budget ms/obs: physics=10.5 vision=4.6 views=7.4 audio=0.0 send=527.1
[body] step=9300 pos=(-1.45,-0.12,0.14) moving=False events=0
[body] budget ms/obs: physics=9.9 vision=4.4 views=7.2 audio=0.0 send=367.4
[body] step=9350 pos=(-1.47,-0.08,0.15) moving=False events=0
[body] budget ms/obs: physics=8.6 vision=4.7 views=7.9 audio=0.0 send=518.9
[body] step=9400 pos=(-1.45,-0.11,0.21) moving=False events=0
[body] budget ms/obs: physics=9.3 vision=4.5 views=7.9 audio=0.0 send=406.4
[body] step=9450 pos=(-1.44,-0.14,0.19) moving=True events=0
[body] budget ms/obs: physics=11.8 vision=4.3 views=8.3 audio=0.0 send=543.8
[body] step=9500 pos=(-1.41,-0.13,0.20) moving=False events=0
[body] budget ms/obs: physics=11.5 vision=3.7 views=7.3 audio=0.0 send=471.4
[body] step=9550 pos=(-1.43,-0.11,0.20) moving=False events=0
[body] budget ms/obs: physics=13.2 vision=4.5 views=7.9 audio=0.0 send=494.0
[body] step=9600 pos=(-1.37,-0.10,0.22) moving=False events=0
[body] budget ms/obs: physics=9.6 vision=3.9 views=7.4 audio=0.0 send=392.5
[body] step=9650 pos=(-1.27,-0.14,0.20) moving=False events=0
[body] budget ms/obs: physics=11.8 vision=4.5 views=7.5 audio=0.0 send=454.0
[body] step=9700 pos=(-1.23,-0.07,0.22) moving=False events=0
[body] budget ms/obs: physics=9.7 vision=4.9 views=7.6 audio=0.0 send=455.7
[body] step=9750 pos=(-1.19,-0.07,0.21) moving=False events=0
[body] budget ms/obs: physics=11.8 vision=6.6 views=7.9 audio=0.0 send=504.8
[body] step=9800 pos=(-1.18,-0.06,0.21) moving=False events=0
[body] budget ms/obs: physics=11.2 vision=4.8 views=7.8 audio=0.0 send=416.3
[body] step=9850 pos=(-1.14,-0.02,0.22) moving=False events=0
[body] budget ms/obs: physics=11.2 vision=4.8 views=7.3 audio=0.0 send=494.9
[body] step=9900 pos=(-1.00,0.03,0.16) moving=False events=0
[body] budget ms/obs: physics=9.8 vision=4.6 views=7.2 audio=0.0 send=368.5
[body] step=9950 pos=(-1.03,0.04,0.13) moving=False events=0
[body] budget ms/obs: physics=10.2 vision=4.7 views=7.3 audio=0.0 send=541.3
[body] step=10000 pos=(-1.06,0.01,0.12) moving=False events=0
[body] budget ms/obs: physics=8.4 vision=4.6 views=7.6 audio=0.0 send=390.2
[body] step=10050 pos=(-1.03,0.02,0.09) moving=False events=0
[body] budget ms/obs: physics=10.3 vision=4.7 views=7.4 audio=0.0 send=483.2
[body] step=10100 pos=(-1.07,0.01,0.13) moving=False events=0
[body] budget ms/obs: physics=7.9 vision=4.3 views=7.0 audio=0.0 send=329.0
[body] step=10150 pos=(-1.15,-0.00,0.15) moving=False events=0
[body] budget ms/obs: physics=12.0 vision=4.6 views=7.2 audio=0.0 send=435.5
[body] step=10200 pos=(-1.15,0.02,0.16) moving=False events=0
[body] budget ms/obs: physics=9.0 vision=4.3 views=6.7 audio=0.0 send=327.8
[body] step=10250 pos=(-1.13,0.03,0.19) moving=False events=0
[body] budget ms/obs: physics=10.8 vision=4.4 views=8.0 audio=0.0 send=426.3
[body] step=10300 pos=(-1.12,0.04,0.22) moving=False events=0
[body] budget ms/obs: physics=8.5 vision=4.2 views=6.7 audio=0.0 send=459.3
