[body] agent_id=84eb5803-622c-44f5-8847-3389edc7f2ae
[body] elements=['obstacles', 'house', 'food', 'water', 'medical_kit'] props=['prop_box_red', 'prop_house', 'prop_food_s1', 'prop_food_s2', 'prop_food_s3', 'prop_food_s4', 'prop_water_w1', 'prop_water_w2', 'prop_water_w3', 'prop_medical_m1', 'prop_medical_m2']
[body] actuator contract OK: nu=21
[body] step=0 pos=(0.00,0.00,1.30) moving=False events=0
[body] budget ms/obs: physics=0.3 vision=48.5 views=14.4 audio=0.0 send=12.6
[body] step=50 pos=(-0.99,0.02,0.09) moving=False events=0
[body] budget ms/obs: physics=9.9 vision=5.1 views=8.4 audio=0.0 send=99.7
[body] step=100 pos=(-0.98,0.03,0.10) moving=False events=0
[body] budget ms/obs: physics=9.0 vision=5.2 views=9.7 audio=0.0 send=100.6
[body] step=150 pos=(-0.98,0.04,0.10) moving=False events=0
[body] budget ms/obs: physics=8.2 vision=5.1 views=9.6 audio=0.0 send=115.2
[body] step=200 pos=(-0.98,0.05,0.10) moving=False events=0
[body] budget ms/obs: physics=8.9 vision=5.5 views=8.8 audio=0.0 send=154.5
[body] step=250 pos=(-0.98,0.07,0.09) moving=False events=0
[body] budget ms/obs: physics=10.6 vision=5.7 views=9.4 audio=0.0 send=211.3
[body] step=300 pos=(-0.98,0.06,0.09) moving=False events=0
[body] budget ms/obs: physics=8.8 vision=5.5 views=9.6 audio=0.0 send=125.3
[body] step=350 pos=(-0.98,0.07,0.09) moving=False events=0
[body] budget ms/obs: physics=9.4 vision=5.5 views=9.1 audio=0.0 send=168.9
[body] step=400 pos=(-0.98,0.06,0.09) moving=False events=0
[body] budget ms/obs: physics=9.9 vision=5.0 views=9.1 audio=0.0 send=110.3
[body] step=450 pos=(-0.98,0.03,0.09) moving=False events=0
[body] budget ms/obs: physics=10.2 vision=5.0 views=9.3 audio=0.0 send=109.3
[body] step=500 pos=(-0.98,0.04,0.09) moving=False events=0
[body] budget ms/obs: physics=9.1 vision=5.1 views=9.2 audio=0.0 send=112.2
[body] step=550 pos=(-0.98,0.03,0.10) moving=False events=0
[body] budget ms/obs: physics=10.6 vision=5.1 views=8.7 audio=0.0 send=121.6
[body] step=600 pos=(-0.99,0.04,0.09) moving=False events=0
[body] budget ms/obs: physics=11.1 vision=5.2 views=8.9 audio=0.0 send=154.3
[body] step=650 pos=(-0.99,0.03,0.09) moving=False events=0
[body] budget ms/obs: physics=11.4 vision=5.2 views=8.7 audio=0.0 send=112.1
[body] step=700 pos=(-0.99,0.02,0.09) moving=False events=0
[body] budget ms/obs: physics=12.2 vision=5.2 views=8.9 audio=0.0 send=156.8
[body] step=750 pos=(-1.00,0.02,0.09) moving=False events=0
[body] budget ms/obs: physics=11.2 vision=5.2 views=8.4 audio=0.0 send=143.3
[body] step=800 pos=(-1.00,0.03,0.09) moving=False events=0
[body] budget ms/obs: physics=10.5 vision=5.3 views=8.5 audio=0.0 send=117.0
[body] step=850 pos=(-1.01,0.09,0.09) moving=True events=0
[body] budget ms/obs: physics=12.0 vision=5.0 views=9.1 audio=0.0 send=92.3
[body] step=900 pos=(-0.99,0.20,0.08) moving=False events=0
[body] budget ms/obs: physics=11.1 vision=5.3 views=9.3 audio=0.0 send=161.3
[body] step=950 pos=(-0.93,0.27,0.10) moving=True events=0
[body] budget ms/obs: physics=10.4 vision=5.4 views=9.2 audio=0.0 send=105.5
[body] step=1000 pos=(-0.92,0.30,0.13) moving=False events=0
[body] budget ms/obs: physics=8.8 vision=5.4 views=9.1 audio=0.0 send=107.7
[body] step=1050 pos=(-0.93,0.31,0.15) moving=False events=0
[body] budget ms/obs: physics=10.8 vision=5.6 views=9.0 audio=0.0 send=151.0
[body] step=1100 pos=(-0.94,0.32,0.15) moving=False events=0
[body] budget ms/obs: physics=11.8 vision=5.5 views=9.1 audio=0.0 send=145.2
[body] step=1150 pos=(-0.93,0.34,0.13) moving=False events=0
[body] budget ms/obs: physics=10.8 vision=5.5 views=9.2 audio=0.0 send=112.6
[body] step=1200 pos=(-0.92,0.33,0.15) moving=False events=0
[body] budget ms/obs: physics=10.0 vision=5.5 views=8.8 audio=0.0 send=111.4
[body] step=1250 pos=(-0.92,0.32,0.15) moving=False events=0
[body] budget ms/obs: physics=10.8 vision=5.4 views=8.6 audio=0.0 send=177.1
[body] step=1300 pos=(-0.93,0.30,0.16) moving=False events=0
[body] budget ms/obs: physics=10.3 vision=5.3 views=8.8 audio=0.0 send=148.5
[body] step=1350 pos=(-0.93,0.30,0.15) moving=False events=0
[body] budget ms/obs: physics=10.5 vision=5.3 views=8.5 audio=0.0 send=120.9
[body] step=1400 pos=(-0.93,0.30,0.15) moving=False events=0
[body] budget ms/obs: physics=9.6 vision=5.1 views=8.6 audio=0.0 send=147.6
[body] step=1450 pos=(-0.94,0.29,0.15) moving=False events=0
[body] budget ms/obs: physics=11.1 vision=5.1 views=8.8 audio=0.0 send=171.5
[body] step=1500 pos=(-0.96,0.25,0.15) moving=False events=0
[body] budget ms/obs: physics=11.1 vision=5.2 views=8.6 audio=0.0 send=100.2
[body] step=1550 pos=(-1.01,0.23,0.18) moving=False events=0
[body] budget ms/obs: physics=13.8 vision=5.3 views=8.7 audio=0.0 send=149.0
[body] step=1600 pos=(-1.03,0.26,0.20) moving=False events=0
[body] budget ms/obs: physics=11.4 vision=5.5 views=8.9 audio=0.0 send=157.4
[body] step=1650 pos=(-1.05,0.27,0.20) moving=False events=0
[body] budget ms/obs: physics=11.3 vision=5.3 views=8.8 audio=0.0 send=122.2
[body] step=1700 pos=(-1.05,0.28,0.20) moving=False events=0
[body] budget ms/obs: physics=13.0 vision=5.4 views=9.6 audio=0.0 send=130.6
[body] step=1750 pos=(-1.05,0.33,0.20) moving=False events=0
[body] budget ms/obs: physics=10.7 vision=4.8 views=9.1 audio=0.0 send=121.7
[body] step=1800 pos=(-1.06,0.37,0.19) moving=False events=0
[body] budget ms/obs: physics=11.3 vision=4.8 views=8.9 audio=0.0 send=194.4
[body] step=1850 pos=(-1.05,0.47,0.19) moving=True events=0
[body] budget ms/obs: physics=12.2 vision=4.5 views=9.0 audio=0.0 send=128.4
[body] step=1900 pos=(-1.07,0.47,0.20) moving=False events=0
[body] budget ms/obs: physics=12.9 vision=4.7 views=9.1 audio=0.0 send=116.8
[body] step=1950 pos=(-1.09,0.50,0.19) moving=False events=0
[body] budget ms/obs: physics=12.7 vision=5.0 views=9.3 audio=0.0 send=179.5
[body] step=2000 pos=(-1.11,0.50,0.19) moving=True events=0
[body] budget ms/obs: physics=12.3 vision=5.1 views=9.4 audio=0.0 send=122.4
[body] step=2050 pos=(-1.10,0.54,0.19) moving=False events=0
[body] budget ms/obs: physics=11.8 vision=4.8 views=9.5 audio=0.0 send=114.0
[body] step=2100 pos=(-1.11,0.59,0.19) moving=False events=0
[body] budget ms/obs: physics=10.7 vision=4.2 views=9.1 audio=0.0 send=129.7
[body] step=2150 pos=(-1.12,0.61,0.18) moving=False events=0
[body] budget ms/obs: physics=10.3 vision=4.4 views=9.0 audio=0.0 send=191.7
[body] step=2200 pos=(-1.14,0.62,0.18) moving=False events=0
[body] budget ms/obs: physics=11.5 vision=4.8 views=9.6 audio=0.0 send=112.6
[body] step=2250 pos=(-1.14,0.60,0.19) moving=False events=0
[body] budget ms/obs: physics=11.9 vision=4.7 views=9.5 audio=0.0 send=125.8
[body] step=2300 pos=(-1.13,0.64,0.19) moving=False events=0
[body] budget ms/obs: physics=11.5 vision=4.4 views=9.7 audio=0.0 send=202.1
[body] step=2350 pos=(-1.13,0.67,0.20) moving=False events=0
[body] budget ms/obs: physics=10.4 vision=4.3 views=9.4 audio=0.0 send=128.0
[body] step=2400 pos=(-1.11,0.69,0.19) moving=False events=0
[body] budget ms/obs: physics=10.5 vision=4.4 views=9.1 audio=0.0 send=130.1
