[body] agent_id=22a54c68-c093-4e2a-be98-fcb6803c9ccf
[body] elements=['obstacles', 'house', 'food', 'water', 'medical_kit'] props=['prop_box_red', 'prop_house', 'prop_food_s1', 'prop_food_s2', 'prop_food_s3', 'prop_food_s4', 'prop_water_w1', 'prop_water_w2', 'prop_water_w3', 'prop_medical_m1', 'prop_medical_m2']
[body] actuator contract OK: nu=21
[body] step=0 pos=(0.00,0.00,1.30) moving=False events=0
[body] budget ms/obs: physics=0.3 vision=28.2 views=15.3 audio=0.0 send=11.4
[body] step=50 pos=(-0.94,0.01,0.09) moving=False events=0
[body] budget ms/obs: physics=9.3 vision=4.9 views=7.8 audio=0.0 send=87.7
[body] step=100 pos=(-0.95,0.00,0.09) moving=False events=0
[body] budget ms/obs: physics=10.4 vision=4.8 views=8.4 audio=0.0 send=130.4
[body] step=150 pos=(-0.95,0.00,0.09) moving=False events=0
[body] budget ms/obs: physics=9.0 vision=6.3 views=8.7 audio=0.0 send=130.8
[body] step=200 pos=(-0.95,0.00,0.09) moving=False events=0
[body] budget ms/obs: physics=8.8 vision=4.9 views=8.3 audio=0.0 send=132.4
[body] step=250 pos=(-0.97,-0.01,0.09) moving=False events=0
[body] budget ms/obs: physics=9.3 vision=5.2 views=9.3 audio=0.0 send=116.9
[body] step=300 pos=(-0.97,0.01,0.10) moving=False events=0
[body] budget ms/obs: physics=9.2 vision=5.3 views=9.3 audio=0.0 send=98.4
[body] step=350 pos=(-0.98,0.00,0.09) moving=False events=0
[body] budget ms/obs: physics=11.4 vision=5.7 views=10.1 audio=0.0 send=117.0
[body] step=400 pos=(-0.99,-0.02,0.09) moving=False events=0
[body] budget ms/obs: physics=10.4 vision=13.7 views=10.0 audio=0.0 send=164.4
[body] step=450 pos=(-1.00,-0.02,0.09) moving=False events=0
[body] budget ms/obs: physics=10.8 vision=5.5 views=10.0 audio=0.0 send=99.1
[body] step=500 pos=(-1.00,0.01,0.09) moving=False events=0
[body] budget ms/obs: physics=11.1 vision=5.5 views=9.3 audio=0.0 send=102.2
[body] step=550 pos=(-1.00,-0.00,0.10) moving=False events=0
[body] budget ms/obs: physics=11.1 vision=5.4 views=9.7 audio=0.0 send=160.1
[body] step=600 pos=(-1.00,0.02,0.09) moving=False events=0
[body] budget ms/obs: physics=9.8 vision=5.3 views=8.8 audio=0.0 send=86.5
[body] step=650 pos=(-1.01,0.01,0.09) moving=False events=0
[body] budget ms/obs: physics=11.5 vision=13.4 views=9.2 audio=0.0 send=123.5
[body] step=700 pos=(-1.00,-0.00,0.10) moving=False events=0
[body] budget ms/obs: physics=8.9 vision=5.6 views=9.6 audio=0.0 send=101.5
[body] step=750 pos=(-1.00,-0.02,0.10) moving=False events=0
[body] budget ms/obs: physics=10.7 vision=5.5 views=9.4 audio=0.0 send=158.5
[body] step=800 pos=(-1.00,-0.02,0.11) moving=False events=0
[body] budget ms/obs: physics=11.9 vision=5.7 views=9.4 audio=0.0 send=115.2
[body] step=850 pos=(-1.01,-0.03,0.10) moving=False events=0
[body] budget ms/obs: physics=10.1 vision=5.3 views=8.7 audio=0.0 send=115.3
[body] step=900 pos=(-1.01,-0.04,0.10) moving=False events=0
[body] budget ms/obs: physics=12.9 vision=5.4 views=8.6 audio=0.0 send=123.0
[body] step=950 pos=(-1.02,-0.05,0.09) moving=True events=1
[body] budget ms/obs: physics=10.9 vision=5.7 views=8.8 audio=0.0 send=122.5
[body] step=1000 pos=(-1.02,-0.08,0.08) moving=False events=0
[body] budget ms/obs: physics=11.9 vision=6.0 views=9.0 audio=0.0 send=109.1
[body] step=1050 pos=(-1.03,-0.07,0.09) moving=False events=0
[body] budget ms/obs: physics=13.2 vision=5.6 views=8.7 audio=0.0 send=108.5
[body] step=1100 pos=(-1.03,-0.07,0.09) moving=False events=0
[body] budget ms/obs: physics=11.0 vision=5.7 views=9.3 audio=0.0 send=122.8
[body] step=1150 pos=(-1.03,-0.08,0.09) moving=False events=0
[body] budget ms/obs: physics=10.8 vision=6.3 views=9.8 audio=0.0 send=140.3
[body] step=1200 pos=(-1.03,-0.08,0.09) moving=False events=0
[body] budget ms/obs: physics=12.1 vision=6.1 views=9.2 audio=0.0 send=99.7
[body] step=1250 pos=(-1.05,-0.08,0.09) moving=False events=0
[body] budget ms/obs: physics=16.6 vision=5.8 views=8.3 audio=0.0 send=110.9
[body] step=1300 pos=(-1.05,-0.08,0.09) moving=False events=0
[body] budget ms/obs: physics=13.5 vision=6.0 views=9.1 audio=0.0 send=137.8
[body] step=1350 pos=(-1.05,-0.07,0.11) moving=False events=0
[body] budget ms/obs: physics=11.1 vision=5.9 views=8.2 audio=0.0 send=113.6
[body] step=1400 pos=(-1.09,-0.08,0.10) moving=False events=0
[body] budget ms/obs: physics=14.5 vision=6.1 views=8.8 audio=0.0 send=109.9
[body] step=1450 pos=(-1.09,-0.10,0.09) moving=False events=0
[body] budget ms/obs: physics=11.1 vision=6.5 views=9.7 audio=0.0 send=125.2
[body] step=1500 pos=(-1.09,-0.12,0.09) moving=False events=0
[body] budget ms/obs: physics=13.2 vision=6.4 views=10.2 audio=0.0 send=148.0
[body] step=1550 pos=(-1.04,-0.14,0.10) moving=True events=0
[body] budget ms/obs: physics=13.3 vision=5.8 views=8.3 audio=0.0 send=123.9
[body] step=1600 pos=(-0.97,-0.20,0.13) moving=False events=0
[body] budget ms/obs: physics=9.2 vision=5.8 views=8.6 audio=0.0 send=95.3
[body] step=1650 pos=(-0.97,-0.23,0.15) moving=False events=0
[body] budget ms/obs: physics=10.2 vision=5.3 views=9.2 audio=0.0 send=122.1
[body] step=1700 pos=(-0.97,-0.26,0.15) moving=False events=0
[body] budget ms/obs: physics=10.9 vision=5.7 views=9.8 audio=0.0 send=159.3
[body] step=1750 pos=(-0.94,-0.31,0.16) moving=False events=0
[body] budget ms/obs: physics=10.8 vision=5.4 views=9.0 audio=0.0 send=93.9
[body] step=1800 pos=(-0.89,-0.40,0.18) moving=False events=0
[body] budget ms/obs: physics=11.0 vision=5.6 views=9.5 audio=0.0 send=107.2
[body] step=1850 pos=(-0.88,-0.42,0.19) moving=False events=0
[body] budget ms/obs: physics=12.5 vision=5.4 views=9.0 audio=0.0 send=145.8
[body] step=1900 pos=(-0.88,-0.44,0.20) moving=False events=0
[body] budget ms/obs: physics=11.6 vision=5.7 views=8.6 audio=0.0 send=114.5
[body] step=1950 pos=(-0.88,-0.50,0.20) moving=False events=0
[body] budget ms/obs: physics=16.5 vision=5.4 views=9.4 audio=0.0 send=118.6
[body] step=2000 pos=(-0.86,-0.57,0.18) moving=False events=0
[body] budget ms/obs: physics=14.3 vision=4.8 views=8.8 audio=0.0 send=107.2
[body] step=2050 pos=(-0.84,-0.58,0.18) moving=False events=0
[body] budget ms/obs: physics=14.6 vision=5.0 views=9.1 audio=0.0 send=161.9
[body] step=2100 pos=(-0.84,-0.61,0.18) moving=False events=0
[body] budget ms/obs: physics=18.6 vision=5.1 views=9.1 audio=0.0 send=114.4
[body] step=2150 pos=(-0.87,-0.59,0.19) moving=False events=0
[body] budget ms/obs: physics=12.9 vision=4.7 views=8.4 audio=0.0 send=108.7
[body] step=2200 pos=(-0.85,-0.62,0.19) moving=False events=0
[body] budget ms/obs: physics=15.2 vision=4.5 views=8.8 audio=0.0 send=114.8
[body] step=2250 pos=(-0.82,-0.62,0.19) moving=False events=0
[body] budget ms/obs: physics=13.7 vision=4.3 views=8.5 audio=0.0 send=146.9
[body] step=2300 pos=(-0.82,-0.62,0.19) moving=False events=0
[body] budget ms/obs: physics=16.4 vision=4.5 views=9.0 audio=0.0 send=105.1
[body] step=2350 pos=(-0.85,-0.60,0.19) moving=True events=0
[body] budget ms/obs: physics=16.6 vision=4.1 views=8.1 audio=0.0 send=109.6
[body] step=2400 pos=(-0.84,-0.61,0.19) moving=False events=0
[body] budget ms/obs: physics=13.7 vision=4.3 views=8.9 audio=0.0 send=143.7
[body] step=2450 pos=(-0.85,-0.59,0.20) moving=False events=0
[body] budget ms/obs: physics=14.6 vision=4.2 views=8.7 audio=0.0 send=129.7
[body] step=2500 pos=(-0.88,-0.56,0.21) moving=False events=0
[body] budget ms/obs: physics=13.3 vision=4.9 views=8.7 audio=0.0 send=109.5
[body] step=2550 pos=(-0.91,-0.55,0.20) moving=False events=0
[body] budget ms/obs: physics=15.0 vision=5.1 views=8.8 audio=0.0 send=104.0
