Traceback (most recent call last):
  File "D:\Users\charl\software\Self-Determination Model\scripts\mujoco_decadic_adapter.py", line 3730, in <module>
    main()
    ~~~~^^
  File "D:\Users\charl\software\Self-Determination Model\scripts\mujoco_decadic_adapter.py", line 3657, in main
    aid = args.agent_id or _post_agent(base_http)
                           ~~~~~~~~~~~^^^^^^^^^^^
  File "D:\Users\charl\software\Self-Determination Model\scripts\mujoco_decadic_adapter.py", line 505, in _post_agent
    with urllib.request.urlopen(req, timeout=30) as resp:
         ~~~~~~~~~~~~~~~~~~~~~~^^^^^^^^^^^^^^^^^
  File "C:\Python313\Lib\urllib\request.py", line 189, in urlopen
    return opener.open(url, data, timeout)
           ~~~~~~~~~~~^^^^^^^^^^^^^^^^^^^^
  File "C:\Python313\Lib\urllib\request.py", line 489, in open
    response = self._open(req, data)
  File "C:\Python313\Lib\urllib\request.py", line 506, in _open
    result = self._call_chain(self.handle_open, protocol, protocol +
                              '_open', req)
  File "C:\Python313\Lib\urllib\request.py", line 466, in _call_chain
    result = func(*args)
  File "C:\Python313\Lib\urllib\request.py", line 1348, in http_open
    return self.do_open(http.client.HTTPConnection, req)
           ~~~~~~~~~~~~^^^^^^^^^^^^^^^^^^^^^^^^^^^^^^^^^
  File "C:\Python313\Lib\urllib\request.py", line 1323, in do_open
    r = h.getresponse()
  File "C:\Python313\Lib\http\client.py", line 1430, in getresponse
    response.begin()
    ~~~~~~~~~~~~~~^^
  File "C:\Python313\Lib\http\client.py", line 331, in begin
    version, status, reason = self._read_status()
                              ~~~~~~~~~~~~~~~~~^^
  File "C:\Python313\Lib\http\client.py", line 292, in _read_status
    line = str(self.fp.readline(_MAXLINE + 1), "iso-8859-1")
               ~~~~~~~~~~~~~~~~^^^^^^^^^^^^^^
  File "C:\Python313\Lib\socket.py", line 719, in readinto
    return self._sock.recv_into(b)
           ~~~~~~~~~~~~~~~~~~~~^^^
TimeoutError: timed out
