[body] agent_id=2e36f41b-c5d6-40d7-96b9-5d89049aae33
[body] elements=['obstacles', 'house', 'food', 'water', 'medical_kit'] props=['prop_box_red', 'prop_house', 'prop_food_s1', 'prop_food_s2', 'prop_food_s3', 'prop_food_s4', 'prop_water_w1', 'prop_water_w2', 'prop_water_w3', 'prop_medical_m1', 'prop_medical_m2']
[body] actuator contract OK: nu=21
[body] step=0 pos=(0.00,0.00,1.30) moving=False events=0
[body] budget ms/obs: physics=0.3 vision=27.1 views=12.8 audio=0.0 send=11.0
[body] step=50 pos=(-0.98,0.03,0.09) moving=False events=0
[body] budget ms/obs: physics=10.6 vision=4.5 views=7.6 audio=0.0 send=101.4
[body] step=100 pos=(-0.99,0.04,0.09) moving=False events=0
[body] budget ms/obs: physics=9.9 vision=4.8 views=8.0 audio=0.0 send=113.7
[body] step=150 pos=(-0.99,0.03,0.09) moving=False events=0
[body] budget ms/obs: physics=9.1 vision=5.2 views=8.1 audio=0.0 send=105.5
[body] step=200 pos=(-0.99,0.03,0.09) moving=False events=0
[body] budget ms/obs: physics=9.0 vision=4.9 views=8.0 audio=0.0 send=110.6
[body] step=250 pos=(-0.99,0.04,0.10) moving=False events=0
[body] budget ms/obs: physics=10.5 vision=5.1 views=8.8 audio=0.0 send=154.3
[body] step=300 pos=(-1.01,-0.01,0.09) moving=False events=0
[body] budget ms/obs: physics=8.1 vision=4.6 views=7.8 audio=0.0 send=91.2
[body] step=350 pos=(-1.00,0.01,0.09) moving=False events=0
[body] budget ms/obs: physics=9.1 vision=4.9 views=7.9 audio=0.0 send=150.9
[body] step=400 pos=(-1.00,0.02,0.10) moving=False events=0
[body] budget ms/obs: physics=8.2 vision=4.8 views=7.7 audio=0.0 send=155.9
[body] step=450 pos=(-1.00,0.00,0.09) moving=False events=0
[body] budget ms/obs: physics=8.3 vision=4.6 views=7.8 audio=0.0 send=106.9
[body] step=500 pos=(-1.00,0.04,0.08) moving=False events=0
[body] budget ms/obs: physics=8.6 vision=4.7 views=7.9 audio=0.0 send=127.2
[body] step=550 pos=(-1.00,0.04,0.08) moving=False events=0
[body] budget ms/obs: physics=10.6 vision=4.8 views=7.8 audio=0.0 send=162.5
[body] step=600 pos=(-1.00,0.04,0.08) moving=False events=0
[body] budget ms/obs: physics=8.5 vision=4.8 views=7.9 audio=0.0 send=89.9
[body] step=650 pos=(-0.99,0.04,0.08) moving=False events=0
[body] budget ms/obs: physics=9.8 vision=4.8 views=8.1 audio=0.0 send=126.7
[body] step=700 pos=(-0.98,0.04,0.09) moving=False events=0
[body] budget ms/obs: physics=8.7 vision=4.8 views=8.0 audio=0.0 send=101.0
[body] step=750 pos=(-0.98,0.04,0.09) moving=False events=0
[body] budget ms/obs: physics=7.9 vision=4.7 views=7.8 audio=0.0 send=149.2
[body] step=800 pos=(-0.97,0.01,0.08) moving=False events=0
[body] budget ms/obs: physics=10.6 vision=4.6 views=7.8 audio=0.0 send=141.5
[body] step=850 pos=(-0.99,0.04,0.09) moving=False events=0
[body] budget ms/obs: physics=9.5 vision=4.7 views=8.0 audio=0.0 send=93.5
[body] step=900 pos=(-0.99,0.05,0.09) moving=False events=0
[body] budget ms/obs: physics=12.0 vision=5.0 views=7.9 audio=0.0 send=139.0
[body] step=950 pos=(-1.00,0.07,0.09) moving=False events=0
[body] budget ms/obs: physics=10.0 vision=5.2 views=8.2 audio=0.0 send=122.4
[body] step=1000 pos=(-1.00,0.12,0.10) moving=False events=0
[body] budget ms/obs: physics=10.8 vision=5.3 views=8.4 audio=0.0 send=130.8
[body] step=1050 pos=(-0.98,0.14,0.09) moving=False events=0
[body] budget ms/obs: physics=12.7 vision=5.3 views=8.3 audio=0.0 send=121.9
[body] step=1100 pos=(-0.97,0.17,0.09) moving=False events=0
[body] budget ms/obs: physics=10.0 vision=5.5 views=8.1 audio=0.0 send=176.1
[body] step=1150 pos=(-0.93,0.19,0.11) moving=False events=0
[body] budget ms/obs: physics=9.4 vision=5.3 views=7.9 audio=0.0 send=108.7
[body] step=1200 pos=(-0.92,0.18,0.09) moving=False events=0
[body] budget ms/obs: physics=11.3 vision=5.5 views=8.6 audio=0.0 send=120.5
[body] step=1250 pos=(-0.95,0.16,0.08) moving=False events=0
[body] budget ms/obs: physics=10.7 vision=5.5 views=8.5 audio=0.0 send=151.7
[body] step=1300 pos=(-0.95,0.13,0.09) moving=False events=0
[body] budget ms/obs: physics=12.3 vision=5.5 views=8.1 audio=0.0 send=143.1
[body] step=1350 pos=(-0.95,0.08,0.09) moving=False events=0
[body] budget ms/obs: physics=12.0 vision=5.6 views=8.7 audio=0.0 send=117.5
[body] step=1400 pos=(-0.93,0.09,0.09) moving=False events=0
[body] budget ms/obs: physics=11.6 vision=5.4 views=8.3 audio=0.0 send=119.1
[body] step=1450 pos=(-0.94,0.08,0.09) moving=False events=0
[body] budget ms/obs: physics=11.5 vision=5.2 views=8.1 audio=0.0 send=149.0
[body] step=1500 pos=(-0.94,0.09,0.09) moving=False events=0
[body] budget ms/obs: physics=10.5 vision=5.2 views=7.8 audio=0.0 send=145.4
[body] step=1550 pos=(-0.95,0.08,0.09) moving=False events=0
[body] budget ms/obs: physics=13.8 vision=5.1 views=8.3 audio=0.0 send=100.4
[body] step=1600 pos=(-0.94,0.11,0.10) moving=False events=0
[body] budget ms/obs: physics=10.4 vision=5.3 views=8.6 audio=0.0 send=107.5
[body] step=1650 pos=(-0.92,0.13,0.14) moving=False events=0
[body] budget ms/obs: physics=10.2 vision=5.5 views=8.8 audio=0.0 send=161.7
[body] step=1700 pos=(-0.89,0.13,0.11) moving=False events=0
[body] budget ms/obs: physics=9.5 vision=5.3 views=8.9 audio=0.0 send=106.8
[body] step=1750 pos=(-0.75,0.12,0.10) moving=False events=0
[body] budget ms/obs: physics=10.9 vision=5.0 views=8.2 audio=0.0 send=129.0
[body] step=1800 pos=(-0.75,0.10,0.09) moving=False events=0
[body] budget ms/obs: physics=10.9 vision=4.8 views=8.4 audio=0.0 send=110.8
[body] step=1850 pos=(-0.76,0.07,0.10) moving=False events=0
[body] budget ms/obs: physics=9.8 vision=5.2 views=7.7 audio=0.0 send=125.8
[body] step=1900 pos=(-0.70,0.12,0.13) moving=False events=0
[body] budget ms/obs: physics=11.7 vision=5.1 views=8.3 audio=0.0 send=130.7
[body] step=1950 pos=(-0.64,0.13,0.13) moving=False events=0
[body] budget ms/obs: physics=10.8 vision=5.2 views=8.6 audio=0.0 send=114.3
[body] step=2000 pos=(-0.67,0.11,0.10) moving=False events=0
[body] budget ms/obs: physics=12.5 vision=5.5 views=8.4 audio=0.0 send=173.6
[body] step=2050 pos=(-0.65,0.07,0.13) moving=False events=0
[body] budget ms/obs: physics=12.7 vision=5.5 views=8.7 audio=0.0 send=150.6
[body] step=2100 pos=(-0.53,0.18,0.13) moving=True events=1
[body] budget ms/obs: physics=11.0 vision=5.0 views=8.5 audio=0.0 send=122.2
[body] step=2150 pos=(-0.54,0.20,0.14) moving=False events=0
[body] budget ms/obs: physics=11.4 vision=5.3 views=8.7 audio=0.0 send=151.8
[body] step=2200 pos=(-0.61,0.14,0.14) moving=False events=0
[body] budget ms/obs: physics=10.9 vision=5.0 views=8.4 audio=0.0 send=138.1
[body] step=2250 pos=(-0.60,0.15,0.14) moving=False events=0
[body] budget ms/obs: physics=10.2 vision=5.1 views=8.5 audio=0.0 send=118.8
[body] step=2300 pos=(-0.56,0.16,0.09) moving=False events=0
[body] budget ms/obs: physics=10.3 vision=5.1 views=8.4 audio=0.0 send=126.1
[body] step=2350 pos=(-0.55,0.15,0.09) moving=False events=0
[body] budget ms/obs: physics=12.8 vision=5.2 views=8.5 audio=0.0 send=193.8
[body] step=2400 pos=(-0.53,0.16,0.09) moving=False events=0
[body] budget ms/obs: physics=10.1 vision=5.1 views=8.5 audio=0.0 send=118.8
[body] step=2450 pos=(-0.55,0.07,0.14) moving=False events=0
[body] budget ms/obs: physics=10.9 vision=5.1 views=8.4 audio=0.0 send=97.8
