[body] agent_id=1eff251a-55f8-438c-b4cb-fab827e9829b
[body] elements=['obstacles', 'house', 'food', 'water', 'medical_kit'] props=['prop_box_red', 'prop_house', 'prop_food_s1', 'prop_food_s2', 'prop_food_s3', 'prop_food_s4', 'prop_water_w1', 'prop_water_w2', 'prop_water_w3', 'prop_medical_m1', 'prop_medical_m2']
[body] actuator contract OK: nu=21
[body] step=0 pos=(0.00,0.00,1.30) moving=False events=0
[body] budget ms/obs: physics=0.3 vision=32.6 views=11.1 audio=0.0 send=11.1
[body] step=50 pos=(-0.97,0.08,0.11) moving=False events=0
[body] budget ms/obs: physics=7.9 vision=4.9 views=7.8 audio=0.0 send=100.5
[body] step=100 pos=(-0.97,0.07,0.10) moving=False events=0
[body] budget ms/obs: physics=9.7 vision=4.7 views=7.9 audio=0.0 send=251.4
[body] step=150 pos=(-0.97,0.06,0.10) moving=False events=0
[body] budget ms/obs: physics=9.0 vision=4.8 views=7.6 audio=0.0 send=264.5
[body] step=200 pos=(-0.97,0.05,0.11) moving=False events=0
[body] budget ms/obs: physics=8.8 vision=4.8 views=8.2 audio=0.0 send=230.6
[body] step=250 pos=(-0.98,0.04,0.11) moving=False events=0
[body] budget ms/obs: physics=9.8 vision=4.8 views=7.8 audio=0.0 send=239.5
[body] step=300 pos=(-0.98,0.02,0.10) moving=False events=0
[body] budget ms/obs: physics=8.7 vision=4.6 views=8.0 audio=0.0 send=250.4
[body] step=350 pos=(-0.98,0.02,0.10) moving=False events=0
[body] budget ms/obs: physics=7.5 vision=4.4 views=7.3 audio=0.0 send=190.8
[body] step=400 pos=(-0.98,0.01,0.10) moving=False events=0
[body] budget ms/obs: physics=8.1 vision=4.3 views=7.4 audio=0.0 send=191.9
[body] step=450 pos=(-0.99,-0.00,0.09) moving=False events=0
[body] budget ms/obs: physics=8.3 vision=4.3 views=7.5 audio=0.0 send=219.9
