[body] agent_id=dea9c2ee-140a-416b-bd3d-821b727a9069
[body] elements=['obstacles', 'house', 'food', 'water', 'medical_kit'] props=['prop_box_red', 'prop_house', 'prop_food_s1', 'prop_food_s2', 'prop_food_s3', 'prop_food_s4', 'prop_water_w1', 'prop_water_w2', 'prop_water_w3', 'prop_medical_m1', 'prop_medical_m2']
[body] actuator contract OK: nu=21
[body] step=0 pos=(0.00,0.00,1.30) moving=False events=0
[body] budget ms/obs: physics=0.3 vision=24.3 views=11.0 audio=0.0 send=11.0
[body] step=50 pos=(-0.97,0.01,0.08) moving=False events=0
[body] budget ms/obs: physics=8.0 vision=4.3 views=7.5 audio=0.0 send=144.5
[body] step=100 pos=(-0.97,0.02,0.08) moving=False events=0
[body] budget ms/obs: physics=8.6 vision=4.3 views=7.3 audio=0.0 send=199.1
[body] step=150 pos=(-0.97,0.03,0.09) moving=False events=0
[body] budget ms/obs: physics=8.0 vision=4.5 views=7.6 audio=0.0 send=246.9
[body] step=200 pos=(-0.97,0.03,0.09) moving=False events=0
[body] budget ms/obs: physics=8.4 vision=4.4 views=7.5 audio=0.0 send=245.7
[body] step=250 pos=(-0.98,0.03,0.09) moving=False events=0
[body] budget ms/obs: physics=9.6 vision=4.7 views=7.8 audio=0.0 send=217.2
[body] step=300 pos=(-0.98,0.03,0.09) moving=False events=0
[body] budget ms/obs: physics=9.7 vision=4.4 views=7.7 audio=0.0 send=267.4
[body] step=350 pos=(-0.98,0.02,0.09) moving=False events=0
[body] budget ms/obs: physics=8.2 vision=4.4 views=7.7 audio=0.0 send=186.0
[body] step=400 pos=(-0.99,0.03,0.09) moving=False events=0
[body] budget ms/obs: physics=8.0 vision=4.3 views=7.6 audio=0.0 send=194.6
