{"agent_id": "89028214-228d-4c07-88b7-7121047dfa16"}
{"recv": 0, "action": {"type": "motor", "parameters": {"ctrl": [-0.0058, 0.00488, -0.02429, 0.02209, -0.01154, 0.01819, 0.02637, -0.04175, -0.00206, 0.02087, -0.02588, 0.03882, 0.05298, 0.0282, 0.02612, 0.00632, 0.03125, 0.00123, -0.00885, 0.03369, -0.01941], "joint_pe": [], "assist_gain": 0.0, "direction": [-0.034423828125, -0.00836181640625, -0.012939453125], "speed": 1.015625, "risk": 0.5061337351799011, "babble_sigma": 0.0, "curriculum_mode": "legacy", "reservoirs": {"hydration": 1.0, "energy": 1.0, "integrity": 1.0}}}}
{"recv": 5000, "action": {"type": "motor", "parameters": {"ctrl": [1.0, 1.0, -1.0, -0.98157, 0.94453, 0.98826, 0.77705, -0.99178, 0.93966, -0.97348, -0.92981, -0.89636, -1.0, 0.89268, -1.0, -1.0, 1.0, -0.85462, 0.94828, 1.0, 0.9978], "joint_pe": [0.00974, 0.002393, 0.004477, 0.002394, 0.001588, 0.0, 0.000153, 0.001984, 0.009124, 0.002213, 0.000887, 0.016596, 0.003442, 0.001523, 0.001989, 0.024511, 0.000347, 0.003037, 0.003136, 0.000381, 0.00182], "assist_gain": 0.0, "direction": [-0.30078125, 0.007354736328125, 0.193359375], "speed": 1.25, "risk": 0.5717666149139404, "babble_sigma": 0.08396, "curriculum_mode": "legacy", "reservoirs": {"hydration": 0.9975, "energy": 0.9996, "integrity": 0.7893}}}}
{"sent": 5000, "received": 5010}
{"recv": 10000, "action": {"type": "motor", "parameters": {"ctrl": [-1.0, 0.99164, 0.90171, -1.0, 0.96748, -1.0, -0.83378, -1.0, -1.0, 0.99876, -0.81685, -0.66727, 0.94801, 1.0, 0.73728, 0.92272, -0.69096, 0.93889, -0.88287, 0.86459, 0.67679], "joint_pe": [0.000238, 0.010645, 0.001602, 0.005548, 0.016261, 0.014857, 7.3e-05, 0.000755, 0.000424, 0.002328, 0.002548, 0.001669, 0.009437, 0.004721, 0.001381, 0.021263, 0.00058, 0.010113, 0.003393, 0.008566, 8.3e-05], "assist_gain": 0.0, "direction": [-0.462890625, 0.396484375, 0.296875], "speed": 1.09375, "risk": 0.5302364826202393, "babble_sigma": 0.05913, "curriculum_mode": "legacy", "reservoirs": {"hydration": 0.995, "energy": 0.9993, "integrity": 0.791}}}}
{"sent": 10000, "received": 10011}
{"recv": 15000, "action": {"type": "motor", "parameters": {"ctrl": [0.9743, 1.0, 0.95399, -0.97962, 1.0, 1.0, -0.96656, 0.94293, 0.94002, 1.0, -0.91453, -0.99432, -1.0, -1.0, 0.91321, 0.97393, -0.94408, 0.95211, 1.0, 1.0, 0.99978], "joint_pe": [0.002401, 0.001119, 0.001446, 0.000498, 0.000232, 0.005896, 0.007903, 0.001347, 0.006433, 0.004976, 0.014267, 0.008643, 0.004001, 5e-06, 0.001266, 0.002077, 0.000125, 0.004768, 0.001954, 8.8e-05, 0.000226], "assist_gain": 0.0, "direction": [-0.61328125, 0.361328125, 0.1630859375], "speed": 1.203125, "risk": 0.48267295956611633, "babble_sigma": 0.05406, "curriculum_mode": "legacy", "reservoirs": {"hydration": 0.9925, "energy": 0.9989, "integrity": 0.7928}}}}
{"sent": 15000, "received": 15006}
{"sent": 20000, "received": 19805}
{"recv": 20000, "action": {"type": "motor", "parameters": {"ctrl": [-0.85541, 1.0, 1.0, -0.98541, 0.95165, -1.0, 0.97574, -0.92266, 0.93829, -0.81428, -1.0, -0.94321, 1.0, 0.33054, 0.97955, -0.23679, -0.17238, -1.0, 0.92464, 1.0, -1.0], "joint_pe": [0.002363, 0.00012, 0.003807, 0.000554, 0.005857, 0.01877, 0.003768, 2e-06, 0.000252, 0.000129, 0.000425, 0.005085, 0.003804, 0.004592, 0.007931, 0.002675, 0.007978, 0.001844, 0.006131, 0.001334, 0.009402], "assist_gain": 0.0, "direction": [-0.0810546875, 0.1591796875, -0.314453125], "speed": 1.1953125, "risk": 0.6486889719963074, "babble_sigma": 0.05, "curriculum_mode": "legacy", "reservoirs": {"hydration": 0.9898, "energy": 0.9985, "integrity": 0.7946}}}}
{"reconnect": 1, "after_sent": 21295, "reason": "received 1011 (internal error) keepalive ping timeout; then sent 1011 (internal error) keepalive ping timeout"}
{"reconnect": 2, "after_sent": 21953, "reason": "received 1011 (internal error) keepalive ping timeout; then sent 1011 (internal error) keepalive ping timeout"}
{"reconnect": 3, "after_sent": 22626, "reason": "received 1011 (internal error) keepalive ping timeout; then sent 1011 (internal error) keepalive ping timeout"}
{"reconnect": 4, "after_sent": 23261, "reason": "received 1011 (internal error) keepalive ping timeout; then sent 1011 (internal error) keepalive ping timeout"}
{"reconnect": 5, "after_sent": 23904, "reason": "received 1011 (internal error) keepalive ping timeout; then sent 1011 (internal error) keepalive ping timeout"}
{"reconnect": 6, "after_sent": 24534, "reason": "received 1011 (internal error) keepalive ping timeout; then sent 1011 (internal error) keepalive ping timeout"}
{"sent": 25000, "received": 22369}
{"reconnect": 7, "after_sent": 25545, "reason": "received 1011 (internal error) keepalive ping timeout; then sent 1011 (internal error) keepalive ping timeout"}
{"reconnect": 8, "after_sent": 26444, "reason": "received 1011 (internal error) keepalive ping timeout; then sent 1011 (internal error) keepalive ping timeout"}
{"reconnect": 9, "after_sent": 27511, "reason": "received 1011 (internal error) keepalive ping timeout; then sent 1011 (internal error) keepalive ping timeout"}
{"reconnect": 10, "after_sent": 28135, "reason": "received 1011 (internal error) keepalive ping timeout; then sent 1011 (internal error) keepalive ping timeout"}
{"reconnect": 11, "after_sent": 29338, "reason": "received 1011 (internal error) keepalive ping timeout; then sent 1011 (internal error) keepalive ping timeout"}
{"sent": 30000, "received": 24796}
{"reconnect": 12, "after_sent": 30159, "reason": "received 1011 (internal error) keepalive ping timeout; then sent 1011 (internal error) keepalive ping timeout"}
{"recv": 25000, "action": {"type": "motor", "parameters": {"ctrl": [-0.92462, 0.27809, 1.0, -0.46642, 0.89966, -0.20678, 0.28718, -0.85411, 0.69805, 0.4535, 0.54794, -0.47009, -0.34603, 1.0, 0.27293, 1.0, -0.69178, 0.7543, -0.63368, -0.38659, 0.28433], "joint_pe": [0.002818, 0.017391, 7.8e-05, 0.033302, 0.00115, 0.00375, 0.049415, 0.001205, 0.000616, 0.013759, 0.013265, 0.008019, 0.022745, 0.009918, 0.041606, 0.022189, 2e-06, 0.000729, 0.002327, 0.012571, 0.052706], "assist_gain": 0.0, "direction": [-0.30859375, 0.00909423828125, 0.236328125], "speed": 0.84375, "risk": 0.47183164954185486, "babble_sigma": 0.14045, "curriculum_mode": "legacy", "reservoirs": {"hydration": 0.984, "energy": 0.9977, "integrity": 0.7984}}}}
{"reconnect": 13, "after_sent": 31019, "reason": "received 1011 (internal error) keepalive ping timeout; then sent 1011 (internal error) keepalive ping timeout"}
