[body] agent_id=54fc83a8-df4d-46d9-940e-a5dcab25fba3
[body] elements=['obstacles', 'house', 'food', 'water', 'medical_kit'] props=['prop_box_red', 'prop_house', 'prop_food_s1', 'prop_food_s2', 'prop_food_s3', 'prop_food_s4', 'prop_water_w1', 'prop_water_w2', 'prop_water_w3', 'prop_medical_m1', 'prop_medical_m2']
[body] actuator contract OK: nu=21
[body] step=0 pos=(0.00,0.00,1.30) moving=False events=0
[body] budget ms/obs: physics=0.3 vision=25.4 views=17.2 audio=0.0 send=12.9
[body] step=50 pos=(-0.97,-0.04,0.08) moving=False events=0
[body] budget ms/obs: physics=8.0 vision=4.7 views=8.3 audio=0.0 send=83.9
[body] step=100 pos=(-0.97,-0.03,0.09) moving=False events=0
[body] budget ms/obs: physics=7.8 vision=4.7 views=8.1 audio=0.0 send=128.1
[body] step=150 pos=(-0.97,-0.03,0.09) moving=False events=0
[body] budget ms/obs: physics=8.4 vision=4.9 views=8.5 audio=0.0 send=116.9
[body] step=200 pos=(-0.97,-0.03,0.09) moving=False events=0
[body] budget ms/obs: physics=8.4 vision=4.8 views=8.4 audio=0.0 send=168.8
[body] step=250 pos=(-0.97,-0.00,0.09) moving=False events=0
[body] budget ms/obs: physics=9.7 vision=5.2 views=8.2 audio=0.0 send=129.3
[body] step=300 pos=(-0.96,-0.08,0.09) moving=False events=0
[body] budget ms/obs: physics=8.6 vision=5.0 views=8.2 audio=0.0 send=114.6
[body] step=350 pos=(-0.96,-0.09,0.08) moving=False events=0
[body] budget ms/obs: physics=9.8 vision=5.1 views=7.9 audio=0.0 send=171.6
[body] step=400 pos=(-0.95,-0.10,0.09) moving=False events=0
[body] budget ms/obs: physics=9.2 vision=5.2 views=8.0 audio=0.0 send=129.2
[body] step=450 pos=(-0.95,-0.10,0.09) moving=False events=0
[body] budget ms/obs: physics=8.6 vision=5.0 views=8.4 audio=0.0 send=104.3
[body] step=500 pos=(-0.96,-0.05,0.09) moving=False events=0
[body] budget ms/obs: physics=10.4 vision=5.0 views=8.6 audio=0.0 send=133.0
[body] step=550 pos=(-0.95,-0.07,0.09) moving=False events=0
[body] budget ms/obs: physics=9.4 vision=4.9 views=8.2 audio=0.0 send=160.0
[body] step=600 pos=(-0.97,-0.04,0.09) moving=False events=0
[body] budget ms/obs: physics=9.2 vision=4.9 views=8.3 audio=0.0 send=119.8
[body] step=650 pos=(-0.98,-0.03,0.09) moving=False events=0
[body] budget ms/obs: physics=9.5 vision=4.7 views=8.3 audio=0.0 send=121.6
[body] step=700 pos=(-0.97,-0.01,0.09) moving=False events=0
[body] budget ms/obs: physics=11.7 vision=4.8 views=8.5 audio=0.0 send=150.2
[body] step=750 pos=(-1.00,-0.02,0.08) moving=False events=0
[body] budget ms/obs: physics=10.0 vision=4.9 views=8.7 audio=0.0 send=156.0
[body] step=800 pos=(-1.03,-0.07,0.09) moving=False events=0
[body] budget ms/obs: physics=9.4 vision=4.9 views=8.3 audio=0.0 send=135.1
[body] step=850 pos=(-1.04,-0.09,0.08) moving=False events=0
[body] budget ms/obs: physics=11.0 vision=5.3 views=9.0 audio=0.0 send=131.5
[body] step=900 pos=(-1.03,-0.15,0.08) moving=False events=0
[body] budget ms/obs: physics=10.1 vision=5.4 views=8.7 audio=0.0 send=169.1
[body] step=950 pos=(-1.06,-0.14,0.08) moving=False events=0
[body] budget ms/obs: physics=9.3 vision=5.3 views=9.0 audio=0.0 send=138.8
[body] step=1000 pos=(-1.06,-0.13,0.08) moving=False events=0
[body] budget ms/obs: physics=8.8 vision=5.3 views=8.8 audio=0.0 send=120.3
[body] step=1050 pos=(-1.08,-0.12,0.09) moving=False events=0
[body] budget ms/obs: physics=11.3 vision=5.3 views=8.7 audio=0.0 send=148.3
[body] step=1100 pos=(-1.09,-0.12,0.09) moving=False events=0
[body] budget ms/obs: physics=9.6 vision=5.2 views=8.7 audio=0.0 send=148.5
[body] step=1150 pos=(-1.07,-0.20,0.10) moving=False events=0
[body] budget ms/obs: physics=10.9 vision=5.4 views=8.6 audio=0.0 send=125.6
[body] step=1200 pos=(-1.10,-0.20,0.11) moving=False events=1
[body] budget ms/obs: physics=12.0 vision=5.6 views=9.2 audio=0.0 send=112.8
[body] step=1250 pos=(-1.12,-0.21,0.11) moving=False events=0
[body] budget ms/obs: physics=11.6 vision=5.4 views=8.9 audio=0.0 send=190.4
[body] step=1300 pos=(-1.13,-0.20,0.12) moving=False events=0
[body] budget ms/obs: physics=11.6 vision=5.8 views=9.0 audio=0.0 send=147.1
[body] step=1350 pos=(-1.12,-0.20,0.15) moving=False events=0
[body] budget ms/obs: physics=10.0 vision=5.3 views=8.7 audio=0.0 send=107.6
[body] step=1400 pos=(-1.11,-0.21,0.14) moving=False events=0
[body] budget ms/obs: physics=13.0 vision=5.1 views=8.9 audio=0.0 send=164.3
[body] step=1450 pos=(-1.14,-0.24,0.13) moving=False events=0
[body] budget ms/obs: physics=12.0 vision=5.3 views=9.2 audio=0.0 send=159.7
[body] step=1500 pos=(-1.13,-0.25,0.11) moving=False events=0
[body] budget ms/obs: physics=12.7 vision=5.4 views=8.6 audio=0.0 send=115.4
[body] step=1550 pos=(-1.10,-0.24,0.11) moving=False events=0
[body] budget ms/obs: physics=11.4 vision=5.6 views=8.8 audio=0.0 send=136.5
[body] step=1600 pos=(-1.14,-0.26,0.13) moving=False events=0
[body] budget ms/obs: physics=13.0 vision=5.7 views=8.8 audio=0.0 send=157.9
[body] step=1650 pos=(-1.17,-0.27,0.12) moving=True events=0
[body] budget ms/obs: physics=10.8 vision=5.4 views=8.9 audio=0.0 send=123.8
[body] step=1700 pos=(-1.21,-0.30,0.11) moving=False events=0
[body] budget ms/obs: physics=10.9 vision=5.5 views=8.6 audio=0.0 send=140.1
[body] step=1750 pos=(-1.21,-0.30,0.11) moving=False events=0
[body] budget ms/obs: physics=12.7 vision=5.5 views=8.5 audio=0.0 send=136.1
[body] step=1800 pos=(-1.25,-0.31,0.11) moving=False events=0
[body] budget ms/obs: physics=11.7 vision=5.4 views=8.5 audio=0.0 send=142.1
[body] step=1850 pos=(-1.24,-0.30,0.11) moving=False events=0
[body] budget ms/obs: physics=11.8 vision=5.6 views=8.5 audio=0.0 send=123.1
[body] step=1900 pos=(-1.26,-0.31,0.11) moving=False events=0
[body] budget ms/obs: physics=11.8 vision=5.6 views=9.1 audio=0.0 send=139.8
[body] step=1950 pos=(-1.29,-0.33,0.11) moving=False events=0
[body] budget ms/obs: physics=12.4 vision=5.5 views=8.6 audio=0.0 send=183.6
[body] step=2000 pos=(-1.31,-0.33,0.10) moving=False events=0
[body] budget ms/obs: physics=9.8 vision=5.5 views=8.5 audio=0.0 send=128.1
[body] step=2050 pos=(-1.30,-0.33,0.10) moving=False events=0
[body] budget ms/obs: physics=9.9 vision=5.7 views=9.2 audio=0.0 send=142.0
[body] step=2100 pos=(-1.29,-0.32,0.10) moving=False events=0
[body] budget ms/obs: physics=9.9 vision=5.5 views=8.8 audio=0.0 send=184.0
[body] step=2150 pos=(-1.29,-0.32,0.10) moving=False events=0
[body] budget ms/obs: physics=9.9 vision=5.7 views=9.2 audio=0.0 send=144.4
[body] step=2200 pos=(-1.30,-0.32,0.10) moving=False events=0
[body] budget ms/obs: physics=9.8 vision=5.8 views=8.8 audio=0.0 send=135.9
[body] step=2250 pos=(-1.29,-0.32,0.10) moving=False events=0
[body] budget ms/obs: physics=12.2 vision=5.6 views=8.8 audio=0.0 send=154.9
[body] step=2300 pos=(-1.29,-0.32,0.10) moving=False events=0
[body] budget ms/obs: physics=9.7 vision=5.8 views=8.8 audio=0.0 send=171.7
[body] step=2350 pos=(-1.29,-0.32,0.10) moving=False events=0
[body] budget ms/obs: physics=10.8 vision=6.0 views=8.7 audio=0.0 send=126.5
