[body] agent_id=4e1b2c38-3fe6-4fed-84d9-c25ccc986fe6
[body] elements=['obstacles', 'house', 'food', 'water', 'medical_kit'] props=['prop_box_red', 'prop_house', 'prop_food_s1', 'prop_food_s2', 'prop_food_s3', 'prop_food_s4', 'prop_water_w1', 'prop_water_w2', 'prop_water_w3', 'prop_medical_m1', 'prop_medical_m2']
[body] actuator contract OK: nu=21
[body] step=0 pos=(0.00,0.00,1.30) moving=False events=0
[body] budget ms/obs: physics=0.3 vision=25.2 views=13.4 audio=0.0 send=11.2
[body] step=50 pos=(-0.98,-0.00,0.09) moving=True events=0
[body] budget ms/obs: physics=6.8 vision=4.2 views=6.9 audio=0.0 send=40.5
[body] step=100 pos=(-0.98,-0.02,0.09) moving=False events=0
[body] budget ms/obs: physics=8.8 vision=4.9 views=7.4 audio=0.0 send=84.6
[body] step=150 pos=(-0.98,-0.02,0.09) moving=False events=0
[body] budget ms/obs: physics=8.2 vision=4.6 views=7.3 audio=0.0 send=71.8
[body] step=200 pos=(-0.98,-0.02,0.10) moving=False events=0
[body] budget ms/obs: physics=11.3 vision=4.7 views=7.2 audio=0.0 send=94.3
[body] step=250 pos=(-0.97,-0.02,0.10) moving=False events=0
[body] budget ms/obs: physics=9.3 vision=4.5 views=7.1 audio=0.0 send=125.3
[body] step=300 pos=(-0.98,-0.03,0.09) moving=False events=0
[body] budget ms/obs: physics=10.4 vision=4.4 views=7.2 audio=0.0 send=68.5
[body] step=350 pos=(-0.98,-0.03,0.09) moving=False events=0
[body] budget ms/obs: physics=7.8 vision=4.7 views=7.2 audio=0.0 send=62.0
[body] step=400 pos=(-0.97,-0.03,0.10) moving=False events=0
[body] budget ms/obs: physics=9.4 vision=4.5 views=7.4 audio=0.0 send=71.7
[body] step=450 pos=(-0.95,-0.02,0.11) moving=False events=0
[body] budget ms/obs: physics=9.8 vision=4.9 views=6.9 audio=0.0 send=97.1
[body] step=500 pos=(-0.92,-0.05,0.13) moving=False events=0
[body] budget ms/obs: physics=9.4 vision=4.6 views=6.8 audio=0.0 send=78.5
[body] step=550 pos=(-0.93,-0.03,0.13) moving=False events=0
[body] budget ms/obs: physics=10.8 vision=4.7 views=7.2 audio=0.0 send=73.2
[body] step=600 pos=(-0.92,-0.03,0.13) moving=False events=0
[body] budget ms/obs: physics=10.9 vision=5.0 views=7.8 audio=0.0 send=79.4
[body] step=650 pos=(-0.92,-0.02,0.13) moving=False events=0
[body] budget ms/obs: physics=11.3 vision=5.1 views=7.6 audio=0.0 send=102.8
[body] step=700 pos=(-0.93,-0.05,0.13) moving=False events=0
[body] budget ms/obs: physics=9.6 vision=4.7 views=7.2 audio=0.0 send=83.6
[body] step=750 pos=(-0.93,-0.05,0.12) moving=False events=0
[body] budget ms/obs: physics=9.1 vision=4.9 views=7.2 audio=0.0 send=75.8
[body] step=800 pos=(-0.93,-0.05,0.12) moving=False events=0
[body] budget ms/obs: physics=8.4 vision=4.7 views=7.2 audio=0.0 send=68.3
