[body] agent_id=64c71d8c-4717-4854-9617-934bfd3991dc
[body] elements=['obstacles', 'house', 'food', 'water', 'medical_kit'] props=['prop_box_red', 'prop_house', 'prop_food_s1', 'prop_food_s2', 'prop_food_s3', 'prop_food_s4', 'prop_water_w1', 'prop_water_w2', 'prop_water_w3', 'prop_medical_m1', 'prop_medical_m2']
[body] actuator contract OK: nu=21
[body] step=0 pos=(0.00,0.00,1.30) moving=False events=0
[body] budget ms/obs: physics=0.3 vision=25.6 views=12.9 audio=0.0 send=11.2
[body] step=50 pos=(-1.02,0.05,0.09) moving=False events=0
[body] budget ms/obs: physics=6.8 vision=4.6 views=7.7 audio=0.0 send=63.2
[body] step=100 pos=(-1.03,0.01,0.08) moving=False events=0
[body] budget ms/obs: physics=7.3 vision=5.1 views=8.3 audio=0.0 send=126.3
[body] step=150 pos=(-1.04,0.03,0.08) moving=False events=0
[body] budget ms/obs: physics=8.0 vision=5.1 views=8.8 audio=0.0 send=161.1
[body] step=200 pos=(-1.04,0.02,0.09) moving=False events=0
[body] budget ms/obs: physics=6.9 vision=4.5 views=7.9 audio=0.0 send=165.3
[body] step=250 pos=(-1.04,0.02,0.09) moving=False events=0
[body] budget ms/obs: physics=9.4 vision=4.8 views=8.2 audio=0.0 send=150.0
[body] step=300 pos=(-1.03,0.05,0.09) moving=False events=0
[body] budget ms/obs: physics=8.6 vision=4.8 views=8.0 audio=0.0 send=119.7
[body] step=350 pos=(-1.04,0.02,0.09) moving=False events=0
[body] budget ms/obs: physics=9.5 vision=4.6 views=8.2 audio=0.0 send=203.6
[body] step=400 pos=(-1.03,0.00,0.10) moving=False events=0
[body] budget ms/obs: physics=8.8 vision=4.8 views=8.4 audio=0.0 send=128.2
[body] step=450 pos=(-1.07,0.08,0.09) moving=False events=0
[body] budget ms/obs: physics=9.8 vision=5.1 views=8.7 audio=0.0 send=134.5
[body] step=500 pos=(-1.07,0.09,0.09) moving=False events=0
[body] budget ms/obs: physics=8.0 vision=5.0 views=8.5 audio=0.0 send=162.9
[body] step=550 pos=(-1.08,0.10,0.09) moving=False events=0
[body] budget ms/obs: physics=8.1 vision=5.2 views=8.3 audio=0.0 send=142.8
[body] step=600 pos=(-1.08,0.08,0.09) moving=False events=0
[body] budget ms/obs: physics=7.8 vision=5.0 views=8.2 audio=0.0 send=122.9
[body] step=650 pos=(-1.09,0.08,0.09) moving=False events=0
[body] budget ms/obs: physics=9.2 vision=4.9 views=8.4 audio=0.0 send=110.8
[body] step=700 pos=(-1.08,0.09,0.09) moving=False events=0
[body] budget ms/obs: physics=10.5 vision=5.1 views=8.2 audio=0.0 send=186.5
[body] step=750 pos=(-1.09,0.08,0.09) moving=False events=0
[body] budget ms/obs: physics=9.1 vision=5.2 views=8.6 audio=0.0 send=125.8
[body] step=800 pos=(-1.09,0.08,0.09) moving=False events=0
[body] budget ms/obs: physics=9.7 vision=5.0 views=8.2 audio=0.0 send=117.2
[body] step=850 pos=(-1.09,0.06,0.10) moving=False events=0
[body] budget ms/obs: physics=13.1 vision=5.1 views=8.3 audio=0.0 send=155.8
[body] step=900 pos=(-1.06,0.03,0.11) moving=False events=0
[body] budget ms/obs: physics=9.4 vision=5.1 views=8.4 audio=0.0 send=136.0
[body] step=950 pos=(-1.05,0.01,0.10) moving=False events=0
[body] budget ms/obs: physics=10.5 vision=5.2 views=8.3 audio=0.0 send=127.5
[body] step=1000 pos=(-1.06,-0.10,0.10) moving=False events=0
[body] budget ms/obs: physics=10.5 vision=5.1 views=8.1 audio=0.0 send=146.9
[body] step=1050 pos=(-1.07,-0.18,0.09) moving=False events=0
[body] budget ms/obs: physics=9.7 vision=5.1 views=8.5 audio=0.0 send=150.6
[body] step=1100 pos=(-1.19,-0.33,0.15) moving=False events=0
[body] budget ms/obs: physics=11.0 vision=4.9 views=8.2 audio=0.0 send=153.2
[body] step=1150 pos=(-1.25,-0.32,0.17) moving=False events=0
[body] budget ms/obs: physics=11.1 vision=4.9 views=8.5 audio=0.0 send=137.1
[body] step=1200 pos=(-1.25,-0.31,0.16) moving=False events=0
[body] budget ms/obs: physics=9.8 vision=5.1 views=8.4 audio=0.0 send=150.6
[body] step=1250 pos=(-1.28,-0.32,0.19) moving=False events=0
[body] budget ms/obs: physics=9.6 vision=5.1 views=8.3 audio=0.0 send=173.9
[body] step=1300 pos=(-1.31,-0.32,0.20) moving=False events=0
[body] budget ms/obs: physics=9.8 vision=5.0 views=8.6 audio=0.0 send=104.1
[body] step=1350 pos=(-1.28,-0.31,0.19) moving=False events=0
[body] budget ms/obs: physics=9.3 vision=5.0 views=8.5 audio=0.0 send=140.8
[body] step=1400 pos=(-1.28,-0.34,0.21) moving=False events=0
[body] budget ms/obs: physics=9.8 vision=4.9 views=8.6 audio=0.0 send=146.7
[body] step=1450 pos=(-1.17,-0.33,0.20) moving=False events=0
[body] budget ms/obs: physics=10.8 vision=5.3 views=9.4 audio=0.0 send=151.1
[body] step=1500 pos=(-1.21,-0.35,0.20) moving=False events=0
[body] budget ms/obs: physics=9.3 vision=5.2 views=8.3 audio=0.0 send=116.4
[body] step=1550 pos=(-1.25,-0.36,0.21) moving=False events=0
[body] budget ms/obs: physics=10.4 vision=5.4 views=9.1 audio=0.0 send=165.2
[body] step=1600 pos=(-1.21,-0.36,0.21) moving=False events=0
[body] budget ms/obs: physics=9.8 vision=5.0 views=8.8 audio=0.0 send=145.8
[body] step=1650 pos=(-1.17,-0.37,0.21) moving=False events=0
[body] budget ms/obs: physics=9.9 vision=5.2 views=8.7 audio=0.0 send=102.0
[body] step=1700 pos=(-1.09,-0.39,0.21) moving=False events=0
[body] budget ms/obs: physics=10.1 vision=5.0 views=8.4 audio=0.0 send=165.6
[body] step=1750 pos=(-1.12,-0.42,0.21) moving=False events=0
[body] budget ms/obs: physics=9.9 vision=5.2 views=8.3 audio=0.0 send=143.9
[body] step=1800 pos=(-1.04,-0.43,0.20) moving=False events=0
[body] budget ms/obs: physics=9.3 vision=5.3 views=8.4 audio=0.0 send=121.0
[body] step=1850 pos=(-1.02,-0.50,0.21) moving=False events=0
[body] budget ms/obs: physics=9.8 vision=5.4 views=9.0 audio=0.0 send=150.6
[body] step=1900 pos=(-0.92,-0.57,0.19) moving=False events=0
[body] budget ms/obs: physics=9.0 vision=5.2 views=8.4 audio=0.0 send=131.0
[body] step=1950 pos=(-0.92,-0.62,0.21) moving=False events=0
[body] budget ms/obs: physics=9.2 vision=5.1 views=8.2 audio=0.0 send=179.5
[body] step=2000 pos=(-0.88,-0.67,0.21) moving=False events=0
[body] budget ms/obs: physics=9.2 vision=5.1 views=8.1 audio=0.0 send=96.7
[body] step=2050 pos=(-0.89,-0.71,0.20) moving=False events=0
[body] budget ms/obs: physics=11.9 vision=5.1 views=8.6 audio=0.0 send=145.7
[body] step=2100 pos=(-0.91,-0.71,0.21) moving=False events=0
[body] budget ms/obs: physics=10.0 vision=5.0 views=8.4 audio=0.0 send=179.5
[body] step=2150 pos=(-0.91,-0.69,0.20) moving=False events=0
[body] budget ms/obs: physics=10.0 vision=5.3 views=8.3 audio=0.0 send=145.5
[body] step=2200 pos=(-0.93,-0.72,0.21) moving=False events=0
[body] budget ms/obs: physics=9.6 vision=5.3 views=8.9 audio=0.0 send=95.5
[body] step=2250 pos=(-0.85,-0.80,0.17) moving=False events=0
[body] budget ms/obs: physics=9.4 vision=5.1 views=8.3 audio=0.0 send=181.5
[body] step=2300 pos=(-0.82,-0.82,0.19) moving=False events=0
[body] budget ms/obs: physics=9.3 vision=5.2 views=8.0 audio=0.0 send=145.7
[body] step=2350 pos=(-0.81,-0.85,0.21) moving=False events=0
[body] budget ms/obs: physics=9.4 vision=5.2 views=8.3 audio=0.0 send=147.4
