{"agent_id": "4018fa3f-76ff-47e9-8633-0d5fdeaf4e18"}
{"recv": 0, "action": {"type": "motor", "parameters": {"ctrl": [-0.04419, -0.0415, 0.03418, 0.08057, 0.00946, -0.02039, -0.03003, 0.02161, 0.04468, -0.03149, 0.01294, 0.03198, -0.01904, 0.04346, -0.00916, -0.05054, -0.02844, -0.05029, 0.01099, -0.06299, 0.01941], "joint_pe": [], "assist_gain": 0.0, "direction": [-0.01104736328125, -0.0400390625, 0.01019287109375], "speed": 1.015625, "risk": 0.5103134512901306, "babble_sigma": 0.0, "curriculum_mode": "legacy", "reservoirs": {"hydration": 1.0, "energy": 1.0, "integrity": 1.0}}}}
{"recv": 500, "action": {"type": "motor", "parameters": {"ctrl": [0.04327, -0.09699, 0.09471, -0.57729, 0.3422, -0.18714, 0.02459, -0.30445, -0.01469, -0.44306, 0.49449, -0.05919, -0.37507, -0.49174, -0.1054, 0.14852, -0.29392, -0.50966, -0.15205, -0.44011, -0.24035], "joint_pe": [0.003048, 5e-05, 0.00719, 0.007241, 0.001598, 0.001564, 0.001042, 9.8e-05, 0.001488, 1.3e-05, 6e-06, 0.000642, 0.003036, 0.004638, 0.001427, 0.002682, 0.003239, 0.003376, 0.006954, 0.00536, 0.000516], "assist_gain": 0.0, "direction": [-0.138671875, 0.047119140625, -0.0289306640625], "speed": 1.0625, "risk": 0.5888891220092773, "babble_sigma": 0.0784, "curriculum_mode": "legacy", "reservoirs": {"hydration": 0.9997, "energy": 1.0, "integrity": 0.7876}}}}
{"sent": 500, "received": 514}
{"recv": 1000, "action": {"type": "motor", "parameters": {"ctrl": [-0.91695, 0.48383, 0.37236, -0.89606, -0.86453, -0.17993, -0.95525, -0.35529, -0.36744, -0.92687, 0.7964, -0.87901, 0.49163, -0.73948, -0.67202, -0.57689, -0.73305, -0.72031, -0.76129, -0.06594, 0.90971], "joint_pe": [0.001539, 0.001874, 0.000528, 0.002972, 0.005739, 0.003955, 0.002687, 0.00021, 0.010522, 0.002053, 0.001933, 0.001409, 0.000879, 0.004036, 0.009444, 6.3e-05, 0.002266, 0.010966, 0.003621, 0.000135, 0.011285], "assist_gain": 0.0, "direction": [0.0230712890625, -0.1298828125, -0.040771484375], "speed": 1.1484375, "risk": 0.3602639436721802, "babble_sigma": 0.05, "curriculum_mode": "legacy", "reservoirs": {"hydration": 0.9994, "energy": 0.9999, "integrity": 0.7878}}}}
{"sent": 1000, "received": 1014}
{"recv": 1500, "action": {"type": "motor", "parameters": {"ctrl": [1.0, -0.95258, 1.0, -1.0, -1.0, 1.0, -0.99062, -0.2184, -0.93225, -0.89111, 0.98342, -0.08581, -0.91353, -1.0, 0.77895, -1.0, -1.0, -0.90362, 0.24031, -0.85755, 0.90436], "joint_pe": [0.000625, 0.002751, 0.000279, 7.1e-05, 0.000435, 0.001393, 0.001371, 0.003272, 5.2e-05, 0.000284, 0.00027, 0.004899, 0.001339, 0.000127, 0.001286, 0.005052, 0.001459, 0.00011, 0.000198, 0.0017, 0.001753], "assist_gain": 0.0, "direction": [0.0634765625, -0.2255859375, -0.31640625], "speed": 1.0390625, "risk": 0.4378235340118408, "babble_sigma": 0.05, "curriculum_mode": "legacy", "reservoirs": {"hydration": 0.9992, "energy": 0.9999, "integrity": 0.788}}}}
{"sent": 1500, "received": 1514}
{"recv": 2000, "action": {"type": "motor", "parameters": {"ctrl": [-0.8768, -1.0, -0.95404, 1.0, 1.0, -1.0, 0.60541, -0.88436, 0.8901, 1.0, -1.0, -0.95063, -0.0777, 0.95325, 0.93141, 0.91852, 1.0, 0.92113, 0.95742, -0.98872, -0.91165], "joint_pe": [0.002625, 0.006364, 9.5e-05, 0.008237, 0.000821, 0.00136, 3.8e-05, 0.000853, 0.000503, 0.000878, 0.001007, 0.00147, 0.014762, 0.00295, 0.003936, 0.002096, 1.3e-05, 0.000141, 0.000792, 6.9e-05, 0.000313], "assist_gain": 0.0, "direction": [0.05615234375, 0.2412109375, -0.1728515625], "speed": 0.8828125, "risk": 0.6081287264823914, "babble_sigma": 0.05, "curriculum_mode": "legacy", "reservoirs": {"hydration": 0.9989, "energy": 0.9998, "integrity": 0.7882}}}}
{"sent": 2000, "received": 2014}
{"sent": 2500, "received": 2311}
{"sent": 3000, "received": 2311}
{"sent": 3500, "received": 2311}
{"sent": 4000, "received": 2311}
{"sent": 4500, "received": 2311}
{"sent": 5000, "received": 2311}
{"sent": 5500, "received": 2311}
{"sent": 6000, "received": 2311}
{"sent": 6500, "received": 2311}
{"sent": 7000, "received": 2311}
{"sent": 7500, "received": 2311}
{"sent": 8000, "received": 2311}
