INFO:     Started server process [29484]
INFO:     Waiting for application startup.
INFO:     Application startup complete.
INFO:     Uvicorn running on http://127.0.0.1:8766 (Press CTRL+C to quit)
{"time": "2026-07-04T20:38:38.636503+00:00", "level": "INFO", "logger": "decadic.agents.runtime", "message": "cycle_completed agent_id=55f8524e-5ca8-43c4-89ee-9059e9e94fa0 cycle=1 wall_ms=10.007 action_type=move"}
{"time": "2026-07-04T20:38:38.672040+00:00", "level": "INFO", "logger": "decadic.agents.runtime", "message": "cycle_completed agent_id=55f8524e-5ca8-43c4-89ee-9059e9e94fa0 cycle=2 wall_ms=0.534 action_type=move"}
{"time": "2026-07-04T20:38:38.719069+00:00", "level": "INFO", "logger": "decadic.agents.runtime", "message": "cycle_completed agent_id=55f8524e-5ca8-43c4-89ee-9059e9e94fa0 cycle=3 wall_ms=0.484 action_type=move"}
{"time": "2026-07-04T20:38:38.767408+00:00", "level": "INFO", "logger": "decadic.agents.runtime", "message": "cycle_completed agent_id=55f8524e-5ca8-43c4-89ee-9059e9e94fa0 cycle=4 wall_ms=0.471 action_type=move"}
{"time": "2026-07-04T20:38:38.815233+00:00", "level": "INFO", "logger": "decadic.agents.runtime", "message": "cycle_completed agent_id=55f8524e-5ca8-43c4-89ee-9059e9e94fa0 cycle=5 wall_ms=0.483 action_type=move"}
INFO:     127.0.0.1:52239 - "WebSocket /agent/55f8524e-5ca8-43c4-89ee-9059e9e94fa0/cycle" [accepted]
INFO:     connection open
{"time": "2026-07-04T20:38:38.877870+00:00", "level": "INFO", "logger": "decadic.agents.runtime", "message": "cycle_completed agent_id=55f8524e-5ca8-43c4-89ee-9059e9e94fa0 cycle=6 wall_ms=0.764 action_type=move"}
{"time": "2026-07-04T20:38:38.923884+00:00", "level": "INFO", "logger": "decadic.agents.runtime", "message": "cycle_completed agent_id=55f8524e-5ca8-43c4-89ee-9059e9e94fa0 cycle=7 wall_ms=0.559 action_type=move"}
{"time": "2026-07-04T20:38:38.971834+00:00", "level": "INFO", "logger": "decadic.agents.runtime", "message": "cycle_completed agent_id=55f8524e-5ca8-43c4-89ee-9059e9e94fa0 cycle=8 wall_ms=0.505 action_type=move"}
{"time": "2026-07-04T20:38:39.003090+00:00", "level": "INFO", "logger": "decadic.agents.runtime", "message": "fast_path_damage agent_id=55f8524e-5ca8-43c4-89ee-9059e9e94fa0 damage=21.2500 integrity=78.7500 viability=78.7500"}
{"time": "2026-07-04T20:38:39.019315+00:00", "level": "INFO", "logger": "decadic.agents.runtime", "message": "cycle_completed agent_id=55f8524e-5ca8-43c4-89ee-9059e9e94fa0 cycle=9 wall_ms=0.499 action_type=move"}
{"time": "2026-07-04T20:38:39.065892+00:00", "level": "INFO", "logger": "decadic.agents.runtime", "message": "cycle_completed agent_id=55f8524e-5ca8-43c4-89ee-9059e9e94fa0 cycle=10 wall_ms=0.472 action_type=move"}
{"time": "2026-07-04T20:38:39.128364+00:00", "level": "INFO", "logger": "decadic.agents.runtime", "message": "cycle_completed agent_id=55f8524e-5ca8-43c4-89ee-9059e9e94fa0 cycle=11 wall_ms=1.129 action_type=move"}
{"time": "2026-07-04T20:38:39.174400+00:00", "level": "INFO", "logger": "decadic.agents.runtime", "message": "cycle_completed agent_id=55f8524e-5ca8-43c4-89ee-9059e9e94fa0 cycle=12 wall_ms=0.484 action_type=move"}
{"time": "2026-07-04T20:38:39.220318+00:00", "level": "INFO", "logger": "decadic.agents.runtime", "message": "cycle_completed agent_id=55f8524e-5ca8-43c4-89ee-9059e9e94fa0 cycle=13 wall_ms=0.480 action_type=move"}
{"time": "2026-07-04T20:38:39.268397+00:00", "level": "INFO", "logger": "decadic.agents.runtime", "message": "cycle_completed agent_id=55f8524e-5ca8-43c4-89ee-9059e9e94fa0 cycle=14 wall_ms=0.507 action_type=move"}
{"time": "2026-07-04T20:38:39.314905+00:00", "level": "INFO", "logger": "decadic.agents.runtime", "message": "cycle_completed agent_id=55f8524e-5ca8-43c4-89ee-9059e9e94fa0 cycle=15 wall_ms=0.489 action_type=move"}
{"time": "2026-07-04T20:38:39.378404+00:00", "level": "INFO", "logger": "decadic.agents.runtime", "message": "cycle_completed agent_id=55f8524e-5ca8-43c4-89ee-9059e9e94fa0 cycle=16 wall_ms=0.811 action_type=move"}
{"time": "2026-07-04T20:38:39.425372+00:00", "level": "INFO", "logger": "decadic.agents.runtime", "message": "cycle_completed agent_id=55f8524e-5ca8-43c4-89ee-9059e9e94fa0 cycle=17 wall_ms=0.512 action_type=move"}
{"time": "2026-07-04T20:38:39.473748+00:00", "level": "INFO", "logger": "decadic.agents.runtime", "message": "cycle_completed agent_id=55f8524e-5ca8-43c4-89ee-9059e9e94fa0 cycle=18 wall_ms=0.711 action_type=move"}
{"time": "2026-07-04T20:38:39.519882+00:00", "level": "INFO", "logger": "decadic.agents.runtime", "message": "cycle_completed agent_id=55f8524e-5ca8-43c4-89ee-9059e9e94fa0 cycle=19 wall_ms=0.508 action_type=move"}
{"time": "2026-07-04T20:38:39.567856+00:00", "level": "INFO", "logger": "decadic.agents.runtime", "message": "cycle_completed agent_id=55f8524e-5ca8-43c4-89ee-9059e9e94fa0 cycle=20 wall_ms=0.478 action_type=move"}
{"time": "2026-07-04T20:38:39.614398+00:00", "level": "INFO", "logger": "decadic.agents.runtime", "message": "cycle_completed agent_id=55f8524e-5ca8-43c4-89ee-9059e9e94fa0 cycle=21 wall_ms=0.497 action_type=move"}
{"time": "2026-07-04T20:38:39.675616+00:00", "level": "INFO", "logger": "decadic.agents.runtime", "message": "cycle_completed agent_id=55f8524e-5ca8-43c4-89ee-9059e9e94fa0 cycle=22 wall_ms=0.737 action_type=move"}
{"time": "2026-07-04T20:38:39.720988+00:00", "level": "INFO", "logger": "decadic.agents.runtime", "message": "cycle_completed agent_id=55f8524e-5ca8-43c4-89ee-9059e9e94fa0 cycle=23 wall_ms=0.573 action_type=move"}
{"time": "2026-07-04T20:38:39.768264+00:00", "level": "INFO", "logger": "decadic.agents.runtime", "message": "cycle_completed agent_id=55f8524e-5ca8-43c4-89ee-9059e9e94fa0 cycle=24 wall_ms=0.614 action_type=move"}
{"time": "2026-07-04T20:38:39.814748+00:00", "level": "INFO", "logger": "decadic.agents.runtime", "message": "cycle_completed agent_id=55f8524e-5ca8-43c4-89ee-9059e9e94fa0 cycle=25 wall_ms=0.471 action_type=move"}
{"time": "2026-07-04T20:38:39.877515+00:00", "level": "INFO", "logger": "decadic.agents.runtime", "message": "cycle_completed agent_id=55f8524e-5ca8-43c4-89ee-9059e9e94fa0 cycle=26 wall_ms=0.587 action_type=move"}
{"time": "2026-07-04T20:38:39.925152+00:00", "level": "INFO", "logger": "decadic.agents.runtime", "message": "cycle_completed agent_id=55f8524e-5ca8-43c4-89ee-9059e9e94fa0 cycle=27 wall_ms=0.651 action_type=move"}
{"time": "2026-07-04T20:38:39.971971+00:00", "level": "INFO", "logger": "decadic.agents.runtime", "message": "cycle_completed agent_id=55f8524e-5ca8-43c4-89ee-9059e9e94fa0 cycle=28 wall_ms=0.494 action_type=move"}
{"time": "2026-07-04T20:38:40.019487+00:00", "level": "INFO", "logger": "decadic.agents.runtime", "message": "cycle_completed agent_id=55f8524e-5ca8-43c4-89ee-9059e9e94fa0 cycle=29 wall_ms=0.540 action_type=move"}
{"time": "2026-07-04T20:38:40.067172+00:00", "level": "INFO", "logger": "decadic.agents.runtime", "message": "cycle_completed agent_id=55f8524e-5ca8-43c4-89ee-9059e9e94fa0 cycle=30 wall_ms=0.948 action_type=move"}
{"time": "2026-07-04T20:38:40.114126+00:00", "level": "INFO", "logger": "decadic.agents.runtime", "message": "cycle_completed agent_id=55f8524e-5ca8-43c4-89ee-9059e9e94fa0 cycle=31 wall_ms=0.533 action_type=move"}
{"time": "2026-07-04T20:38:40.176294+00:00", "level": "INFO", "logger": "decadic.agents.runtime", "message": "cycle_completed agent_id=55f8524e-5ca8-43c4-89ee-9059e9e94fa0 cycle=32 wall_ms=0.648 action_type=move"}
{"time": "2026-07-04T20:38:40.223592+00:00", "level": "INFO", "logger": "decadic.agents.runtime", "message": "cycle_completed agent_id=55f8524e-5ca8-43c4-89ee-9059e9e94fa0 cycle=33 wall_ms=0.489 action_type=move"}
{"time": "2026-07-04T20:38:40.271709+00:00", "level": "INFO", "logger": "decadic.agents.runtime", "message": "cycle_completed agent_id=55f8524e-5ca8-43c4-89ee-9059e9e94fa0 cycle=34 wall_ms=0.887 action_type=move"}
{"time": "2026-07-04T20:38:40.319605+00:00", "level": "INFO", "logger": "decadic.agents.runtime", "message": "cycle_completed agent_id=55f8524e-5ca8-43c4-89ee-9059e9e94fa0 cycle=35 wall_ms=1.185 action_type=move"}
{"time": "2026-07-04T20:38:40.365335+00:00", "level": "INFO", "logger": "decadic.agents.runtime", "message": "cycle_completed agent_id=55f8524e-5ca8-43c4-89ee-9059e9e94fa0 cycle=36 wall_ms=0.595 action_type=move"}
{"time": "2026-07-04T20:38:40.418765+00:00", "level": "INFO", "logger": "decadic.agents.runtime", "message": "cycle_completed agent_id=55f8524e-5ca8-43c4-89ee-9059e9e94fa0 cycle=37 wall_ms=3.361 action_type=move"}
{"time": "2026-07-04T20:38:40.474778+00:00", "level": "INFO", "logger": "decadic.agents.runtime", "message": "cycle_completed agent_id=55f8524e-5ca8-43c4-89ee-9059e9e94fa0 cycle=38 wall_ms=0.586 action_type=move"}
{"time": "2026-07-04T20:38:40.522284+00:00", "level": "INFO", "logger": "decadic.agents.runtime", "message": "cycle_completed agent_id=55f8524e-5ca8-43c4-89ee-9059e9e94fa0 cycle=39 wall_ms=0.537 action_type=move"}
{"time": "2026-07-04T20:38:40.570118+00:00", "level": "INFO", "logger": "decadic.agents.runtime", "message": "cycle_completed agent_id=55f8524e-5ca8-43c4-89ee-9059e9e94fa0 cycle=40 wall_ms=0.989 action_type=move"}
{"time": "2026-07-04T20:38:40.615022+00:00", "level": "INFO", "logger": "decadic.agents.runtime", "message": "cycle_completed agent_id=55f8524e-5ca8-43c4-89ee-9059e9e94fa0 cycle=41 wall_ms=0.527 action_type=move"}
{"time": "2026-07-04T20:38:40.676331+00:00", "level": "INFO", "logger": "decadic.agents.runtime", "message": "cycle_completed agent_id=55f8524e-5ca8-43c4-89ee-9059e9e94fa0 cycle=42 wall_ms=0.679 action_type=move"}
{"time": "2026-07-04T20:38:40.723305+00:00", "level": "INFO", "logger": "decadic.agents.runtime", "message": "cycle_completed agent_id=55f8524e-5ca8-43c4-89ee-9059e9e94fa0 cycle=43 wall_ms=0.581 action_type=move"}
{"time": "2026-07-04T20:38:40.771276+00:00", "level": "INFO", "logger": "decadic.agents.runtime", "message": "cycle_completed agent_id=55f8524e-5ca8-43c4-89ee-9059e9e94fa0 cycle=44 wall_ms=0.550 action_type=move"}
{"time": "2026-07-04T20:38:40.818596+00:00", "level": "INFO", "logger": "decadic.agents.runtime", "message": "cycle_completed agent_id=55f8524e-5ca8-43c4-89ee-9059e9e94fa0 cycle=45 wall_ms=0.513 action_type=move"}
{"time": "2026-07-04T20:38:40.864825+00:00", "level": "INFO", "logger": "decadic.agents.runtime", "message": "cycle_completed agent_id=55f8524e-5ca8-43c4-89ee-9059e9e94fa0 cycle=46 wall_ms=0.521 action_type=move"}
{"time": "2026-07-04T20:38:40.916258+00:00", "level": "INFO", "logger": "decadic.agents.runtime", "message": "cycle_completed agent_id=55f8524e-5ca8-43c4-89ee-9059e9e94fa0 cycle=47 wall_ms=0.983 action_type=move"}
{"time": "2026-07-04T20:38:40.972036+00:00", "level": "INFO", "logger": "decadic.agents.runtime", "message": "cycle_completed agent_id=55f8524e-5ca8-43c4-89ee-9059e9e94fa0 cycle=48 wall_ms=0.524 action_type=move"}
{"time": "2026-07-04T20:38:41.018830+00:00", "level": "INFO", "logger": "decadic.agents.runtime", "message": "cycle_completed agent_id=55f8524e-5ca8-43c4-89ee-9059e9e94fa0 cycle=49 wall_ms=0.736 action_type=move"}
{"time": "2026-07-04T20:38:41.064476+00:00", "level": "INFO", "logger": "decadic.agents.runtime", "message": "cycle_completed agent_id=55f8524e-5ca8-43c4-89ee-9059e9e94fa0 cycle=50 wall_ms=0.512 action_type=move"}
{"time": "2026-07-04T20:38:41.126539+00:00", "level": "INFO", "logger": "decadic.agents.runtime", "message": "cycle_completed agent_id=55f8524e-5ca8-43c4-89ee-9059e9e94fa0 cycle=51 wall_ms=0.635 action_type=move"}
{"time": "2026-07-04T20:38:41.173950+00:00", "level": "INFO", "logger": "decadic.agents.runtime", "message": "cycle_completed agent_id=55f8524e-5ca8-43c4-89ee-9059e9e94fa0 cycle=52 wall_ms=0.548 action_type=move"}
{"time": "2026-07-04T20:38:41.220607+00:00", "level": "INFO", "logger": "decadic.agents.runtime", "message": "cycle_completed agent_id=55f8524e-5ca8-43c4-89ee-9059e9e94fa0 cycle=53 wall_ms=0.514 action_type=move"}
{"time": "2026-07-04T20:38:41.267938+00:00", "level": "INFO", "logger": "decadic.agents.runtime", "message": "cycle_completed agent_id=55f8524e-5ca8-43c4-89ee-9059e9e94fa0 cycle=54 wall_ms=0.848 action_type=move"}
{"time": "2026-07-04T20:38:41.314128+00:00", "level": "INFO", "logger": "decadic.agents.runtime", "message": "cycle_completed agent_id=55f8524e-5ca8-43c4-89ee-9059e9e94fa0 cycle=55 wall_ms=0.500 action_type=move"}
{"time": "2026-07-04T20:38:41.377454+00:00", "level": "INFO", "logger": "decadic.agents.runtime", "message": "cycle_completed agent_id=55f8524e-5ca8-43c4-89ee-9059e9e94fa0 cycle=56 wall_ms=0.767 action_type=move"}
{"time": "2026-07-04T20:38:41.423428+00:00", "level": "INFO", "logger": "decadic.agents.runtime", "message": "cycle_completed agent_id=55f8524e-5ca8-43c4-89ee-9059e9e94fa0 cycle=57 wall_ms=0.519 action_type=move"}
{"time": "2026-07-04T20:38:41.471471+00:00", "level": "INFO", "logger": "decadic.agents.runtime", "message": "cycle_completed agent_id=55f8524e-5ca8-43c4-89ee-9059e9e94fa0 cycle=58 wall_ms=0.534 action_type=move"}
{"time": "2026-07-04T20:38:41.518020+00:00", "level": "INFO", "logger": "decadic.agents.runtime", "message": "cycle_completed agent_id=55f8524e-5ca8-43c4-89ee-9059e9e94fa0 cycle=59 wall_ms=0.548 action_type=move"}
{"time": "2026-07-04T20:38:41.566032+00:00", "level": "INFO", "logger": "decadic.agents.runtime", "message": "cycle_completed agent_id=55f8524e-5ca8-43c4-89ee-9059e9e94fa0 cycle=60 wall_ms=0.533 action_type=move"}
{"time": "2026-07-04T20:38:41.628511+00:00", "level": "INFO", "logger": "decadic.agents.runtime", "message": "cycle_completed agent_id=55f8524e-5ca8-43c4-89ee-9059e9e94fa0 cycle=61 wall_ms=0.550 action_type=move"}
{"time": "2026-07-04T20:38:41.676587+00:00", "level": "INFO", "logger": "decadic.agents.runtime", "message": "cycle_completed agent_id=55f8524e-5ca8-43c4-89ee-9059e9e94fa0 cycle=62 wall_ms=0.545 action_type=move"}
{"time": "2026-07-04T20:38:41.723045+00:00", "level": "INFO", "logger": "decadic.agents.runtime", "message": "cycle_completed agent_id=55f8524e-5ca8-43c4-89ee-9059e9e94fa0 cycle=63 wall_ms=0.504 action_type=move"}
{"time": "2026-07-04T20:38:41.769107+00:00", "level": "INFO", "logger": "decadic.agents.runtime", "message": "cycle_completed agent_id=55f8524e-5ca8-43c4-89ee-9059e9e94fa0 cycle=64 wall_ms=0.562 action_type=move"}
{"time": "2026-07-04T20:38:41.815489+00:00", "level": "INFO", "logger": "decadic.agents.runtime", "message": "cycle_completed agent_id=55f8524e-5ca8-43c4-89ee-9059e9e94fa0 cycle=65 wall_ms=0.490 action_type=move"}
{"time": "2026-07-04T20:38:41.878508+00:00", "level": "INFO", "logger": "decadic.agents.runtime", "message": "cycle_completed agent_id=55f8524e-5ca8-43c4-89ee-9059e9e94fa0 cycle=66 wall_ms=0.534 action_type=move"}
{"time": "2026-07-04T20:38:41.917231+00:00", "level": "INFO", "logger": "decadic.agents.runtime", "message": "cycle_completed agent_id=55f8524e-5ca8-43c4-89ee-9059e9e94fa0 cycle=67 wall_ms=0.494 action_type=move"}
{"time": "2026-07-04T20:38:41.974645+00:00", "level": "INFO", "logger": "decadic.agents.runtime", "message": "cycle_completed agent_id=55f8524e-5ca8-43c4-89ee-9059e9e94fa0 cycle=68 wall_ms=0.555 action_type=move"}
{"time": "2026-07-04T20:38:42.021561+00:00", "level": "INFO", "logger": "decadic.agents.runtime", "message": "cycle_completed agent_id=55f8524e-5ca8-43c4-89ee-9059e9e94fa0 cycle=69 wall_ms=0.547 action_type=move"}
{"time": "2026-07-04T20:38:42.069101+00:00", "level": "INFO", "logger": "decadic.agents.runtime", "message": "cycle_completed agent_id=55f8524e-5ca8-43c4-89ee-9059e9e94fa0 cycle=70 wall_ms=0.550 action_type=move"}
{"time": "2026-07-04T20:38:42.115934+00:00", "level": "INFO", "logger": "decadic.agents.runtime", "message": "cycle_completed agent_id=55f8524e-5ca8-43c4-89ee-9059e9e94fa0 cycle=71 wall_ms=0.694 action_type=move"}
{"time": "2026-07-04T20:38:42.163572+00:00", "level": "INFO", "logger": "decadic.agents.runtime", "message": "cycle_completed agent_id=55f8524e-5ca8-43c4-89ee-9059e9e94fa0 cycle=72 wall_ms=0.506 action_type=move"}
{"time": "2026-07-04T20:38:42.226680+00:00", "level": "INFO", "logger": "decadic.agents.runtime", "message": "cycle_completed agent_id=55f8524e-5ca8-43c4-89ee-9059e9e94fa0 cycle=73 wall_ms=0.567 action_type=move"}
{"time": "2026-07-04T20:38:42.274526+00:00", "level": "INFO", "logger": "decadic.agents.runtime", "message": "cycle_completed agent_id=55f8524e-5ca8-43c4-89ee-9059e9e94fa0 cycle=74 wall_ms=0.516 action_type=move"}
{"time": "2026-07-04T20:38:42.322015+00:00", "level": "INFO", "logger": "decadic.agents.runtime", "message": "cycle_completed agent_id=55f8524e-5ca8-43c4-89ee-9059e9e94fa0 cycle=75 wall_ms=0.476 action_type=move"}
{"time": "2026-07-04T20:38:42.369173+00:00", "level": "INFO", "logger": "decadic.agents.runtime", "message": "cycle_completed agent_id=55f8524e-5ca8-43c4-89ee-9059e9e94fa0 cycle=76 wall_ms=0.545 action_type=move"}
{"time": "2026-07-04T20:38:42.415795+00:00", "level": "INFO", "logger": "decadic.agents.runtime", "message": "cycle_completed agent_id=55f8524e-5ca8-43c4-89ee-9059e9e94fa0 cycle=77 wall_ms=0.577 action_type=move"}
{"time": "2026-07-04T20:38:42.463736+00:00", "level": "INFO", "logger": "decadic.agents.runtime", "message": "cycle_completed agent_id=55f8524e-5ca8-43c4-89ee-9059e9e94fa0 cycle=78 wall_ms=0.553 action_type=move"}
{"time": "2026-07-04T20:38:42.525713+00:00", "level": "INFO", "logger": "decadic.agents.runtime", "message": "cycle_completed agent_id=55f8524e-5ca8-43c4-89ee-9059e9e94fa0 cycle=79 wall_ms=0.529 action_type=move"}
{"time": "2026-07-04T20:38:42.573641+00:00", "level": "INFO", "logger": "decadic.agents.runtime", "message": "cycle_completed agent_id=55f8524e-5ca8-43c4-89ee-9059e9e94fa0 cycle=80 wall_ms=0.493 action_type=move"}
{"time": "2026-07-04T20:38:42.620338+00:00", "level": "INFO", "logger": "decadic.agents.runtime", "message": "cycle_completed agent_id=55f8524e-5ca8-43c4-89ee-9059e9e94fa0 cycle=81 wall_ms=0.545 action_type=move"}
{"time": "2026-07-04T20:38:42.667639+00:00", "level": "INFO", "logger": "decadic.agents.runtime", "message": "cycle_completed agent_id=55f8524e-5ca8-43c4-89ee-9059e9e94fa0 cycle=82 wall_ms=0.469 action_type=move"}
{"time": "2026-07-04T20:38:42.714097+00:00", "level": "INFO", "logger": "decadic.agents.runtime", "message": "cycle_completed agent_id=55f8524e-5ca8-43c4-89ee-9059e9e94fa0 cycle=83 wall_ms=0.698 action_type=move"}
{"time": "2026-07-04T20:38:42.778080+00:00", "level": "INFO", "logger": "decadic.agents.runtime", "message": "cycle_completed agent_id=55f8524e-5ca8-43c4-89ee-9059e9e94fa0 cycle=84 wall_ms=0.731 action_type=move"}
{"time": "2026-07-04T20:38:42.824826+00:00", "level": "INFO", "logger": "decadic.agents.runtime", "message": "cycle_completed agent_id=55f8524e-5ca8-43c4-89ee-9059e9e94fa0 cycle=85 wall_ms=0.481 action_type=move"}
{"time": "2026-07-04T20:38:42.873017+00:00", "level": "INFO", "logger": "decadic.agents.runtime", "message": "cycle_completed agent_id=55f8524e-5ca8-43c4-89ee-9059e9e94fa0 cycle=86 wall_ms=0.557 action_type=move"}
{"time": "2026-07-04T20:38:42.920481+00:00", "level": "INFO", "logger": "decadic.agents.runtime", "message": "cycle_completed agent_id=55f8524e-5ca8-43c4-89ee-9059e9e94fa0 cycle=87 wall_ms=0.508 action_type=move"}
{"time": "2026-07-04T20:38:42.968575+00:00", "level": "INFO", "logger": "decadic.agents.runtime", "message": "cycle_completed agent_id=55f8524e-5ca8-43c4-89ee-9059e9e94fa0 cycle=88 wall_ms=0.533 action_type=move"}
{"time": "2026-07-04T20:38:43.014902+00:00", "level": "INFO", "logger": "decadic.agents.runtime", "message": "cycle_completed agent_id=55f8524e-5ca8-43c4-89ee-9059e9e94fa0 cycle=89 wall_ms=0.491 action_type=move"}
{"time": "2026-07-04T20:38:43.078791+00:00", "level": "INFO", "logger": "decadic.agents.runtime", "message": "cycle_completed agent_id=55f8524e-5ca8-43c4-89ee-9059e9e94fa0 cycle=90 wall_ms=1.056 action_type=move"}
{"time": "2026-07-04T20:38:43.124374+00:00", "level": "INFO", "logger": "decadic.agents.runtime", "message": "cycle_completed agent_id=55f8524e-5ca8-43c4-89ee-9059e9e94fa0 cycle=91 wall_ms=0.547 action_type=move"}
{"time": "2026-07-04T20:38:43.169864+00:00", "level": "INFO", "logger": "decadic.agents.runtime", "message": "cycle_completed agent_id=55f8524e-5ca8-43c4-89ee-9059e9e94fa0 cycle=92 wall_ms=0.506 action_type=move"}
{"time": "2026-07-04T20:38:43.217948+00:00", "level": "INFO", "logger": "decadic.agents.runtime", "message": "cycle_completed agent_id=55f8524e-5ca8-43c4-89ee-9059e9e94fa0 cycle=93 wall_ms=0.982 action_type=move"}
{"time": "2026-07-04T20:38:43.263652+00:00", "level": "INFO", "logger": "decadic.agents.runtime", "message": "cycle_completed agent_id=55f8524e-5ca8-43c4-89ee-9059e9e94fa0 cycle=94 wall_ms=0.479 action_type=move"}
{"time": "2026-07-04T20:38:43.327098+00:00", "level": "INFO", "logger": "decadic.agents.runtime", "message": "cycle_completed agent_id=55f8524e-5ca8-43c4-89ee-9059e9e94fa0 cycle=95 wall_ms=0.734 action_type=move"}
{"time": "2026-07-04T20:38:43.375100+00:00", "level": "INFO", "logger": "decadic.agents.runtime", "message": "cycle_completed agent_id=55f8524e-5ca8-43c4-89ee-9059e9e94fa0 cycle=96 wall_ms=0.767 action_type=move"}
{"time": "2026-07-04T20:38:43.421950+00:00", "level": "INFO", "logger": "decadic.agents.runtime", "message": "cycle_completed agent_id=55f8524e-5ca8-43c4-89ee-9059e9e94fa0 cycle=97 wall_ms=0.518 action_type=move"}
{"time": "2026-07-04T20:38:43.469144+00:00", "level": "INFO", "logger": "decadic.agents.runtime", "message": "cycle_completed agent_id=55f8524e-5ca8-43c4-89ee-9059e9e94fa0 cycle=98 wall_ms=0.627 action_type=move"}
{"time": "2026-07-04T20:38:43.515956+00:00", "level": "INFO", "logger": "decadic.agents.runtime", "message": "cycle_completed agent_id=55f8524e-5ca8-43c4-89ee-9059e9e94fa0 cycle=99 wall_ms=0.500 action_type=move"}
{"time": "2026-07-04T20:38:43.578989+00:00", "level": "INFO", "logger": "decadic.agents.runtime", "message": "cycle_completed agent_id=55f8524e-5ca8-43c4-89ee-9059e9e94fa0 cycle=100 wall_ms=0.573 action_type=move"}
{"time": "2026-07-04T20:38:43.625495+00:00", "level": "INFO", "logger": "decadic.agents.runtime", "message": "cycle_completed agent_id=55f8524e-5ca8-43c4-89ee-9059e9e94fa0 cycle=101 wall_ms=0.539 action_type=move"}
{"time": "2026-07-04T20:38:43.673427+00:00", "level": "INFO", "logger": "decadic.agents.runtime", "message": "cycle_completed agent_id=55f8524e-5ca8-43c4-89ee-9059e9e94fa0 cycle=102 wall_ms=0.499 action_type=move"}
{"time": "2026-07-04T20:38:43.721006+00:00", "level": "INFO", "logger": "decadic.agents.runtime", "message": "cycle_completed agent_id=55f8524e-5ca8-43c4-89ee-9059e9e94fa0 cycle=103 wall_ms=0.571 action_type=move"}
{"time": "2026-07-04T20:38:43.768161+00:00", "level": "INFO", "logger": "decadic.agents.runtime", "message": "cycle_completed agent_id=55f8524e-5ca8-43c4-89ee-9059e9e94fa0 cycle=104 wall_ms=0.671 action_type=move"}
{"time": "2026-07-04T20:38:43.815518+00:00", "level": "INFO", "logger": "decadic.agents.runtime", "message": "cycle_completed agent_id=55f8524e-5ca8-43c4-89ee-9059e9e94fa0 cycle=105 wall_ms=0.523 action_type=move"}
{"time": "2026-07-04T20:38:43.863686+00:00", "level": "INFO", "logger": "decadic.agents.runtime", "message": "cycle_completed agent_id=55f8524e-5ca8-43c4-89ee-9059e9e94fa0 cycle=106 wall_ms=0.493 action_type=move"}
{"time": "2026-07-04T20:38:43.925005+00:00", "level": "INFO", "logger": "decadic.agents.runtime", "message": "cycle_completed agent_id=55f8524e-5ca8-43c4-89ee-9059e9e94fa0 cycle=107 wall_ms=0.542 action_type=move"}
{"time": "2026-07-04T20:38:43.973013+00:00", "level": "INFO", "logger": "decadic.agents.runtime", "message": "cycle_completed agent_id=55f8524e-5ca8-43c4-89ee-9059e9e94fa0 cycle=108 wall_ms=0.520 action_type=move"}
{"time": "2026-07-04T20:38:44.020627+00:00", "level": "INFO", "logger": "decadic.agents.runtime", "message": "cycle_completed agent_id=55f8524e-5ca8-43c4-89ee-9059e9e94fa0 cycle=109 wall_ms=0.965 action_type=move"}
{"time": "2026-07-04T20:38:44.067765+00:00", "level": "INFO", "logger": "decadic.agents.runtime", "message": "cycle_completed agent_id=55f8524e-5ca8-43c4-89ee-9059e9e94fa0 cycle=110 wall_ms=0.601 action_type=move"}
{"time": "2026-07-04T20:38:44.115139+00:00", "level": "INFO", "logger": "decadic.agents.runtime", "message": "cycle_completed agent_id=55f8524e-5ca8-43c4-89ee-9059e9e94fa0 cycle=111 wall_ms=0.496 action_type=move"}
{"time": "2026-07-04T20:38:44.178252+00:00", "level": "INFO", "logger": "decadic.agents.runtime", "message": "cycle_completed agent_id=55f8524e-5ca8-43c4-89ee-9059e9e94fa0 cycle=112 wall_ms=0.640 action_type=move"}
{"time": "2026-07-04T20:38:44.224260+00:00", "level": "INFO", "logger": "decadic.agents.runtime", "message": "cycle_completed agent_id=55f8524e-5ca8-43c4-89ee-9059e9e94fa0 cycle=113 wall_ms=0.541 action_type=move"}
{"time": "2026-07-04T20:38:44.272321+00:00", "level": "INFO", "logger": "decadic.agents.runtime", "message": "cycle_completed agent_id=55f8524e-5ca8-43c4-89ee-9059e9e94fa0 cycle=114 wall_ms=0.544 action_type=move"}
{"time": "2026-07-04T20:38:44.318808+00:00", "level": "INFO", "logger": "decadic.agents.runtime", "message": "cycle_completed agent_id=55f8524e-5ca8-43c4-89ee-9059e9e94fa0 cycle=115 wall_ms=0.505 action_type=move"}
{"time": "2026-07-04T20:38:44.364474+00:00", "level": "INFO", "logger": "decadic.agents.runtime", "message": "cycle_completed agent_id=55f8524e-5ca8-43c4-89ee-9059e9e94fa0 cycle=116 wall_ms=0.538 action_type=move"}
{"time": "2026-07-04T20:38:44.430318+00:00", "level": "INFO", "logger": "decadic.agents.runtime", "message": "cycle_completed agent_id=55f8524e-5ca8-43c4-89ee-9059e9e94fa0 cycle=117 wall_ms=0.884 action_type=move"}
{"time": "2026-07-04T20:38:44.474045+00:00", "level": "INFO", "logger": "decadic.agents.runtime", "message": "cycle_completed agent_id=55f8524e-5ca8-43c4-89ee-9059e9e94fa0 cycle=118 wall_ms=0.552 action_type=move"}
{"time": "2026-07-04T20:38:44.520500+00:00", "level": "INFO", "logger": "decadic.agents.runtime", "message": "cycle_completed agent_id=55f8524e-5ca8-43c4-89ee-9059e9e94fa0 cycle=119 wall_ms=0.526 action_type=move"}
{"time": "2026-07-04T20:38:44.567569+00:00", "level": "INFO", "logger": "decadic.agents.runtime", "message": "cycle_completed agent_id=55f8524e-5ca8-43c4-89ee-9059e9e94fa0 cycle=120 wall_ms=0.553 action_type=move"}
{"time": "2026-07-04T20:38:44.614701+00:00", "level": "INFO", "logger": "decadic.agents.runtime", "message": "cycle_completed agent_id=55f8524e-5ca8-43c4-89ee-9059e9e94fa0 cycle=121 wall_ms=0.525 action_type=move"}
{"time": "2026-07-04T20:38:44.678652+00:00", "level": "INFO", "logger": "decadic.agents.runtime", "message": "cycle_completed agent_id=55f8524e-5ca8-43c4-89ee-9059e9e94fa0 cycle=122 wall_ms=0.539 action_type=move"}
{"time": "2026-07-04T20:38:44.727027+00:00", "level": "INFO", "logger": "decadic.agents.runtime", "message": "cycle_completed agent_id=55f8524e-5ca8-43c4-89ee-9059e9e94fa0 cycle=123 wall_ms=0.722 action_type=move"}
{"time": "2026-07-04T20:38:44.774678+00:00", "level": "INFO", "logger": "decadic.agents.runtime", "message": "cycle_completed agent_id=55f8524e-5ca8-43c4-89ee-9059e9e94fa0 cycle=124 wall_ms=0.495 action_type=move"}
{"time": "2026-07-04T20:38:44.823250+00:00", "level": "INFO", "logger": "decadic.agents.runtime", "message": "cycle_completed agent_id=55f8524e-5ca8-43c4-89ee-9059e9e94fa0 cycle=125 wall_ms=0.558 action_type=move"}
{"time": "2026-07-04T20:38:44.871240+00:00", "level": "INFO", "logger": "decadic.agents.runtime", "message": "cycle_completed agent_id=55f8524e-5ca8-43c4-89ee-9059e9e94fa0 cycle=126 wall_ms=0.546 action_type=move"}
{"time": "2026-07-04T20:38:44.918750+00:00", "level": "INFO", "logger": "decadic.agents.runtime", "message": "cycle_completed agent_id=55f8524e-5ca8-43c4-89ee-9059e9e94fa0 cycle=127 wall_ms=0.551 action_type=move"}
{"time": "2026-07-04T20:38:44.966757+00:00", "level": "INFO", "logger": "decadic.agents.runtime", "message": "cycle_completed agent_id=55f8524e-5ca8-43c4-89ee-9059e9e94fa0 cycle=128 wall_ms=0.527 action_type=move"}
{"time": "2026-07-04T20:38:45.028198+00:00", "level": "INFO", "logger": "decadic.agents.runtime", "message": "cycle_completed agent_id=55f8524e-5ca8-43c4-89ee-9059e9e94fa0 cycle=129 wall_ms=0.746 action_type=move"}
{"time": "2026-07-04T20:38:45.075163+00:00", "level": "INFO", "logger": "decadic.agents.runtime", "message": "cycle_completed agent_id=55f8524e-5ca8-43c4-89ee-9059e9e94fa0 cycle=130 wall_ms=0.543 action_type=move"}
{"time": "2026-07-04T20:38:45.121651+00:00", "level": "INFO", "logger": "decadic.agents.runtime", "message": "cycle_completed agent_id=55f8524e-5ca8-43c4-89ee-9059e9e94fa0 cycle=131 wall_ms=0.521 action_type=move"}
{"time": "2026-07-04T20:38:45.167665+00:00", "level": "INFO", "logger": "decadic.agents.runtime", "message": "cycle_completed agent_id=55f8524e-5ca8-43c4-89ee-9059e9e94fa0 cycle=132 wall_ms=0.521 action_type=move"}
{"time": "2026-07-04T20:38:45.214498+00:00", "level": "INFO", "logger": "decadic.agents.runtime", "message": "cycle_completed agent_id=55f8524e-5ca8-43c4-89ee-9059e9e94fa0 cycle=133 wall_ms=0.750 action_type=move"}
{"time": "2026-07-04T20:38:45.277596+00:00", "level": "INFO", "logger": "decadic.agents.runtime", "message": "cycle_completed agent_id=55f8524e-5ca8-43c4-89ee-9059e9e94fa0 cycle=134 wall_ms=0.810 action_type=move"}
{"time": "2026-07-04T20:38:45.323077+00:00", "level": "INFO", "logger": "decadic.agents.runtime", "message": "cycle_completed agent_id=55f8524e-5ca8-43c4-89ee-9059e9e94fa0 cycle=135 wall_ms=0.598 action_type=move"}
{"time": "2026-07-04T20:38:45.369472+00:00", "level": "INFO", "logger": "decadic.agents.runtime", "message": "cycle_completed agent_id=55f8524e-5ca8-43c4-89ee-9059e9e94fa0 cycle=136 wall_ms=0.521 action_type=move"}
{"time": "2026-07-04T20:38:45.417687+00:00", "level": "INFO", "logger": "decadic.agents.runtime", "message": "cycle_completed agent_id=55f8524e-5ca8-43c4-89ee-9059e9e94fa0 cycle=137 wall_ms=0.588 action_type=move"}
{"time": "2026-07-04T20:38:45.464602+00:00", "level": "INFO", "logger": "decadic.agents.runtime", "message": "cycle_completed agent_id=55f8524e-5ca8-43c4-89ee-9059e9e94fa0 cycle=138 wall_ms=0.451 action_type=move"}
{"time": "2026-07-04T20:38:45.526066+00:00", "level": "INFO", "logger": "decadic.agents.runtime", "message": "cycle_completed agent_id=55f8524e-5ca8-43c4-89ee-9059e9e94fa0 cycle=139 wall_ms=0.532 action_type=move"}
{"time": "2026-07-04T20:38:45.574087+00:00", "level": "INFO", "logger": "decadic.agents.runtime", "message": "cycle_completed agent_id=55f8524e-5ca8-43c4-89ee-9059e9e94fa0 cycle=140 wall_ms=0.532 action_type=move"}
{"time": "2026-07-04T20:38:45.619256+00:00", "level": "INFO", "logger": "decadic.agents.runtime", "message": "cycle_completed agent_id=55f8524e-5ca8-43c4-89ee-9059e9e94fa0 cycle=141 wall_ms=0.502 action_type=move"}
{"time": "2026-07-04T20:38:45.667264+00:00", "level": "INFO", "logger": "decadic.agents.runtime", "message": "cycle_completed agent_id=55f8524e-5ca8-43c4-89ee-9059e9e94fa0 cycle=142 wall_ms=0.546 action_type=move"}
{"time": "2026-07-04T20:38:45.714785+00:00", "level": "INFO", "logger": "decadic.agents.runtime", "message": "cycle_completed agent_id=55f8524e-5ca8-43c4-89ee-9059e9e94fa0 cycle=143 wall_ms=0.517 action_type=move"}
{"time": "2026-07-04T20:38:45.778000+00:00", "level": "INFO", "logger": "decadic.agents.runtime", "message": "cycle_completed agent_id=55f8524e-5ca8-43c4-89ee-9059e9e94fa0 cycle=144 wall_ms=0.604 action_type=move"}
{"time": "2026-07-04T20:38:45.825322+00:00", "level": "INFO", "logger": "decadic.agents.runtime", "message": "cycle_completed agent_id=55f8524e-5ca8-43c4-89ee-9059e9e94fa0 cycle=145 wall_ms=0.543 action_type=move"}
{"time": "2026-07-04T20:38:45.872237+00:00", "level": "INFO", "logger": "decadic.agents.runtime", "message": "cycle_completed agent_id=55f8524e-5ca8-43c4-89ee-9059e9e94fa0 cycle=146 wall_ms=0.463 action_type=move"}
{"time": "2026-07-04T20:38:45.919839+00:00", "level": "INFO", "logger": "decadic.agents.runtime", "message": "cycle_completed agent_id=55f8524e-5ca8-43c4-89ee-9059e9e94fa0 cycle=147 wall_ms=0.599 action_type=move"}
{"time": "2026-07-04T20:38:45.967770+00:00", "level": "INFO", "logger": "decadic.agents.runtime", "message": "cycle_completed agent_id=55f8524e-5ca8-43c4-89ee-9059e9e94fa0 cycle=148 wall_ms=0.495 action_type=move"}
{"time": "2026-07-04T20:38:46.015420+00:00", "level": "INFO", "logger": "decadic.agents.runtime", "message": "cycle_completed agent_id=55f8524e-5ca8-43c4-89ee-9059e9e94fa0 cycle=149 wall_ms=0.539 action_type=move"}
{"time": "2026-07-04T20:38:46.063734+00:00", "level": "INFO", "logger": "decadic.agents.runtime", "message": "cycle_completed agent_id=55f8524e-5ca8-43c4-89ee-9059e9e94fa0 cycle=150 wall_ms=0.464 action_type=move"}
{"time": "2026-07-04T20:38:46.124813+00:00", "level": "INFO", "logger": "decadic.agents.runtime", "message": "cycle_completed agent_id=55f8524e-5ca8-43c4-89ee-9059e9e94fa0 cycle=151 wall_ms=0.741 action_type=move"}
{"time": "2026-07-04T20:38:46.172730+00:00", "level": "INFO", "logger": "decadic.agents.runtime", "message": "cycle_completed agent_id=55f8524e-5ca8-43c4-89ee-9059e9e94fa0 cycle=152 wall_ms=0.761 action_type=move"}
{"time": "2026-07-04T20:38:46.220289+00:00", "level": "INFO", "logger": "decadic.agents.runtime", "message": "cycle_completed agent_id=55f8524e-5ca8-43c4-89ee-9059e9e94fa0 cycle=153 wall_ms=0.876 action_type=move"}
{"time": "2026-07-04T20:38:46.266985+00:00", "level": "INFO", "logger": "decadic.agents.runtime", "message": "cycle_completed agent_id=55f8524e-5ca8-43c4-89ee-9059e9e94fa0 cycle=154 wall_ms=0.538 action_type=move"}
{"time": "2026-07-04T20:38:46.317205+00:00", "level": "INFO", "logger": "decadic.agents.runtime", "message": "cycle_completed agent_id=55f8524e-5ca8-43c4-89ee-9059e9e94fa0 cycle=155 wall_ms=2.468 action_type=move"}
{"time": "2026-07-04T20:38:46.383349+00:00", "level": "INFO", "logger": "decadic.agents.runtime", "message": "cycle_completed agent_id=55f8524e-5ca8-43c4-89ee-9059e9e94fa0 cycle=156 wall_ms=4.436 action_type=move"}
{"time": "2026-07-04T20:38:46.425104+00:00", "level": "INFO", "logger": "decadic.agents.runtime", "message": "cycle_completed agent_id=55f8524e-5ca8-43c4-89ee-9059e9e94fa0 cycle=157 wall_ms=0.523 action_type=move"}
{"time": "2026-07-04T20:38:46.478901+00:00", "level": "INFO", "logger": "decadic.agents.runtime", "message": "cycle_completed agent_id=55f8524e-5ca8-43c4-89ee-9059e9e94fa0 cycle=158 wall_ms=2.527 action_type=move"}
{"time": "2026-07-04T20:38:46.519243+00:00", "level": "INFO", "logger": "decadic.agents.runtime", "message": "cycle_completed agent_id=55f8524e-5ca8-43c4-89ee-9059e9e94fa0 cycle=159 wall_ms=0.532 action_type=move"}
{"time": "2026-07-04T20:38:46.567319+00:00", "level": "INFO", "logger": "decadic.agents.runtime", "message": "cycle_completed agent_id=55f8524e-5ca8-43c4-89ee-9059e9e94fa0 cycle=160 wall_ms=0.493 action_type=move"}
{"time": "2026-07-04T20:38:46.628272+00:00", "level": "INFO", "logger": "decadic.agents.runtime", "message": "cycle_completed agent_id=55f8524e-5ca8-43c4-89ee-9059e9e94fa0 cycle=161 wall_ms=0.528 action_type=move"}
{"time": "2026-07-04T20:38:46.676096+00:00", "level": "INFO", "logger": "decadic.agents.runtime", "message": "cycle_completed agent_id=55f8524e-5ca8-43c4-89ee-9059e9e94fa0 cycle=162 wall_ms=0.938 action_type=move"}
{"time": "2026-07-04T20:38:46.723059+00:00", "level": "INFO", "logger": "decadic.agents.runtime", "message": "cycle_completed agent_id=55f8524e-5ca8-43c4-89ee-9059e9e94fa0 cycle=163 wall_ms=0.687 action_type=move"}
{"time": "2026-07-04T20:38:46.770877+00:00", "level": "INFO", "logger": "decadic.agents.runtime", "message": "cycle_completed agent_id=55f8524e-5ca8-43c4-89ee-9059e9e94fa0 cycle=164 wall_ms=0.524 action_type=move"}
{"time": "2026-07-04T20:38:46.818296+00:00", "level": "INFO", "logger": "decadic.agents.runtime", "message": "cycle_completed agent_id=55f8524e-5ca8-43c4-89ee-9059e9e94fa0 cycle=165 wall_ms=0.491 action_type=move"}
{"time": "2026-07-04T20:38:46.866787+00:00", "level": "INFO", "logger": "decadic.agents.runtime", "message": "cycle_completed agent_id=55f8524e-5ca8-43c4-89ee-9059e9e94fa0 cycle=166 wall_ms=0.925 action_type=move"}
{"time": "2026-07-04T20:38:46.914188+00:00", "level": "INFO", "logger": "decadic.agents.runtime", "message": "cycle_completed agent_id=55f8524e-5ca8-43c4-89ee-9059e9e94fa0 cycle=167 wall_ms=0.501 action_type=move"}
{"time": "2026-07-04T20:38:46.977316+00:00", "level": "INFO", "logger": "decadic.agents.runtime", "message": "cycle_completed agent_id=55f8524e-5ca8-43c4-89ee-9059e9e94fa0 cycle=168 wall_ms=0.801 action_type=move"}
{"time": "2026-07-04T20:38:47.023365+00:00", "level": "INFO", "logger": "decadic.agents.runtime", "message": "cycle_completed agent_id=55f8524e-5ca8-43c4-89ee-9059e9e94fa0 cycle=169 wall_ms=0.570 action_type=move"}
{"time": "2026-07-04T20:38:47.069487+00:00", "level": "INFO", "logger": "decadic.agents.runtime", "message": "cycle_completed agent_id=55f8524e-5ca8-43c4-89ee-9059e9e94fa0 cycle=170 wall_ms=0.712 action_type=move"}
{"time": "2026-07-04T20:38:47.115189+00:00", "level": "INFO", "logger": "decadic.agents.runtime", "message": "cycle_completed agent_id=55f8524e-5ca8-43c4-89ee-9059e9e94fa0 cycle=171 wall_ms=0.521 action_type=move"}
{"time": "2026-07-04T20:38:47.175189+00:00", "level": "INFO", "logger": "decadic.agents.runtime", "message": "cycle_completed agent_id=55f8524e-5ca8-43c4-89ee-9059e9e94fa0 cycle=172 wall_ms=0.555 action_type=move"}
{"time": "2026-07-04T20:38:47.221861+00:00", "level": "INFO", "logger": "decadic.agents.runtime", "message": "cycle_completed agent_id=55f8524e-5ca8-43c4-89ee-9059e9e94fa0 cycle=173 wall_ms=0.518 action_type=move"}
{"time": "2026-07-04T20:38:47.269873+00:00", "level": "INFO", "logger": "decadic.agents.runtime", "message": "cycle_completed agent_id=55f8524e-5ca8-43c4-89ee-9059e9e94fa0 cycle=174 wall_ms=0.556 action_type=move"}
{"time": "2026-07-04T20:38:47.317384+00:00", "level": "INFO", "logger": "decadic.agents.runtime", "message": "cycle_completed agent_id=55f8524e-5ca8-43c4-89ee-9059e9e94fa0 cycle=175 wall_ms=0.505 action_type=move"}
{"time": "2026-07-04T20:38:47.364393+00:00", "level": "INFO", "logger": "decadic.agents.runtime", "message": "cycle_completed agent_id=55f8524e-5ca8-43c4-89ee-9059e9e94fa0 cycle=176 wall_ms=0.521 action_type=move"}
{"time": "2026-07-04T20:38:47.426139+00:00", "level": "INFO", "logger": "decadic.agents.runtime", "message": "cycle_completed agent_id=55f8524e-5ca8-43c4-89ee-9059e9e94fa0 cycle=177 wall_ms=0.553 action_type=move"}
{"time": "2026-07-04T20:38:47.473022+00:00", "level": "INFO", "logger": "decadic.agents.runtime", "message": "cycle_completed agent_id=55f8524e-5ca8-43c4-89ee-9059e9e94fa0 cycle=178 wall_ms=0.518 action_type=move"}
{"time": "2026-07-04T20:38:47.519406+00:00", "level": "INFO", "logger": "decadic.agents.runtime", "message": "cycle_completed agent_id=55f8524e-5ca8-43c4-89ee-9059e9e94fa0 cycle=179 wall_ms=0.522 action_type=move"}
{"time": "2026-07-04T20:38:47.567126+00:00", "level": "INFO", "logger": "decadic.agents.runtime", "message": "cycle_completed agent_id=55f8524e-5ca8-43c4-89ee-9059e9e94fa0 cycle=180 wall_ms=0.717 action_type=move"}
{"time": "2026-07-04T20:38:47.614614+00:00", "level": "INFO", "logger": "decadic.agents.runtime", "message": "cycle_completed agent_id=55f8524e-5ca8-43c4-89ee-9059e9e94fa0 cycle=181 wall_ms=0.644 action_type=move"}
{"time": "2026-07-04T20:38:47.676504+00:00", "level": "INFO", "logger": "decadic.agents.runtime", "message": "cycle_completed agent_id=55f8524e-5ca8-43c4-89ee-9059e9e94fa0 cycle=182 wall_ms=0.635 action_type=move"}
{"time": "2026-07-04T20:38:47.721736+00:00", "level": "INFO", "logger": "decadic.agents.runtime", "message": "cycle_completed agent_id=55f8524e-5ca8-43c4-89ee-9059e9e94fa0 cycle=183 wall_ms=0.498 action_type=move"}
{"time": "2026-07-04T20:38:47.768777+00:00", "level": "INFO", "logger": "decadic.agents.runtime", "message": "cycle_completed agent_id=55f8524e-5ca8-43c4-89ee-9059e9e94fa0 cycle=184 wall_ms=0.539 action_type=move"}
{"time": "2026-07-04T20:38:47.816284+00:00", "level": "INFO", "logger": "decadic.agents.runtime", "message": "cycle_completed agent_id=55f8524e-5ca8-43c4-89ee-9059e9e94fa0 cycle=185 wall_ms=0.534 action_type=move"}
{"time": "2026-07-04T20:38:47.879245+00:00", "level": "INFO", "logger": "decadic.agents.runtime", "message": "cycle_completed agent_id=55f8524e-5ca8-43c4-89ee-9059e9e94fa0 cycle=186 wall_ms=0.552 action_type=move"}
{"time": "2026-07-04T20:38:47.926841+00:00", "level": "INFO", "logger": "decadic.agents.runtime", "message": "cycle_completed agent_id=55f8524e-5ca8-43c4-89ee-9059e9e94fa0 cycle=187 wall_ms=0.561 action_type=move"}
{"time": "2026-07-04T20:38:47.974704+00:00", "level": "INFO", "logger": "decadic.agents.runtime", "message": "cycle_completed agent_id=55f8524e-5ca8-43c4-89ee-9059e9e94fa0 cycle=188 wall_ms=0.982 action_type=move"}
{"time": "2026-07-04T20:38:48.021268+00:00", "level": "INFO", "logger": "decadic.agents.runtime", "message": "cycle_completed agent_id=55f8524e-5ca8-43c4-89ee-9059e9e94fa0 cycle=189 wall_ms=0.557 action_type=move"}
{"time": "2026-07-04T20:38:48.068724+00:00", "level": "INFO", "logger": "decadic.agents.runtime", "message": "cycle_completed agent_id=55f8524e-5ca8-43c4-89ee-9059e9e94fa0 cycle=190 wall_ms=0.491 action_type=move"}
{"time": "2026-07-04T20:38:48.114006+00:00", "level": "INFO", "logger": "decadic.agents.runtime", "message": "cycle_completed agent_id=55f8524e-5ca8-43c4-89ee-9059e9e94fa0 cycle=191 wall_ms=0.533 action_type=move"}
{"time": "2026-07-04T20:38:48.163574+00:00", "level": "INFO", "logger": "decadic.agents.runtime", "message": "cycle_completed agent_id=55f8524e-5ca8-43c4-89ee-9059e9e94fa0 cycle=192 wall_ms=0.463 action_type=move"}
{"time": "2026-07-04T20:38:48.222503+00:00", "level": "INFO", "logger": "decadic.agents.runtime", "message": "cycle_completed agent_id=55f8524e-5ca8-43c4-89ee-9059e9e94fa0 cycle=193 wall_ms=0.519 action_type=move"}
INFO:     connection closed
{"time": "2026-07-04T20:38:48.252141+00:00", "level": "INFO", "logger": "decadic.api.app", "message": "ws_disconnect agent_id=55f8524e-5ca8-43c4-89ee-9059e9e94fa0"}
{"time": "2026-07-04T20:38:48.267574+00:00", "level": "INFO", "logger": "decadic.agents.runtime", "message": "cycle_completed agent_id=55f8524e-5ca8-43c4-89ee-9059e9e94fa0 cycle=194 wall_ms=0.544 action_type=move"}
{"time": "2026-07-04T20:38:48.314989+00:00", "level": "INFO", "logger": "decadic.agents.runtime", "message": "cycle_completed agent_id=55f8524e-5ca8-43c4-89ee-9059e9e94fa0 cycle=195 wall_ms=0.499 action_type=move"}
{"time": "2026-07-04T20:38:48.378678+00:00", "level": "INFO", "logger": "decadic.agents.runtime", "message": "cycle_completed agent_id=55f8524e-5ca8-43c4-89ee-9059e9e94fa0 cycle=196 wall_ms=1.054 action_type=move"}
