INFO:     Started server process [36788]
INFO:     Waiting for application startup.
INFO:     Application startup complete.
INFO:     Uvicorn running on http://127.0.0.1:8766 (Press CTRL+C to quit)
{"time": "2026-07-04T20:43:45.898428+00:00", "level": "INFO", "logger": "decadic.agents.runtime", "message": "cycle_completed agent_id=04d22fae-75b9-4143-95f3-07c5dee2c530 cycle=1 wall_ms=11.473 action_type=move"}
{"time": "2026-07-04T20:43:45.936365+00:00", "level": "INFO", "logger": "decadic.agents.runtime", "message": "cycle_completed agent_id=04d22fae-75b9-4143-95f3-07c5dee2c530 cycle=2 wall_ms=0.533 action_type=move"}
{"time": "2026-07-04T20:43:45.984624+00:00", "level": "INFO", "logger": "decadic.agents.runtime", "message": "cycle_completed agent_id=04d22fae-75b9-4143-95f3-07c5dee2c530 cycle=3 wall_ms=0.608 action_type=move"}
{"time": "2026-07-04T20:43:46.031749+00:00", "level": "INFO", "logger": "decadic.agents.runtime", "message": "cycle_completed agent_id=04d22fae-75b9-4143-95f3-07c5dee2c530 cycle=4 wall_ms=0.471 action_type=move"}
{"time": "2026-07-04T20:43:46.078233+00:00", "level": "INFO", "logger": "decadic.agents.runtime", "message": "cycle_completed agent_id=04d22fae-75b9-4143-95f3-07c5dee2c530 cycle=5 wall_ms=0.433 action_type=move"}
INFO:     127.0.0.1:64961 - "WebSocket /agent/04d22fae-75b9-4143-95f3-07c5dee2c530/cycle" [accepted]
INFO:     connection open
{"time": "2026-07-04T20:43:46.124650+00:00", "level": "INFO", "logger": "decadic.agents.runtime", "message": "cycle_completed agent_id=04d22fae-75b9-4143-95f3-07c5dee2c530 cycle=6 wall_ms=0.437 action_type=move"}
{"time": "2026-07-04T20:43:46.174181+00:00", "level": "INFO", "logger": "decadic.agents.runtime", "message": "cycle_completed agent_id=04d22fae-75b9-4143-95f3-07c5dee2c530 cycle=7 wall_ms=0.778 action_type=move"}
{"time": "2026-07-04T20:43:46.236814+00:00", "level": "INFO", "logger": "decadic.agents.runtime", "message": "cycle_completed agent_id=04d22fae-75b9-4143-95f3-07c5dee2c530 cycle=8 wall_ms=0.469 action_type=move"}
{"time": "2026-07-04T20:43:46.284374+00:00", "level": "INFO", "logger": "decadic.agents.runtime", "message": "cycle_completed agent_id=04d22fae-75b9-4143-95f3-07c5dee2c530 cycle=9 wall_ms=0.465 action_type=move"}
{"time": "2026-07-04T20:43:46.284847+00:00", "level": "INFO", "logger": "decadic.agents.runtime", "message": "fast_path_damage agent_id=04d22fae-75b9-4143-95f3-07c5dee2c530 damage=21.2500 integrity=78.7500 viability=78.7500"}
{"time": "2026-07-04T20:43:46.331392+00:00", "level": "INFO", "logger": "decadic.agents.runtime", "message": "cycle_completed agent_id=04d22fae-75b9-4143-95f3-07c5dee2c530 cycle=10 wall_ms=0.460 action_type=move"}
{"time": "2026-07-04T20:43:46.378923+00:00", "level": "INFO", "logger": "decadic.agents.runtime", "message": "cycle_completed agent_id=04d22fae-75b9-4143-95f3-07c5dee2c530 cycle=11 wall_ms=0.476 action_type=move"}
{"time": "2026-07-04T20:43:46.426972+00:00", "level": "INFO", "logger": "decadic.agents.runtime", "message": "cycle_completed agent_id=04d22fae-75b9-4143-95f3-07c5dee2c530 cycle=12 wall_ms=0.492 action_type=move"}
{"time": "2026-07-04T20:43:46.474874+00:00", "level": "INFO", "logger": "decadic.agents.runtime", "message": "cycle_completed agent_id=04d22fae-75b9-4143-95f3-07c5dee2c530 cycle=13 wall_ms=0.754 action_type=move"}
{"time": "2026-07-04T20:43:46.537384+00:00", "level": "INFO", "logger": "decadic.agents.runtime", "message": "cycle_completed agent_id=04d22fae-75b9-4143-95f3-07c5dee2c530 cycle=14 wall_ms=0.491 action_type=move"}
{"time": "2026-07-04T20:43:46.584116+00:00", "level": "INFO", "logger": "decadic.agents.runtime", "message": "cycle_completed agent_id=04d22fae-75b9-4143-95f3-07c5dee2c530 cycle=15 wall_ms=0.477 action_type=move"}
{"time": "2026-07-04T20:43:46.630148+00:00", "level": "INFO", "logger": "decadic.agents.runtime", "message": "cycle_completed agent_id=04d22fae-75b9-4143-95f3-07c5dee2c530 cycle=16 wall_ms=0.485 action_type=move"}
{"time": "2026-07-04T20:43:46.677658+00:00", "level": "INFO", "logger": "decadic.agents.runtime", "message": "cycle_completed agent_id=04d22fae-75b9-4143-95f3-07c5dee2c530 cycle=17 wall_ms=0.473 action_type=move"}
{"time": "2026-07-04T20:43:46.724411+00:00", "level": "INFO", "logger": "decadic.agents.runtime", "message": "cycle_completed agent_id=04d22fae-75b9-4143-95f3-07c5dee2c530 cycle=18 wall_ms=0.609 action_type=move"}
{"time": "2026-07-04T20:43:46.786263+00:00", "level": "INFO", "logger": "decadic.agents.runtime", "message": "cycle_completed agent_id=04d22fae-75b9-4143-95f3-07c5dee2c530 cycle=19 wall_ms=0.639 action_type=move"}
{"time": "2026-07-04T20:43:46.832987+00:00", "level": "INFO", "logger": "decadic.agents.runtime", "message": "cycle_completed agent_id=04d22fae-75b9-4143-95f3-07c5dee2c530 cycle=20 wall_ms=0.471 action_type=move"}
{"time": "2026-07-04T20:43:46.879573+00:00", "level": "INFO", "logger": "decadic.agents.runtime", "message": "cycle_completed agent_id=04d22fae-75b9-4143-95f3-07c5dee2c530 cycle=21 wall_ms=0.519 action_type=move"}
{"time": "2026-07-04T20:43:46.926677+00:00", "level": "INFO", "logger": "decadic.agents.runtime", "message": "cycle_completed agent_id=04d22fae-75b9-4143-95f3-07c5dee2c530 cycle=22 wall_ms=0.596 action_type=move"}
{"time": "2026-07-04T20:43:46.974021+00:00", "level": "INFO", "logger": "decadic.agents.runtime", "message": "cycle_completed agent_id=04d22fae-75b9-4143-95f3-07c5dee2c530 cycle=23 wall_ms=0.875 action_type=move"}
{"time": "2026-07-04T20:43:47.036679+00:00", "level": "INFO", "logger": "decadic.agents.runtime", "message": "cycle_completed agent_id=04d22fae-75b9-4143-95f3-07c5dee2c530 cycle=24 wall_ms=0.849 action_type=move"}
{"time": "2026-07-04T20:43:47.083129+00:00", "level": "INFO", "logger": "decadic.agents.runtime", "message": "cycle_completed agent_id=04d22fae-75b9-4143-95f3-07c5dee2c530 cycle=25 wall_ms=0.545 action_type=move"}
{"time": "2026-07-04T20:43:47.129733+00:00", "level": "INFO", "logger": "decadic.agents.runtime", "message": "cycle_completed agent_id=04d22fae-75b9-4143-95f3-07c5dee2c530 cycle=26 wall_ms=0.444 action_type=move"}
{"time": "2026-07-04T20:43:47.178023+00:00", "level": "INFO", "logger": "decadic.agents.runtime", "message": "cycle_completed agent_id=04d22fae-75b9-4143-95f3-07c5dee2c530 cycle=27 wall_ms=0.565 action_type=move"}
{"time": "2026-07-04T20:43:47.225927+00:00", "level": "INFO", "logger": "decadic.agents.runtime", "message": "cycle_completed agent_id=04d22fae-75b9-4143-95f3-07c5dee2c530 cycle=28 wall_ms=0.471 action_type=move"}
{"time": "2026-07-04T20:43:47.287795+00:00", "level": "INFO", "logger": "decadic.agents.runtime", "message": "cycle_completed agent_id=04d22fae-75b9-4143-95f3-07c5dee2c530 cycle=29 wall_ms=0.575 action_type=move"}
{"time": "2026-07-04T20:43:47.335784+00:00", "level": "INFO", "logger": "decadic.agents.runtime", "message": "cycle_completed agent_id=04d22fae-75b9-4143-95f3-07c5dee2c530 cycle=30 wall_ms=0.562 action_type=move"}
{"time": "2026-07-04T20:43:47.382200+00:00", "level": "INFO", "logger": "decadic.agents.runtime", "message": "cycle_completed agent_id=04d22fae-75b9-4143-95f3-07c5dee2c530 cycle=31 wall_ms=0.474 action_type=move"}
{"time": "2026-07-04T20:43:47.430332+00:00", "level": "INFO", "logger": "decadic.agents.runtime", "message": "cycle_completed agent_id=04d22fae-75b9-4143-95f3-07c5dee2c530 cycle=32 wall_ms=0.571 action_type=move"}
{"time": "2026-07-04T20:43:47.477771+00:00", "level": "INFO", "logger": "decadic.agents.runtime", "message": "cycle_completed agent_id=04d22fae-75b9-4143-95f3-07c5dee2c530 cycle=33 wall_ms=0.486 action_type=move"}
{"time": "2026-07-04T20:43:47.525858+00:00", "level": "INFO", "logger": "decadic.agents.runtime", "message": "cycle_completed agent_id=04d22fae-75b9-4143-95f3-07c5dee2c530 cycle=34 wall_ms=0.584 action_type=move"}
{"time": "2026-07-04T20:43:47.574224+00:00", "level": "INFO", "logger": "decadic.agents.runtime", "message": "cycle_completed agent_id=04d22fae-75b9-4143-95f3-07c5dee2c530 cycle=35 wall_ms=0.476 action_type=move"}
{"time": "2026-07-04T20:43:47.636583+00:00", "level": "INFO", "logger": "decadic.agents.runtime", "message": "cycle_completed agent_id=04d22fae-75b9-4143-95f3-07c5dee2c530 cycle=36 wall_ms=0.553 action_type=move"}
{"time": "2026-07-04T20:43:47.683114+00:00", "level": "INFO", "logger": "decadic.agents.runtime", "message": "cycle_completed agent_id=04d22fae-75b9-4143-95f3-07c5dee2c530 cycle=37 wall_ms=0.576 action_type=move"}
{"time": "2026-07-04T20:43:47.730897+00:00", "level": "INFO", "logger": "decadic.agents.runtime", "message": "cycle_completed agent_id=04d22fae-75b9-4143-95f3-07c5dee2c530 cycle=38 wall_ms=0.667 action_type=move"}
{"time": "2026-07-04T20:43:47.777883+00:00", "level": "INFO", "logger": "decadic.agents.runtime", "message": "cycle_completed agent_id=04d22fae-75b9-4143-95f3-07c5dee2c530 cycle=39 wall_ms=0.574 action_type=move"}
{"time": "2026-07-04T20:43:47.824965+00:00", "level": "INFO", "logger": "decadic.agents.runtime", "message": "cycle_completed agent_id=04d22fae-75b9-4143-95f3-07c5dee2c530 cycle=40 wall_ms=0.506 action_type=move"}
{"time": "2026-07-04T20:43:47.888645+00:00", "level": "INFO", "logger": "decadic.agents.runtime", "message": "cycle_completed agent_id=04d22fae-75b9-4143-95f3-07c5dee2c530 cycle=41 wall_ms=0.578 action_type=move"}
{"time": "2026-07-04T20:43:47.936707+00:00", "level": "INFO", "logger": "decadic.agents.runtime", "message": "cycle_completed agent_id=04d22fae-75b9-4143-95f3-07c5dee2c530 cycle=42 wall_ms=0.588 action_type=move"}
{"time": "2026-07-04T20:43:47.984133+00:00", "level": "INFO", "logger": "decadic.agents.runtime", "message": "cycle_completed agent_id=04d22fae-75b9-4143-95f3-07c5dee2c530 cycle=43 wall_ms=0.477 action_type=move"}
{"time": "2026-07-04T20:43:48.029207+00:00", "level": "INFO", "logger": "decadic.agents.runtime", "message": "cycle_completed agent_id=04d22fae-75b9-4143-95f3-07c5dee2c530 cycle=44 wall_ms=0.593 action_type=move"}
{"time": "2026-07-04T20:43:48.076395+00:00", "level": "INFO", "logger": "decadic.agents.runtime", "message": "cycle_completed agent_id=04d22fae-75b9-4143-95f3-07c5dee2c530 cycle=45 wall_ms=0.459 action_type=move"}
{"time": "2026-07-04T20:43:48.138475+00:00", "level": "INFO", "logger": "decadic.agents.runtime", "message": "cycle_completed agent_id=04d22fae-75b9-4143-95f3-07c5dee2c530 cycle=46 wall_ms=0.617 action_type=move"}
{"time": "2026-07-04T20:43:48.185938+00:00", "level": "INFO", "logger": "decadic.agents.runtime", "message": "cycle_completed agent_id=04d22fae-75b9-4143-95f3-07c5dee2c530 cycle=47 wall_ms=0.560 action_type=move"}
{"time": "2026-07-04T20:43:48.232915+00:00", "level": "INFO", "logger": "decadic.agents.runtime", "message": "cycle_completed agent_id=04d22fae-75b9-4143-95f3-07c5dee2c530 cycle=48 wall_ms=0.497 action_type=move"}
{"time": "2026-07-04T20:43:48.280482+00:00", "level": "INFO", "logger": "decadic.agents.runtime", "message": "cycle_completed agent_id=04d22fae-75b9-4143-95f3-07c5dee2c530 cycle=49 wall_ms=0.593 action_type=move"}
{"time": "2026-07-04T20:43:48.328407+00:00", "level": "INFO", "logger": "decadic.agents.runtime", "message": "cycle_completed agent_id=04d22fae-75b9-4143-95f3-07c5dee2c530 cycle=50 wall_ms=0.470 action_type=move"}
{"time": "2026-07-04T20:43:48.376107+00:00", "level": "INFO", "logger": "decadic.agents.runtime", "message": "cycle_completed agent_id=04d22fae-75b9-4143-95f3-07c5dee2c530 cycle=51 wall_ms=0.643 action_type=move"}
{"time": "2026-07-04T20:43:48.424090+00:00", "level": "INFO", "logger": "decadic.agents.runtime", "message": "cycle_completed agent_id=04d22fae-75b9-4143-95f3-07c5dee2c530 cycle=52 wall_ms=0.587 action_type=move"}
{"time": "2026-07-04T20:43:48.487544+00:00", "level": "INFO", "logger": "decadic.agents.runtime", "message": "cycle_completed agent_id=04d22fae-75b9-4143-95f3-07c5dee2c530 cycle=53 wall_ms=0.534 action_type=move"}
{"time": "2026-07-04T20:43:48.535421+00:00", "level": "INFO", "logger": "decadic.agents.runtime", "message": "cycle_completed agent_id=04d22fae-75b9-4143-95f3-07c5dee2c530 cycle=54 wall_ms=0.548 action_type=move"}
{"time": "2026-07-04T20:43:48.582566+00:00", "level": "INFO", "logger": "decadic.agents.runtime", "message": "cycle_completed agent_id=04d22fae-75b9-4143-95f3-07c5dee2c530 cycle=55 wall_ms=0.451 action_type=move"}
{"time": "2026-07-04T20:43:48.630189+00:00", "level": "INFO", "logger": "decadic.agents.runtime", "message": "cycle_completed agent_id=04d22fae-75b9-4143-95f3-07c5dee2c530 cycle=56 wall_ms=0.562 action_type=move"}
{"time": "2026-07-04T20:43:48.676660+00:00", "level": "INFO", "logger": "decadic.agents.runtime", "message": "cycle_completed agent_id=04d22fae-75b9-4143-95f3-07c5dee2c530 cycle=57 wall_ms=0.515 action_type=move"}
{"time": "2026-07-04T20:43:48.725062+00:00", "level": "INFO", "logger": "decadic.agents.runtime", "message": "cycle_completed agent_id=04d22fae-75b9-4143-95f3-07c5dee2c530 cycle=58 wall_ms=0.718 action_type=move"}
{"time": "2026-07-04T20:43:48.773923+00:00", "level": "INFO", "logger": "decadic.agents.runtime", "message": "cycle_completed agent_id=04d22fae-75b9-4143-95f3-07c5dee2c530 cycle=59 wall_ms=0.478 action_type=move"}
{"time": "2026-07-04T20:43:48.836218+00:00", "level": "INFO", "logger": "decadic.agents.runtime", "message": "cycle_completed agent_id=04d22fae-75b9-4143-95f3-07c5dee2c530 cycle=60 wall_ms=0.605 action_type=move"}
{"time": "2026-07-04T20:43:48.883759+00:00", "level": "INFO", "logger": "decadic.agents.runtime", "message": "cycle_completed agent_id=04d22fae-75b9-4143-95f3-07c5dee2c530 cycle=61 wall_ms=0.572 action_type=move"}
{"time": "2026-07-04T20:43:48.932922+00:00", "level": "INFO", "logger": "decadic.agents.runtime", "message": "cycle_completed agent_id=04d22fae-75b9-4143-95f3-07c5dee2c530 cycle=62 wall_ms=0.950 action_type=move"}
{"time": "2026-07-04T20:43:48.979319+00:00", "level": "INFO", "logger": "decadic.agents.runtime", "message": "cycle_completed agent_id=04d22fae-75b9-4143-95f3-07c5dee2c530 cycle=63 wall_ms=0.568 action_type=move"}
{"time": "2026-07-04T20:43:49.027266+00:00", "level": "INFO", "logger": "decadic.agents.runtime", "message": "cycle_completed agent_id=04d22fae-75b9-4143-95f3-07c5dee2c530 cycle=64 wall_ms=0.498 action_type=move"}
{"time": "2026-07-04T20:43:49.074813+00:00", "level": "INFO", "logger": "decadic.agents.runtime", "message": "cycle_completed agent_id=04d22fae-75b9-4143-95f3-07c5dee2c530 cycle=65 wall_ms=0.590 action_type=move"}
{"time": "2026-07-04T20:43:49.124394+00:00", "level": "INFO", "logger": "decadic.agents.runtime", "message": "cycle_completed agent_id=04d22fae-75b9-4143-95f3-07c5dee2c530 cycle=66 wall_ms=0.510 action_type=move"}
{"time": "2026-07-04T20:43:49.186219+00:00", "level": "INFO", "logger": "decadic.agents.runtime", "message": "cycle_completed agent_id=04d22fae-75b9-4143-95f3-07c5dee2c530 cycle=67 wall_ms=0.591 action_type=move"}
{"time": "2026-07-04T20:43:49.232632+00:00", "level": "INFO", "logger": "decadic.agents.runtime", "message": "cycle_completed agent_id=04d22fae-75b9-4143-95f3-07c5dee2c530 cycle=68 wall_ms=0.567 action_type=move"}
{"time": "2026-07-04T20:43:49.280147+00:00", "level": "INFO", "logger": "decadic.agents.runtime", "message": "cycle_completed agent_id=04d22fae-75b9-4143-95f3-07c5dee2c530 cycle=69 wall_ms=0.446 action_type=move"}
{"time": "2026-07-04T20:43:49.325391+00:00", "level": "INFO", "logger": "decadic.agents.runtime", "message": "cycle_completed agent_id=04d22fae-75b9-4143-95f3-07c5dee2c530 cycle=70 wall_ms=0.817 action_type=move"}
{"time": "2026-07-04T20:43:49.374309+00:00", "level": "INFO", "logger": "decadic.agents.runtime", "message": "cycle_completed agent_id=04d22fae-75b9-4143-95f3-07c5dee2c530 cycle=71 wall_ms=0.484 action_type=move"}
{"time": "2026-07-04T20:43:49.436610+00:00", "level": "INFO", "logger": "decadic.agents.runtime", "message": "cycle_completed agent_id=04d22fae-75b9-4143-95f3-07c5dee2c530 cycle=72 wall_ms=0.571 action_type=move"}
{"time": "2026-07-04T20:43:49.484261+00:00", "level": "INFO", "logger": "decadic.agents.runtime", "message": "cycle_completed agent_id=04d22fae-75b9-4143-95f3-07c5dee2c530 cycle=73 wall_ms=0.573 action_type=move"}
{"time": "2026-07-04T20:43:49.531090+00:00", "level": "INFO", "logger": "decadic.agents.runtime", "message": "cycle_completed agent_id=04d22fae-75b9-4143-95f3-07c5dee2c530 cycle=74 wall_ms=0.507 action_type=move"}
{"time": "2026-07-04T20:43:49.578736+00:00", "level": "INFO", "logger": "decadic.agents.runtime", "message": "cycle_completed agent_id=04d22fae-75b9-4143-95f3-07c5dee2c530 cycle=75 wall_ms=0.568 action_type=move"}
{"time": "2026-07-04T20:43:49.626708+00:00", "level": "INFO", "logger": "decadic.agents.runtime", "message": "cycle_completed agent_id=04d22fae-75b9-4143-95f3-07c5dee2c530 cycle=76 wall_ms=0.475 action_type=move"}
{"time": "2026-07-04T20:43:49.689682+00:00", "level": "INFO", "logger": "decadic.agents.runtime", "message": "cycle_completed agent_id=04d22fae-75b9-4143-95f3-07c5dee2c530 cycle=77 wall_ms=1.015 action_type=move"}
{"time": "2026-07-04T20:43:49.723504+00:00", "level": "INFO", "logger": "decadic.agents.runtime", "message": "cycle_completed agent_id=04d22fae-75b9-4143-95f3-07c5dee2c530 cycle=78 wall_ms=0.521 action_type=move"}
{"time": "2026-07-04T20:43:49.784753+00:00", "level": "INFO", "logger": "decadic.agents.runtime", "message": "cycle_completed agent_id=04d22fae-75b9-4143-95f3-07c5dee2c530 cycle=79 wall_ms=0.524 action_type=move"}
{"time": "2026-07-04T20:43:49.831739+00:00", "level": "INFO", "logger": "decadic.agents.runtime", "message": "cycle_completed agent_id=04d22fae-75b9-4143-95f3-07c5dee2c530 cycle=80 wall_ms=0.572 action_type=move"}
{"time": "2026-07-04T20:43:49.879188+00:00", "level": "INFO", "logger": "decadic.agents.runtime", "message": "cycle_completed agent_id=04d22fae-75b9-4143-95f3-07c5dee2c530 cycle=81 wall_ms=0.504 action_type=move"}
{"time": "2026-07-04T20:43:49.925279+00:00", "level": "INFO", "logger": "decadic.agents.runtime", "message": "cycle_completed agent_id=04d22fae-75b9-4143-95f3-07c5dee2c530 cycle=82 wall_ms=0.593 action_type=move"}
{"time": "2026-07-04T20:43:49.974450+00:00", "level": "INFO", "logger": "decadic.agents.runtime", "message": "cycle_completed agent_id=04d22fae-75b9-4143-95f3-07c5dee2c530 cycle=83 wall_ms=0.559 action_type=move"}
{"time": "2026-07-04T20:43:50.035053+00:00", "level": "INFO", "logger": "decadic.agents.runtime", "message": "cycle_completed agent_id=04d22fae-75b9-4143-95f3-07c5dee2c530 cycle=84 wall_ms=0.619 action_type=move"}
{"time": "2026-07-04T20:43:50.082236+00:00", "level": "INFO", "logger": "decadic.agents.runtime", "message": "cycle_completed agent_id=04d22fae-75b9-4143-95f3-07c5dee2c530 cycle=85 wall_ms=0.584 action_type=move"}
{"time": "2026-07-04T20:43:50.130128+00:00", "level": "INFO", "logger": "decadic.agents.runtime", "message": "cycle_completed agent_id=04d22fae-75b9-4143-95f3-07c5dee2c530 cycle=86 wall_ms=0.510 action_type=move"}
{"time": "2026-07-04T20:43:50.177792+00:00", "level": "INFO", "logger": "decadic.agents.runtime", "message": "cycle_completed agent_id=04d22fae-75b9-4143-95f3-07c5dee2c530 cycle=87 wall_ms=0.574 action_type=move"}
{"time": "2026-07-04T20:43:50.224705+00:00", "level": "INFO", "logger": "decadic.agents.runtime", "message": "cycle_completed agent_id=04d22fae-75b9-4143-95f3-07c5dee2c530 cycle=88 wall_ms=0.459 action_type=move"}
{"time": "2026-07-04T20:43:50.288406+00:00", "level": "INFO", "logger": "decadic.agents.runtime", "message": "cycle_completed agent_id=04d22fae-75b9-4143-95f3-07c5dee2c530 cycle=89 wall_ms=0.639 action_type=move"}
{"time": "2026-07-04T20:43:50.336217+00:00", "level": "INFO", "logger": "decadic.agents.runtime", "message": "cycle_completed agent_id=04d22fae-75b9-4143-95f3-07c5dee2c530 cycle=90 wall_ms=0.564 action_type=move"}
{"time": "2026-07-04T20:43:50.383676+00:00", "level": "INFO", "logger": "decadic.agents.runtime", "message": "cycle_completed agent_id=04d22fae-75b9-4143-95f3-07c5dee2c530 cycle=91 wall_ms=0.467 action_type=move"}
{"time": "2026-07-04T20:43:50.431804+00:00", "level": "INFO", "logger": "decadic.agents.runtime", "message": "cycle_completed agent_id=04d22fae-75b9-4143-95f3-07c5dee2c530 cycle=92 wall_ms=0.605 action_type=move"}
{"time": "2026-07-04T20:43:50.478930+00:00", "level": "INFO", "logger": "decadic.agents.runtime", "message": "cycle_completed agent_id=04d22fae-75b9-4143-95f3-07c5dee2c530 cycle=93 wall_ms=0.479 action_type=move"}
{"time": "2026-07-04T20:43:50.527097+00:00", "level": "INFO", "logger": "decadic.agents.runtime", "message": "cycle_completed agent_id=04d22fae-75b9-4143-95f3-07c5dee2c530 cycle=94 wall_ms=0.556 action_type=move"}
{"time": "2026-07-04T20:43:50.574013+00:00", "level": "INFO", "logger": "decadic.agents.runtime", "message": "cycle_completed agent_id=04d22fae-75b9-4143-95f3-07c5dee2c530 cycle=95 wall_ms=0.523 action_type=move"}
{"time": "2026-07-04T20:43:50.637176+00:00", "level": "INFO", "logger": "decadic.agents.runtime", "message": "cycle_completed agent_id=04d22fae-75b9-4143-95f3-07c5dee2c530 cycle=96 wall_ms=0.656 action_type=move"}
{"time": "2026-07-04T20:43:50.683621+00:00", "level": "INFO", "logger": "decadic.agents.runtime", "message": "cycle_completed agent_id=04d22fae-75b9-4143-95f3-07c5dee2c530 cycle=97 wall_ms=0.569 action_type=move"}
{"time": "2026-07-04T20:43:50.730563+00:00", "level": "INFO", "logger": "decadic.agents.runtime", "message": "cycle_completed agent_id=04d22fae-75b9-4143-95f3-07c5dee2c530 cycle=98 wall_ms=0.496 action_type=move"}
{"time": "2026-07-04T20:43:50.777173+00:00", "level": "INFO", "logger": "decadic.agents.runtime", "message": "cycle_completed agent_id=04d22fae-75b9-4143-95f3-07c5dee2c530 cycle=99 wall_ms=0.571 action_type=move"}
{"time": "2026-07-04T20:43:50.825078+00:00", "level": "INFO", "logger": "decadic.agents.runtime", "message": "cycle_completed agent_id=04d22fae-75b9-4143-95f3-07c5dee2c530 cycle=100 wall_ms=0.481 action_type=move"}
{"time": "2026-07-04T20:43:50.889035+00:00", "level": "INFO", "logger": "decadic.agents.runtime", "message": "cycle_completed agent_id=04d22fae-75b9-4143-95f3-07c5dee2c530 cycle=101 wall_ms=0.593 action_type=move"}
{"time": "2026-07-04T20:43:50.937330+00:00", "level": "INFO", "logger": "decadic.agents.runtime", "message": "cycle_completed agent_id=04d22fae-75b9-4143-95f3-07c5dee2c530 cycle=102 wall_ms=1.043 action_type=move"}
{"time": "2026-07-04T20:43:50.984056+00:00", "level": "INFO", "logger": "decadic.agents.runtime", "message": "cycle_completed agent_id=04d22fae-75b9-4143-95f3-07c5dee2c530 cycle=103 wall_ms=0.497 action_type=move"}
{"time": "2026-07-04T20:43:51.032219+00:00", "level": "INFO", "logger": "decadic.agents.runtime", "message": "cycle_completed agent_id=04d22fae-75b9-4143-95f3-07c5dee2c530 cycle=104 wall_ms=0.611 action_type=move"}
{"time": "2026-07-04T20:43:51.079585+00:00", "level": "INFO", "logger": "decadic.agents.runtime", "message": "cycle_completed agent_id=04d22fae-75b9-4143-95f3-07c5dee2c530 cycle=105 wall_ms=0.471 action_type=move"}
{"time": "2026-07-04T20:43:51.126700+00:00", "level": "INFO", "logger": "decadic.agents.runtime", "message": "cycle_completed agent_id=04d22fae-75b9-4143-95f3-07c5dee2c530 cycle=106 wall_ms=0.578 action_type=move"}
{"time": "2026-07-04T20:43:51.174543+00:00", "level": "INFO", "logger": "decadic.agents.runtime", "message": "cycle_completed agent_id=04d22fae-75b9-4143-95f3-07c5dee2c530 cycle=107 wall_ms=0.753 action_type=move"}
{"time": "2026-07-04T20:43:51.238581+00:00", "level": "INFO", "logger": "decadic.agents.runtime", "message": "cycle_completed agent_id=04d22fae-75b9-4143-95f3-07c5dee2c530 cycle=108 wall_ms=0.838 action_type=move"}
{"time": "2026-07-04T20:43:51.284840+00:00", "level": "INFO", "logger": "decadic.agents.runtime", "message": "cycle_completed agent_id=04d22fae-75b9-4143-95f3-07c5dee2c530 cycle=109 wall_ms=0.580 action_type=move"}
{"time": "2026-07-04T20:43:51.333548+00:00", "level": "INFO", "logger": "decadic.agents.runtime", "message": "cycle_completed agent_id=04d22fae-75b9-4143-95f3-07c5dee2c530 cycle=110 wall_ms=0.822 action_type=move"}
{"time": "2026-07-04T20:43:51.380433+00:00", "level": "INFO", "logger": "decadic.agents.runtime", "message": "cycle_completed agent_id=04d22fae-75b9-4143-95f3-07c5dee2c530 cycle=111 wall_ms=0.681 action_type=move"}
{"time": "2026-07-04T20:43:51.428298+00:00", "level": "INFO", "logger": "decadic.agents.runtime", "message": "cycle_completed agent_id=04d22fae-75b9-4143-95f3-07c5dee2c530 cycle=112 wall_ms=0.480 action_type=move"}
{"time": "2026-07-04T20:43:51.475319+00:00", "level": "INFO", "logger": "decadic.agents.runtime", "message": "cycle_completed agent_id=04d22fae-75b9-4143-95f3-07c5dee2c530 cycle=113 wall_ms=0.744 action_type=move"}
{"time": "2026-07-04T20:43:51.536856+00:00", "level": "INFO", "logger": "decadic.agents.runtime", "message": "cycle_completed agent_id=04d22fae-75b9-4143-95f3-07c5dee2c530 cycle=114 wall_ms=0.561 action_type=move"}
{"time": "2026-07-04T20:43:51.584295+00:00", "level": "INFO", "logger": "decadic.agents.runtime", "message": "cycle_completed agent_id=04d22fae-75b9-4143-95f3-07c5dee2c530 cycle=115 wall_ms=0.764 action_type=move"}
{"time": "2026-07-04T20:43:51.631763+00:00", "level": "INFO", "logger": "decadic.agents.runtime", "message": "cycle_completed agent_id=04d22fae-75b9-4143-95f3-07c5dee2c530 cycle=116 wall_ms=0.586 action_type=move"}
{"time": "2026-07-04T20:43:51.678192+00:00", "level": "INFO", "logger": "decadic.agents.runtime", "message": "cycle_completed agent_id=04d22fae-75b9-4143-95f3-07c5dee2c530 cycle=117 wall_ms=0.480 action_type=move"}
{"time": "2026-07-04T20:43:51.726263+00:00", "level": "INFO", "logger": "decadic.agents.runtime", "message": "cycle_completed agent_id=04d22fae-75b9-4143-95f3-07c5dee2c530 cycle=118 wall_ms=0.581 action_type=move"}
{"time": "2026-07-04T20:43:51.773997+00:00", "level": "INFO", "logger": "decadic.agents.runtime", "message": "cycle_completed agent_id=04d22fae-75b9-4143-95f3-07c5dee2c530 cycle=119 wall_ms=0.620 action_type=move"}
{"time": "2026-07-04T20:43:51.835844+00:00", "level": "INFO", "logger": "decadic.agents.runtime", "message": "cycle_completed agent_id=04d22fae-75b9-4143-95f3-07c5dee2c530 cycle=120 wall_ms=0.668 action_type=move"}
{"time": "2026-07-04T20:43:51.882859+00:00", "level": "INFO", "logger": "decadic.agents.runtime", "message": "cycle_completed agent_id=04d22fae-75b9-4143-95f3-07c5dee2c530 cycle=121 wall_ms=0.595 action_type=move"}
{"time": "2026-07-04T20:43:51.930839+00:00", "level": "INFO", "logger": "decadic.agents.runtime", "message": "cycle_completed agent_id=04d22fae-75b9-4143-95f3-07c5dee2c530 cycle=122 wall_ms=0.557 action_type=move"}
{"time": "2026-07-04T20:43:51.978369+00:00", "level": "INFO", "logger": "decadic.agents.runtime", "message": "cycle_completed agent_id=04d22fae-75b9-4143-95f3-07c5dee2c530 cycle=123 wall_ms=0.565 action_type=move"}
{"time": "2026-07-04T20:43:52.025789+00:00", "level": "INFO", "logger": "decadic.agents.runtime", "message": "cycle_completed agent_id=04d22fae-75b9-4143-95f3-07c5dee2c530 cycle=124 wall_ms=0.476 action_type=move"}
{"time": "2026-07-04T20:43:52.088693+00:00", "level": "INFO", "logger": "decadic.agents.runtime", "message": "cycle_completed agent_id=04d22fae-75b9-4143-95f3-07c5dee2c530 cycle=125 wall_ms=0.582 action_type=move"}
{"time": "2026-07-04T20:43:52.135261+00:00", "level": "INFO", "logger": "decadic.agents.runtime", "message": "cycle_completed agent_id=04d22fae-75b9-4143-95f3-07c5dee2c530 cycle=126 wall_ms=0.618 action_type=move"}
{"time": "2026-07-04T20:43:52.183431+00:00", "level": "INFO", "logger": "decadic.agents.runtime", "message": "cycle_completed agent_id=04d22fae-75b9-4143-95f3-07c5dee2c530 cycle=127 wall_ms=0.488 action_type=move"}
{"time": "2026-07-04T20:43:52.230572+00:00", "level": "INFO", "logger": "decadic.agents.runtime", "message": "cycle_completed agent_id=04d22fae-75b9-4143-95f3-07c5dee2c530 cycle=128 wall_ms=0.585 action_type=move"}
{"time": "2026-07-04T20:43:52.277025+00:00", "level": "INFO", "logger": "decadic.agents.runtime", "message": "cycle_completed agent_id=04d22fae-75b9-4143-95f3-07c5dee2c530 cycle=129 wall_ms=0.492 action_type=move"}
{"time": "2026-07-04T20:43:52.325152+00:00", "level": "INFO", "logger": "decadic.agents.runtime", "message": "cycle_completed agent_id=04d22fae-75b9-4143-95f3-07c5dee2c530 cycle=130 wall_ms=0.585 action_type=move"}
{"time": "2026-07-04T20:43:52.373646+00:00", "level": "INFO", "logger": "decadic.agents.runtime", "message": "cycle_completed agent_id=04d22fae-75b9-4143-95f3-07c5dee2c530 cycle=131 wall_ms=0.505 action_type=move"}
{"time": "2026-07-04T20:43:52.435448+00:00", "level": "INFO", "logger": "decadic.agents.runtime", "message": "cycle_completed agent_id=04d22fae-75b9-4143-95f3-07c5dee2c530 cycle=132 wall_ms=0.470 action_type=move"}
{"time": "2026-07-04T20:43:52.483296+00:00", "level": "INFO", "logger": "decadic.agents.runtime", "message": "cycle_completed agent_id=04d22fae-75b9-4143-95f3-07c5dee2c530 cycle=133 wall_ms=0.621 action_type=move"}
{"time": "2026-07-04T20:43:52.531174+00:00", "level": "INFO", "logger": "decadic.agents.runtime", "message": "cycle_completed agent_id=04d22fae-75b9-4143-95f3-07c5dee2c530 cycle=134 wall_ms=0.508 action_type=move"}
{"time": "2026-07-04T20:43:52.577710+00:00", "level": "INFO", "logger": "decadic.agents.runtime", "message": "cycle_completed agent_id=04d22fae-75b9-4143-95f3-07c5dee2c530 cycle=135 wall_ms=0.624 action_type=move"}
{"time": "2026-07-04T20:43:52.625170+00:00", "level": "INFO", "logger": "decadic.agents.runtime", "message": "cycle_completed agent_id=04d22fae-75b9-4143-95f3-07c5dee2c530 cycle=136 wall_ms=0.484 action_type=move"}
{"time": "2026-07-04T20:43:52.687721+00:00", "level": "INFO", "logger": "decadic.agents.runtime", "message": "cycle_completed agent_id=04d22fae-75b9-4143-95f3-07c5dee2c530 cycle=137 wall_ms=0.600 action_type=move"}
{"time": "2026-07-04T20:43:52.735750+00:00", "level": "INFO", "logger": "decadic.agents.runtime", "message": "cycle_completed agent_id=04d22fae-75b9-4143-95f3-07c5dee2c530 cycle=138 wall_ms=0.553 action_type=move"}
{"time": "2026-07-04T20:43:52.783219+00:00", "level": "INFO", "logger": "decadic.agents.runtime", "message": "cycle_completed agent_id=04d22fae-75b9-4143-95f3-07c5dee2c530 cycle=139 wall_ms=0.483 action_type=move"}
{"time": "2026-07-04T20:43:52.831259+00:00", "level": "INFO", "logger": "decadic.agents.runtime", "message": "cycle_completed agent_id=04d22fae-75b9-4143-95f3-07c5dee2c530 cycle=140 wall_ms=0.578 action_type=move"}
{"time": "2026-07-04T20:43:52.879849+00:00", "level": "INFO", "logger": "decadic.agents.runtime", "message": "cycle_completed agent_id=04d22fae-75b9-4143-95f3-07c5dee2c530 cycle=141 wall_ms=0.777 action_type=move"}
{"time": "2026-07-04T20:43:52.926528+00:00", "level": "INFO", "logger": "decadic.agents.runtime", "message": "cycle_completed agent_id=04d22fae-75b9-4143-95f3-07c5dee2c530 cycle=142 wall_ms=0.581 action_type=move"}
{"time": "2026-07-04T20:43:52.974247+00:00", "level": "INFO", "logger": "decadic.agents.runtime", "message": "cycle_completed agent_id=04d22fae-75b9-4143-95f3-07c5dee2c530 cycle=143 wall_ms=0.408 action_type=move"}
{"time": "2026-07-04T20:43:53.037078+00:00", "level": "INFO", "logger": "decadic.agents.runtime", "message": "cycle_completed agent_id=04d22fae-75b9-4143-95f3-07c5dee2c530 cycle=144 wall_ms=0.642 action_type=move"}
{"time": "2026-07-04T20:43:53.084566+00:00", "level": "INFO", "logger": "decadic.agents.runtime", "message": "cycle_completed agent_id=04d22fae-75b9-4143-95f3-07c5dee2c530 cycle=145 wall_ms=0.580 action_type=move"}
{"time": "2026-07-04T20:43:53.131448+00:00", "level": "INFO", "logger": "decadic.agents.runtime", "message": "cycle_completed agent_id=04d22fae-75b9-4143-95f3-07c5dee2c530 cycle=146 wall_ms=0.488 action_type=move"}
{"time": "2026-07-04T20:43:53.179026+00:00", "level": "INFO", "logger": "decadic.agents.runtime", "message": "cycle_completed agent_id=04d22fae-75b9-4143-95f3-07c5dee2c530 cycle=147 wall_ms=0.561 action_type=move"}
{"time": "2026-07-04T20:43:53.226975+00:00", "level": "INFO", "logger": "decadic.agents.runtime", "message": "cycle_completed agent_id=04d22fae-75b9-4143-95f3-07c5dee2c530 cycle=148 wall_ms=0.492 action_type=move"}
{"time": "2026-07-04T20:43:53.290171+00:00", "level": "INFO", "logger": "decadic.agents.runtime", "message": "cycle_completed agent_id=04d22fae-75b9-4143-95f3-07c5dee2c530 cycle=149 wall_ms=0.808 action_type=move"}
{"time": "2026-07-04T20:43:53.323699+00:00", "level": "INFO", "logger": "decadic.agents.runtime", "message": "cycle_completed agent_id=04d22fae-75b9-4143-95f3-07c5dee2c530 cycle=150 wall_ms=0.490 action_type=move"}
{"time": "2026-07-04T20:43:53.385464+00:00", "level": "INFO", "logger": "decadic.agents.runtime", "message": "cycle_completed agent_id=04d22fae-75b9-4143-95f3-07c5dee2c530 cycle=151 wall_ms=0.600 action_type=move"}
{"time": "2026-07-04T20:43:53.433459+00:00", "level": "INFO", "logger": "decadic.agents.runtime", "message": "cycle_completed agent_id=04d22fae-75b9-4143-95f3-07c5dee2c530 cycle=152 wall_ms=0.592 action_type=move"}
{"time": "2026-07-04T20:43:53.479871+00:00", "level": "INFO", "logger": "decadic.agents.runtime", "message": "cycle_completed agent_id=04d22fae-75b9-4143-95f3-07c5dee2c530 cycle=153 wall_ms=0.533 action_type=move"}
{"time": "2026-07-04T20:43:53.526912+00:00", "level": "INFO", "logger": "decadic.agents.runtime", "message": "cycle_completed agent_id=04d22fae-75b9-4143-95f3-07c5dee2c530 cycle=154 wall_ms=0.576 action_type=move"}
{"time": "2026-07-04T20:43:53.573449+00:00", "level": "INFO", "logger": "decadic.agents.runtime", "message": "cycle_completed agent_id=04d22fae-75b9-4143-95f3-07c5dee2c530 cycle=155 wall_ms=0.489 action_type=move"}
{"time": "2026-07-04T20:43:53.635764+00:00", "level": "INFO", "logger": "decadic.agents.runtime", "message": "cycle_completed agent_id=04d22fae-75b9-4143-95f3-07c5dee2c530 cycle=156 wall_ms=0.616 action_type=move"}
{"time": "2026-07-04T20:43:53.683015+00:00", "level": "INFO", "logger": "decadic.agents.runtime", "message": "cycle_completed agent_id=04d22fae-75b9-4143-95f3-07c5dee2c530 cycle=157 wall_ms=0.576 action_type=move"}
{"time": "2026-07-04T20:43:53.729856+00:00", "level": "INFO", "logger": "decadic.agents.runtime", "message": "cycle_completed agent_id=04d22fae-75b9-4143-95f3-07c5dee2c530 cycle=158 wall_ms=0.471 action_type=move"}
{"time": "2026-07-04T20:43:53.776520+00:00", "level": "INFO", "logger": "decadic.agents.runtime", "message": "cycle_completed agent_id=04d22fae-75b9-4143-95f3-07c5dee2c530 cycle=159 wall_ms=0.577 action_type=move"}
{"time": "2026-07-04T20:43:53.824337+00:00", "level": "INFO", "logger": "decadic.agents.runtime", "message": "cycle_completed agent_id=04d22fae-75b9-4143-95f3-07c5dee2c530 cycle=160 wall_ms=0.470 action_type=move"}
{"time": "2026-07-04T20:43:53.886975+00:00", "level": "INFO", "logger": "decadic.agents.runtime", "message": "cycle_completed agent_id=04d22fae-75b9-4143-95f3-07c5dee2c530 cycle=161 wall_ms=0.658 action_type=move"}
{"time": "2026-07-04T20:43:53.934907+00:00", "level": "INFO", "logger": "decadic.agents.runtime", "message": "cycle_completed agent_id=04d22fae-75b9-4143-95f3-07c5dee2c530 cycle=162 wall_ms=0.568 action_type=move"}
{"time": "2026-07-04T20:43:53.982404+00:00", "level": "INFO", "logger": "decadic.agents.runtime", "message": "cycle_completed agent_id=04d22fae-75b9-4143-95f3-07c5dee2c530 cycle=163 wall_ms=0.475 action_type=move"}
{"time": "2026-07-04T20:43:54.029484+00:00", "level": "INFO", "logger": "decadic.agents.runtime", "message": "cycle_completed agent_id=04d22fae-75b9-4143-95f3-07c5dee2c530 cycle=164 wall_ms=0.580 action_type=move"}
{"time": "2026-07-04T20:43:54.076682+00:00", "level": "INFO", "logger": "decadic.agents.runtime", "message": "cycle_completed agent_id=04d22fae-75b9-4143-95f3-07c5dee2c530 cycle=165 wall_ms=0.527 action_type=move"}
{"time": "2026-07-04T20:43:54.123955+00:00", "level": "INFO", "logger": "decadic.agents.runtime", "message": "cycle_completed agent_id=04d22fae-75b9-4143-95f3-07c5dee2c530 cycle=166 wall_ms=0.764 action_type=move"}
{"time": "2026-07-04T20:43:54.187186+00:00", "level": "INFO", "logger": "decadic.agents.runtime", "message": "cycle_completed agent_id=04d22fae-75b9-4143-95f3-07c5dee2c530 cycle=167 wall_ms=0.593 action_type=move"}
{"time": "2026-07-04T20:43:54.235272+00:00", "level": "INFO", "logger": "decadic.agents.runtime", "message": "cycle_completed agent_id=04d22fae-75b9-4143-95f3-07c5dee2c530 cycle=168 wall_ms=0.489 action_type=move"}
{"time": "2026-07-04T20:43:54.282691+00:00", "level": "INFO", "logger": "decadic.agents.runtime", "message": "cycle_completed agent_id=04d22fae-75b9-4143-95f3-07c5dee2c530 cycle=169 wall_ms=0.567 action_type=move"}
{"time": "2026-07-04T20:43:54.329550+00:00", "level": "INFO", "logger": "decadic.agents.runtime", "message": "cycle_completed agent_id=04d22fae-75b9-4143-95f3-07c5dee2c530 cycle=170 wall_ms=0.526 action_type=move"}
{"time": "2026-07-04T20:43:54.376036+00:00", "level": "INFO", "logger": "decadic.agents.runtime", "message": "cycle_completed agent_id=04d22fae-75b9-4143-95f3-07c5dee2c530 cycle=171 wall_ms=0.565 action_type=move"}
{"time": "2026-07-04T20:43:54.423959+00:00", "level": "INFO", "logger": "decadic.agents.runtime", "message": "cycle_completed agent_id=04d22fae-75b9-4143-95f3-07c5dee2c530 cycle=172 wall_ms=0.470 action_type=move"}
{"time": "2026-07-04T20:43:54.487630+00:00", "level": "INFO", "logger": "decadic.agents.runtime", "message": "cycle_completed agent_id=04d22fae-75b9-4143-95f3-07c5dee2c530 cycle=173 wall_ms=0.602 action_type=move"}
{"time": "2026-07-04T20:43:54.534556+00:00", "level": "INFO", "logger": "decadic.agents.runtime", "message": "cycle_completed agent_id=04d22fae-75b9-4143-95f3-07c5dee2c530 cycle=174 wall_ms=0.566 action_type=move"}
{"time": "2026-07-04T20:43:54.582127+00:00", "level": "INFO", "logger": "decadic.agents.runtime", "message": "cycle_completed agent_id=04d22fae-75b9-4143-95f3-07c5dee2c530 cycle=175 wall_ms=0.511 action_type=move"}
{"time": "2026-07-04T20:43:54.630231+00:00", "level": "INFO", "logger": "decadic.agents.runtime", "message": "cycle_completed agent_id=04d22fae-75b9-4143-95f3-07c5dee2c530 cycle=176 wall_ms=0.573 action_type=move"}
{"time": "2026-07-04T20:43:54.676684+00:00", "level": "INFO", "logger": "decadic.agents.runtime", "message": "cycle_completed agent_id=04d22fae-75b9-4143-95f3-07c5dee2c530 cycle=177 wall_ms=0.503 action_type=move"}
{"time": "2026-07-04T20:43:54.723718+00:00", "level": "INFO", "logger": "decadic.agents.runtime", "message": "cycle_completed agent_id=04d22fae-75b9-4143-95f3-07c5dee2c530 cycle=178 wall_ms=0.613 action_type=move"}
{"time": "2026-07-04T20:43:54.787190+00:00", "level": "INFO", "logger": "decadic.agents.runtime", "message": "cycle_completed agent_id=04d22fae-75b9-4143-95f3-07c5dee2c530 cycle=179 wall_ms=0.579 action_type=move"}
{"time": "2026-07-04T20:43:54.835165+00:00", "level": "INFO", "logger": "decadic.agents.runtime", "message": "cycle_completed agent_id=04d22fae-75b9-4143-95f3-07c5dee2c530 cycle=180 wall_ms=0.477 action_type=move"}
{"time": "2026-07-04T20:43:54.882731+00:00", "level": "INFO", "logger": "decadic.agents.runtime", "message": "cycle_completed agent_id=04d22fae-75b9-4143-95f3-07c5dee2c530 cycle=181 wall_ms=0.589 action_type=move"}
{"time": "2026-07-04T20:43:54.931021+00:00", "level": "INFO", "logger": "decadic.agents.runtime", "message": "cycle_completed agent_id=04d22fae-75b9-4143-95f3-07c5dee2c530 cycle=182 wall_ms=0.811 action_type=move"}
{"time": "2026-07-04T20:43:54.978252+00:00", "level": "INFO", "logger": "decadic.agents.runtime", "message": "cycle_completed agent_id=04d22fae-75b9-4143-95f3-07c5dee2c530 cycle=183 wall_ms=0.554 action_type=move"}
{"time": "2026-07-04T20:43:55.025271+00:00", "level": "INFO", "logger": "decadic.agents.runtime", "message": "cycle_completed agent_id=04d22fae-75b9-4143-95f3-07c5dee2c530 cycle=184 wall_ms=0.512 action_type=move"}
{"time": "2026-07-04T20:43:55.086787+00:00", "level": "INFO", "logger": "decadic.agents.runtime", "message": "cycle_completed agent_id=04d22fae-75b9-4143-95f3-07c5dee2c530 cycle=185 wall_ms=0.582 action_type=move"}
{"time": "2026-07-04T20:43:55.134773+00:00", "level": "INFO", "logger": "decadic.agents.runtime", "message": "cycle_completed agent_id=04d22fae-75b9-4143-95f3-07c5dee2c530 cycle=186 wall_ms=0.553 action_type=move"}
{"time": "2026-07-04T20:43:55.182508+00:00", "level": "INFO", "logger": "decadic.agents.runtime", "message": "cycle_completed agent_id=04d22fae-75b9-4143-95f3-07c5dee2c530 cycle=187 wall_ms=0.632 action_type=move"}
{"time": "2026-07-04T20:43:55.229292+00:00", "level": "INFO", "logger": "decadic.agents.runtime", "message": "cycle_completed agent_id=04d22fae-75b9-4143-95f3-07c5dee2c530 cycle=188 wall_ms=0.582 action_type=move"}
{"time": "2026-07-04T20:43:55.276077+00:00", "level": "INFO", "logger": "decadic.agents.runtime", "message": "cycle_completed agent_id=04d22fae-75b9-4143-95f3-07c5dee2c530 cycle=189 wall_ms=0.494 action_type=move"}
{"time": "2026-07-04T20:43:55.324108+00:00", "level": "INFO", "logger": "decadic.agents.runtime", "message": "cycle_completed agent_id=04d22fae-75b9-4143-95f3-07c5dee2c530 cycle=190 wall_ms=0.577 action_type=move"}
{"time": "2026-07-04T20:43:55.386636+00:00", "level": "INFO", "logger": "decadic.agents.runtime", "message": "cycle_completed agent_id=04d22fae-75b9-4143-95f3-07c5dee2c530 cycle=191 wall_ms=0.586 action_type=move"}
{"time": "2026-07-04T20:43:55.434580+00:00", "level": "INFO", "logger": "decadic.agents.runtime", "message": "cycle_completed agent_id=04d22fae-75b9-4143-95f3-07c5dee2c530 cycle=192 wall_ms=0.491 action_type=move"}
{"time": "2026-07-04T20:43:55.481078+00:00", "level": "INFO", "logger": "decadic.agents.runtime", "message": "cycle_completed agent_id=04d22fae-75b9-4143-95f3-07c5dee2c530 cycle=193 wall_ms=0.545 action_type=move"}
{"time": "2026-07-04T20:43:55.527063+00:00", "level": "INFO", "logger": "decadic.agents.runtime", "message": "cycle_completed agent_id=04d22fae-75b9-4143-95f3-07c5dee2c530 cycle=194 wall_ms=0.474 action_type=move"}
{"time": "2026-07-04T20:43:55.574455+00:00", "level": "INFO", "logger": "decadic.agents.runtime", "message": "cycle_completed agent_id=04d22fae-75b9-4143-95f3-07c5dee2c530 cycle=195 wall_ms=0.871 action_type=move"}
INFO:     connection closed
{"time": "2026-07-04T20:43:55.589838+00:00", "level": "INFO", "logger": "decadic.api.app", "message": "ws_disconnect agent_id=04d22fae-75b9-4143-95f3-07c5dee2c530"}
{"time": "2026-07-04T20:43:55.637128+00:00", "level": "INFO", "logger": "decadic.agents.runtime", "message": "cycle_completed agent_id=04d22fae-75b9-4143-95f3-07c5dee2c530 cycle=196 wall_ms=0.517 action_type=move"}
{"time": "2026-07-04T20:43:55.683671+00:00", "level": "INFO", "logger": "decadic.agents.runtime", "message": "cycle_completed agent_id=04d22fae-75b9-4143-95f3-07c5dee2c530 cycle=197 wall_ms=0.490 action_type=move"}
