[body] agent_id=d8fa96d6-3514-4cdd-b3a3-8e80847ecd88
[body] elements=['obstacles', 'house', 'food', 'water', 'medical_kit'] props=['prop_box_red', 'prop_house', 'prop_food_s1', 'prop_food_s2', 'prop_food_s3', 'prop_food_s4', 'prop_water_w1', 'prop_water_w2', 'prop_water_w3', 'prop_medical_m1', 'prop_medical_m2']
[body] actuator contract OK: nu=21
[body] step=0 pos=(0.00,0.00,1.30) moving=False events=0
[body] budget ms/obs: physics=0.3 vision=26.7 views=17.9 audio=0.0 send=11.2
[body] step=50 pos=(-0.95,-0.02,0.09) moving=False events=0
[body] budget ms/obs: physics=8.9 vision=4.5 views=7.9 audio=0.0 send=102.9
[body] step=100 pos=(-0.95,-0.01,0.09) moving=False events=0
[body] budget ms/obs: physics=9.6 vision=4.4 views=8.0 audio=0.0 send=130.5
[body] step=150 pos=(-0.95,-0.01,0.09) moving=False events=0
[body] budget ms/obs: physics=8.5 vision=4.5 views=8.9 audio=0.0 send=117.9
[body] step=200 pos=(-0.95,-0.01,0.10) moving=False events=0
[body] budget ms/obs: physics=9.1 vision=4.3 views=8.3 audio=0.0 send=146.2
[body] step=250 pos=(-0.95,-0.01,0.09) moving=False events=0
[body] budget ms/obs: physics=9.6 vision=4.5 views=8.2 audio=0.0 send=124.4
[body] step=300 pos=(-0.96,0.03,0.09) moving=False events=0
[body] budget ms/obs: physics=11.5 vision=4.7 views=8.8 audio=0.0 send=122.3
[body] step=350 pos=(-0.96,0.05,0.09) moving=False events=0
[body] budget ms/obs: physics=8.8 vision=4.8 views=8.4 audio=0.0 send=173.1
[body] step=400 pos=(-0.96,0.06,0.09) moving=False events=0
[body] budget ms/obs: physics=10.2 vision=5.2 views=8.9 audio=0.0 send=126.5
[body] step=450 pos=(-0.95,0.05,0.09) moving=False events=0
[body] budget ms/obs: physics=8.7 vision=5.2 views=9.1 audio=0.0 send=85.7
[body] step=500 pos=(-0.95,0.08,0.09) moving=False events=0
[body] budget ms/obs: physics=10.1 vision=5.2 views=9.5 audio=0.0 send=107.3
[body] step=550 pos=(-0.94,0.09,0.10) moving=False events=0
[body] budget ms/obs: physics=9.9 vision=5.3 views=8.6 audio=0.0 send=163.5
[body] step=600 pos=(-0.94,0.10,0.10) moving=False events=0
[body] budget ms/obs: physics=9.8 vision=5.3 views=8.8 audio=0.0 send=139.2
[body] step=650 pos=(-1.00,0.07,0.11) moving=False events=0
[body] budget ms/obs: physics=10.4 vision=5.2 views=8.0 audio=0.0 send=117.0
[body] step=700 pos=(-1.02,0.04,0.15) moving=False events=0
[body] budget ms/obs: physics=10.8 vision=5.3 views=8.7 audio=0.0 send=149.1
[body] step=750 pos=(-1.05,0.02,0.11) moving=False events=0
[body] budget ms/obs: physics=10.1 vision=5.0 views=8.1 audio=0.0 send=163.8
[body] step=800 pos=(-1.08,-0.04,0.10) moving=False events=0
[body] budget ms/obs: physics=10.6 vision=5.0 views=9.2 audio=0.0 send=101.1
[body] step=850 pos=(-1.07,-0.00,0.10) moving=False events=0
[body] budget ms/obs: physics=9.0 vision=5.0 views=8.6 audio=0.0 send=108.5
