[body] agent_id=d5b16069-6bb5-485f-a06b-c26d228cb96d
[body] elements=['obstacles', 'house', 'food', 'water', 'medical_kit'] props=['prop_box_red', 'prop_house', 'prop_food_s1', 'prop_food_s2', 'prop_food_s3', 'prop_food_s4', 'prop_water_w1', 'prop_water_w2', 'prop_water_w3', 'prop_medical_m1', 'prop_medical_m2']
[body] actuator contract OK: nu=21
[body] step=0 pos=(0.00,0.00,1.30) moving=False events=0
[body] budget ms/obs: physics=0.4 vision=25.8 views=11.5 audio=0.0 send=11.6
[body] step=50 pos=(-1.02,-0.00,0.09) moving=False events=0
[body] budget ms/obs: physics=7.9 vision=3.9 views=6.6 audio=0.0 send=53.9
[body] step=100 pos=(-1.02,-0.01,0.09) moving=False events=0
[body] budget ms/obs: physics=7.8 vision=4.4 views=6.8 audio=0.0 send=68.8
[body] step=150 pos=(-1.02,-0.02,0.09) moving=False events=0
[body] budget ms/obs: physics=9.0 vision=4.4 views=7.1 audio=0.0 send=65.1
[body] step=200 pos=(-1.02,-0.04,0.09) moving=False events=0
[body] budget ms/obs: physics=7.9 vision=4.3 views=7.0 audio=0.0 send=91.5
[body] placed food near the agent
[body] step=250 pos=(-1.02,-0.05,0.09) moving=False events=0
[body] budget ms/obs: physics=8.8 vision=4.5 views=7.0 audio=0.0 send=108.6
[body] placed water near the agent
[body] step=300 pos=(-1.02,-0.04,0.09) moving=False events=0
[body] budget ms/obs: physics=11.5 vision=4.5 views=7.2 audio=0.0 send=71.3
[body] step=350 pos=(-1.02,-0.04,0.09) moving=False events=0
[body] budget ms/obs: physics=9.7 vision=4.4 views=6.9 audio=0.0 send=57.2
[body] step=400 pos=(-1.02,-0.05,0.10) moving=False events=0
[body] budget ms/obs: physics=9.6 vision=4.4 views=7.1 audio=0.0 send=88.1
[body] step=450 pos=(-1.03,-0.06,0.09) moving=False events=0
[body] budget ms/obs: physics=10.7 vision=4.5 views=7.4 audio=0.0 send=115.6
[body] step=500 pos=(-1.03,-0.04,0.10) moving=False events=0
[body] budget ms/obs: physics=11.6 vision=4.4 views=7.2 audio=0.0 send=78.4
[body] step=550 pos=(-1.03,-0.05,0.11) moving=False events=0
[body] budget ms/obs: physics=11.6 vision=4.8 views=7.3 audio=0.0 send=76.4
[body] step=600 pos=(-1.02,-0.15,0.09) moving=False events=0
[body] budget ms/obs: physics=11.9 vision=4.8 views=7.3 audio=0.0 send=93.3
[body] step=650 pos=(-1.02,-0.16,0.10) moving=False events=0
[body] budget ms/obs: physics=10.1 vision=4.5 views=7.6 audio=0.0 send=121.3
[body] step=700 pos=(-1.06,-0.19,0.10) moving=False events=0
[body] budget ms/obs: physics=9.0 vision=4.8 views=7.4 audio=0.0 send=98.9
[body] step=750 pos=(-1.04,-0.12,0.15) moving=False events=0
[body] budget ms/obs: physics=9.9 vision=4.5 views=7.1 audio=0.0 send=74.2
[body] step=800 pos=(-1.03,-0.12,0.16) moving=True events=1
[body] budget ms/obs: physics=9.8 vision=4.4 views=7.2 audio=0.0 send=93.9
[body] step=850 pos=(-0.95,-0.08,0.09) moving=False events=0
[body] budget ms/obs: physics=11.5 vision=4.6 views=7.2 audio=0.0 send=103.5
[body] step=900 pos=(-0.99,-0.12,0.11) moving=False events=0
[body] budget ms/obs: physics=10.5 vision=4.4 views=6.8 audio=0.0 send=103.8
[body] step=950 pos=(-1.05,-0.20,0.10) moving=False events=0
[body] budget ms/obs: physics=11.9 vision=4.5 views=7.4 audio=0.0 send=93.9
[body] step=1000 pos=(-1.06,-0.13,0.17) moving=False events=0
[body] budget ms/obs: physics=15.0 vision=4.8 views=7.2 audio=0.0 send=84.3
[body] step=1050 pos=(-0.98,-0.06,0.10) moving=False events=0
[body] budget ms/obs: physics=12.2 vision=4.6 views=7.2 audio=0.0 send=109.9
[body] step=1100 pos=(-1.02,-0.10,0.10) moving=False events=0
[body] budget ms/obs: physics=11.9 vision=4.7 views=7.3 audio=0.0 send=129.0
[body] step=1150 pos=(-1.01,-0.27,0.12) moving=False events=0
[body] budget ms/obs: physics=10.8 vision=4.8 views=7.1 audio=0.0 send=80.6
[body] step=1200 pos=(-0.94,-0.31,0.13) moving=False events=0
[body] budget ms/obs: physics=12.7 vision=4.6 views=7.4 audio=0.0 send=91.3
[body] step=1250 pos=(-0.88,-0.30,0.13) moving=False events=0
[body] budget ms/obs: physics=24.3 vision=7.2 views=8.1 audio=0.0 send=104.4
[body] step=1300 pos=(-0.90,-0.31,0.12) moving=True events=0
[body] budget ms/obs: physics=10.0 vision=4.9 views=7.3 audio=0.0 send=120.0
[body] step=1350 pos=(-0.97,-0.35,0.09) moving=False events=0
[body] budget ms/obs: physics=9.7 vision=4.6 views=7.2 audio=0.0 send=77.6
[body] step=1400 pos=(-0.96,-0.33,0.10) moving=False events=0
[body] budget ms/obs: physics=11.3 vision=4.7 views=6.8 audio=0.0 send=86.0
[body] step=1450 pos=(-0.96,-0.32,0.08) moving=False events=0
[body] budget ms/obs: physics=10.0 vision=4.7 views=7.2 audio=0.0 send=87.2
[body] step=1500 pos=(-0.95,-0.32,0.09) moving=False events=0
[body] budget ms/obs: physics=11.7 vision=4.6 views=7.2 audio=0.0 send=123.2
[body] step=1550 pos=(-1.02,-0.31,0.12) moving=False events=0
[body] budget ms/obs: physics=10.5 vision=4.6 views=7.3 audio=0.0 send=73.0
[body] step=1600 pos=(-0.98,-0.31,0.13) moving=False events=0
[body] budget ms/obs: physics=9.4 vision=4.7 views=7.3 audio=0.0 send=86.0
[body] step=1650 pos=(-0.97,-0.32,0.13) moving=False events=0
[body] budget ms/obs: physics=10.7 vision=4.9 views=7.4 audio=0.0 send=93.3
[body] step=1700 pos=(-1.02,-0.38,0.13) moving=False events=0
[body] budget ms/obs: physics=9.4 vision=5.0 views=7.1 audio=0.0 send=121.5
[body] step=1750 pos=(-1.05,-0.30,0.17) moving=False events=0
[body] budget ms/obs: physics=10.9 vision=4.9 views=7.5 audio=0.0 send=103.4
[body] step=1800 pos=(-1.09,-0.17,0.16) moving=False events=0
[body] budget ms/obs: physics=10.3 vision=4.8 views=7.1 audio=0.0 send=105.4
[body] step=1850 pos=(-1.10,-0.13,0.12) moving=False events=0
[body] budget ms/obs: physics=10.5 vision=5.5 views=7.7 audio=0.0 send=94.0
[body] delivering food through egocentric view
[body] step=1900 pos=(-1.11,-0.12,0.11) moving=False events=0
[body] budget ms/obs: physics=52.6 vision=4.7 views=6.7 audio=0.0 send=126.9
[body] could not start direct water delivery
[body] step=1950 pos=(-1.08,-0.12,0.11) moving=False events=0
[body] budget ms/obs: physics=6.3 vision=4.1 views=6.1 audio=0.0 send=202.4
[body] delivering water through egocentric view
[body] delivering water through egocentric view
[body] step=2000 pos=(-1.08,-0.12,0.12) moving=False events=0
[body] budget ms/obs: physics=6.8 vision=4.1 views=5.7 audio=0.0 send=185.8
[body] placed water near the agent
[body] placed food near the agent
[body] step=2050 pos=(-1.06,-0.17,0.13) moving=False events=0
[body] budget ms/obs: physics=42.7 vision=4.1 views=6.5 audio=0.0 send=191.9
[body] step=2100 pos=(-1.06,-0.19,0.13) moving=False events=0
[body] budget ms/obs: physics=9.5 vision=4.5 views=6.5 audio=0.0 send=75.1
[body] step=2150 pos=(-1.06,-0.18,0.13) moving=False events=0
[body] budget ms/obs: physics=9.8 vision=4.7 views=7.0 audio=0.0 send=106.3
[body] step=2200 pos=(-1.05,-0.18,0.10) moving=False events=0
[body] budget ms/obs: physics=27.8 vision=4.7 views=6.9 audio=0.0 send=99.8
[body] step=2250 pos=(-1.07,-0.24,0.09) moving=False events=0
[body] budget ms/obs: physics=8.5 vision=4.5 views=6.5 audio=0.0 send=161.4
[body] step=2300 pos=(-1.08,-0.25,0.09) moving=False events=0
[body] budget ms/obs: physics=8.1 vision=4.5 views=6.7 audio=0.0 send=81.5
[body] step=2350 pos=(-1.07,-0.26,0.09) moving=False events=0
[body] budget ms/obs: physics=10.7 vision=4.7 views=7.0 audio=0.0 send=120.4
[body] step=2400 pos=(-1.07,-0.25,0.09) moving=False events=0
[body] budget ms/obs: physics=10.1 vision=5.1 views=7.3 audio=0.0 send=136.1
[body] step=2450 pos=(-1.07,-0.25,0.09) moving=False events=0
[body] budget ms/obs: physics=10.5 vision=4.8 views=7.1 audio=0.0 send=143.5
[body] step=2500 pos=(-1.05,-0.24,0.09) moving=False events=0
[body] budget ms/obs: physics=9.8 vision=4.9 views=7.2 audio=0.0 send=130.7
[body] step=2550 pos=(-1.04,-0.24,0.09) moving=False events=0
[body] budget ms/obs: physics=9.2 vision=4.8 views=7.4 audio=0.0 send=133.0
[body] step=2600 pos=(-1.04,-0.24,0.09) moving=False events=0
[body] budget ms/obs: physics=11.0 vision=4.6 views=6.9 audio=0.0 send=96.8
[body] step=2650 pos=(-1.04,-0.24,0.09) moving=False events=0
[body] budget ms/obs: physics=12.2 vision=4.7 views=6.9 audio=0.0 send=146.7
[body] step=2700 pos=(-1.05,-0.24,0.09) moving=False events=0
[body] budget ms/obs: physics=8.7 vision=4.8 views=6.8 audio=0.0 send=100.1
[body] step=2750 pos=(-1.06,-0.24,0.08) moving=False events=0
[body] budget ms/obs: physics=9.6 vision=4.8 views=7.5 audio=0.0 send=102.1
[body] step=2800 pos=(-1.06,-0.24,0.08) moving=False events=0
[body] budget ms/obs: physics=8.5 vision=4.9 views=6.9 audio=0.0 send=105.2
[body] step=2850 pos=(-1.07,-0.27,0.08) moving=False events=0
[body] budget ms/obs: physics=11.1 vision=4.7 views=7.3 audio=0.0 send=101.3
[body] step=2900 pos=(-1.07,-0.29,0.09) moving=False events=0
[body] budget ms/obs: physics=10.0 vision=4.5 views=7.2 audio=0.0 send=116.2
[body] step=2950 pos=(-1.06,-0.30,0.09) moving=False events=0
[body] budget ms/obs: physics=9.6 vision=4.5 views=7.2 audio=0.0 send=129.8
[body] placed water within reach of the agent
[body] placed food within reach of the agent
[body] step=3000 pos=(-1.06,-0.29,0.09) moving=False events=0
[body] budget ms/obs: physics=9.9 vision=4.4 views=7.2 audio=0.0 send=128.8
[body] step=3050 pos=(-1.06,-0.29,0.09) moving=False events=0
[body] budget ms/obs: physics=8.9 vision=4.3 views=6.7 audio=0.0 send=129.7
[body] step=3100 pos=(-1.06,-0.29,0.10) moving=False events=0
[body] budget ms/obs: physics=9.2 vision=4.3 views=7.1 audio=0.0 send=99.0
[body] step=3150 pos=(-1.06,-0.29,0.10) moving=False events=0
[body] budget ms/obs: physics=10.0 vision=4.5 views=6.8 audio=0.0 send=92.1
[body] step=3200 pos=(-1.07,-0.27,0.10) moving=False events=0
[body] budget ms/obs: physics=9.0 vision=4.3 views=7.1 audio=0.0 send=145.9
[body] step=3250 pos=(-1.07,-0.27,0.09) moving=False events=1
[body] budget ms/obs: physics=8.0 vision=4.4 views=6.8 audio=0.0 send=132.6
[body] step=3300 pos=(-1.07,-0.27,0.08) moving=False events=0
[body] budget ms/obs: physics=9.3 vision=4.9 views=6.9 audio=0.0 send=134.9
[body] placed water within reach of the agent
[body] placed food within reach of the agent
[body] step=3350 pos=(-1.07,-0.27,0.09) moving=False events=0
[body] budget ms/obs: physics=9.4 vision=4.9 views=7.2 audio=0.0 send=113.8
[body] placed water near the agent
[body] placed food near the agent
[body] step=3400 pos=(-1.08,-0.27,0.09) moving=False events=0
[body] budget ms/obs: physics=11.2 vision=4.8 views=7.1 audio=0.0 send=165.7
[body] step=3450 pos=(-1.08,-0.26,0.10) moving=False events=0
[body] budget ms/obs: physics=7.9 vision=4.4 views=6.7 audio=0.0 send=93.4
[body] step=3500 pos=(-1.03,-0.23,0.10) moving=False events=0
[body] budget ms/obs: physics=8.5 vision=4.7 views=7.2 audio=0.0 send=115.6
[body] step=3550 pos=(-1.01,-0.21,0.11) moving=False events=0
[body] budget ms/obs: physics=8.7 vision=4.7 views=7.4 audio=0.0 send=161.6
[body] step=3600 pos=(-1.01,-0.20,0.11) moving=False events=0
[body] budget ms/obs: physics=9.1 vision=4.5 views=7.3 audio=0.0 send=145.7
[body] step=3650 pos=(-1.01,-0.20,0.11) moving=False events=0
[body] budget ms/obs: physics=10.6 vision=4.7 views=7.0 audio=0.0 send=103.1
[body] step=3700 pos=(-1.01,-0.19,0.11) moving=False events=0
[body] budget ms/obs: physics=9.6 vision=4.8 views=7.1 audio=0.0 send=102.8
[body] step=3750 pos=(-1.01,-0.18,0.12) moving=False events=0
[body] budget ms/obs: physics=9.5 vision=4.8 views=7.3 audio=0.0 send=92.4
[body] step=3800 pos=(-1.02,-0.18,0.12) moving=False events=0
[body] budget ms/obs: physics=10.6 vision=4.8 views=7.2 audio=0.0 send=153.7
[body] step=3850 pos=(-1.03,-0.20,0.12) moving=False events=0
[body] budget ms/obs: physics=9.4 vision=4.5 views=7.2 audio=0.0 send=97.6
[body] step=3900 pos=(-1.03,-0.21,0.13) moving=False events=0
[body] budget ms/obs: physics=12.4 vision=4.6 views=7.9 audio=0.0 send=134.2
[body] step=3950 pos=(-1.06,-0.20,0.13) moving=False events=0
[body] budget ms/obs: physics=12.7 vision=4.7 views=7.8 audio=0.0 send=195.6
[body] step=4000 pos=(-1.06,-0.19,0.14) moving=False events=0
[body] budget ms/obs: physics=10.9 vision=4.6 views=7.6 audio=0.0 send=144.0
[body] step=4050 pos=(-1.03,-0.20,0.13) moving=False events=0
[body] budget ms/obs: physics=11.7 vision=4.6 views=7.7 audio=0.0 send=110.3
[body] step=4100 pos=(-1.06,-0.22,0.15) moving=False events=0
[body] budget ms/obs: physics=9.9 vision=4.4 views=7.3 audio=0.0 send=104.8
[body] step=4150 pos=(-1.10,-0.22,0.16) moving=False events=0
[body] budget ms/obs: physics=10.0 vision=4.6 views=6.9 audio=0.0 send=133.1
[body] step=4200 pos=(-1.11,-0.21,0.16) moving=True events=0
[body] budget ms/obs: physics=10.8 vision=4.4 views=7.0 audio=0.0 send=111.0
[body] step=4250 pos=(-1.14,-0.24,0.17) moving=False events=0
[body] budget ms/obs: physics=11.6 vision=4.5 views=7.0 audio=0.0 send=137.8
[body] step=4300 pos=(-1.17,-0.26,0.17) moving=False events=0
[body] budget ms/obs: physics=11.3 vision=4.4 views=7.1 audio=0.0 send=155.7
[body] step=4350 pos=(-1.19,-0.27,0.17) moving=False events=0
[body] budget ms/obs: physics=12.0 vision=4.2 views=7.1 audio=0.0 send=136.5
[body] step=4400 pos=(-1.19,-0.25,0.18) moving=False events=0
[body] budget ms/obs: physics=11.7 vision=4.3 views=7.2 audio=0.0 send=99.3
[body] step=4450 pos=(-1.20,-0.26,0.17) moving=False events=0
[body] budget ms/obs: physics=11.8 vision=5.0 views=7.8 audio=0.0 send=129.0
[body] step=4500 pos=(-1.18,-0.24,0.14) moving=False events=0
[body] budget ms/obs: physics=11.3 vision=4.6 views=7.4 audio=0.0 send=112.6
[body] step=4550 pos=(-1.15,-0.21,0.10) moving=False events=0
[body] budget ms/obs: physics=11.7 vision=4.2 views=7.0 audio=0.0 send=157.6
[body] step=4600 pos=(-1.16,-0.22,0.08) moving=False events=0
[body] budget ms/obs: physics=9.1 vision=4.4 views=7.6 audio=0.0 send=123.2
[body] step=4650 pos=(-1.19,-0.21,0.11) moving=False events=0
[body] budget ms/obs: physics=8.6 vision=4.5 views=7.6 audio=0.0 send=156.5
[body] step=4700 pos=(-1.19,-0.23,0.12) moving=False events=0
[body] budget ms/obs: physics=11.2 vision=4.4 views=7.2 audio=0.0 send=138.9
[body] step=4750 pos=(-1.20,-0.22,0.12) moving=False events=0
[body] budget ms/obs: physics=10.2 vision=4.3 views=7.1 audio=0.0 send=132.9
[body] step=4800 pos=(-1.23,-0.23,0.12) moving=True events=1
[body] budget ms/obs: physics=11.2 vision=4.4 views=7.4 audio=0.0 send=108.3
[body] step=4850 pos=(-1.22,-0.24,0.10) moving=True events=0
[body] budget ms/obs: physics=10.1 vision=4.5 views=7.1 audio=0.0 send=99.8
[body] step=4900 pos=(-1.23,-0.27,0.09) moving=False events=1
[body] budget ms/obs: physics=10.0 vision=4.4 views=7.6 audio=0.0 send=126.6
[body] step=4950 pos=(-1.29,-0.36,0.13) moving=False events=0
[body] budget ms/obs: physics=9.6 vision=4.4 views=7.1 audio=0.0 send=95.9
[body] step=5000 pos=(-1.29,-0.42,0.13) moving=False events=0
[body] budget ms/obs: physics=10.8 vision=5.0 views=7.5 audio=0.0 send=101.0
[body] step=5050 pos=(-1.29,-0.44,0.15) moving=False events=0
[body] budget ms/obs: physics=11.8 vision=4.7 views=7.6 audio=0.0 send=109.2
[body] step=5100 pos=(-1.26,-0.46,0.15) moving=False events=0
[body] budget ms/obs: physics=11.6 vision=4.5 views=7.4 audio=0.0 send=138.3
[body] step=5150 pos=(-1.30,-0.44,0.14) moving=False events=0
[body] budget ms/obs: physics=9.6 vision=4.5 views=7.5 audio=0.0 send=108.6
[body] step=5200 pos=(-1.32,-0.40,0.13) moving=False events=0
[body] budget ms/obs: physics=10.0 vision=4.8 views=7.6 audio=0.0 send=151.0
[body] step=5250 pos=(-1.40,-0.38,0.12) moving=False events=0
[body] budget ms/obs: physics=8.9 vision=5.0 views=7.8 audio=0.0 send=183.9
[body] step=5300 pos=(-1.46,-0.38,0.12) moving=False events=0
[body] budget ms/obs: physics=7.7 vision=4.6 views=7.4 audio=0.0 send=152.6
[body] step=5350 pos=(-1.45,-0.37,0.09) moving=False events=0
[body] budget ms/obs: physics=9.3 vision=4.6 views=7.7 audio=0.0 send=148.5
[body] step=5400 pos=(-1.45,-0.35,0.08) moving=False events=0
[body] budget ms/obs: physics=8.8 vision=4.6 views=7.6 audio=0.0 send=97.5
[body] step=5450 pos=(-1.44,-0.35,0.08) moving=False events=0
[body] budget ms/obs: physics=9.6 vision=4.7 views=7.6 audio=0.0 send=144.4
[body] step=5500 pos=(-1.43,-0.34,0.08) moving=False events=0
[body] budget ms/obs: physics=8.6 vision=7.1 views=7.9 audio=0.0 send=125.4
[body] step=5550 pos=(-1.43,-0.33,0.09) moving=False events=0
[body] budget ms/obs: physics=11.4 vision=4.7 views=7.7 audio=0.0 send=126.7
[body] step=5600 pos=(-1.42,-0.30,0.10) moving=False events=0
[body] budget ms/obs: physics=11.1 vision=4.6 views=8.3 audio=0.0 send=146.0
[body] step=5650 pos=(-1.42,-0.28,0.10) moving=False events=0
[body] budget ms/obs: physics=9.3 vision=4.8 views=7.7 audio=0.0 send=202.9
[body] step=5700 pos=(-1.41,-0.28,0.11) moving=False events=0
[body] budget ms/obs: physics=9.5 vision=4.6 views=7.8 audio=0.0 send=130.7
[body] step=5750 pos=(-1.47,-0.23,0.22) moving=True events=0
[body] budget ms/obs: physics=9.7 vision=4.6 views=8.2 audio=0.0 send=98.4
[body] step=5800 pos=(-1.52,-0.18,0.21) moving=True events=0
[body] budget ms/obs: physics=10.0 vision=4.8 views=8.4 audio=0.0 send=308.2
[body] step=5850 pos=(-1.48,-0.18,0.22) moving=False events=0
[body] budget ms/obs: physics=8.6 vision=5.0 views=8.0 audio=0.0 send=214.4
[body] step=5900 pos=(-1.43,-0.18,0.20) moving=False events=0
[body] budget ms/obs: physics=11.0 vision=5.3 views=7.9 audio=0.0 send=162.5
[body] step=5950 pos=(-1.33,-0.19,0.20) moving=False events=0
[body] budget ms/obs: physics=11.5 vision=4.4 views=7.9 audio=0.0 send=326.1
[body] step=6000 pos=(-1.32,-0.17,0.20) moving=False events=0
[body] budget ms/obs: physics=10.5 vision=4.2 views=7.6 audio=0.0 send=275.1
[body] step=6050 pos=(-1.29,-0.16,0.21) moving=False events=0
[body] budget ms/obs: physics=10.9 vision=4.6 views=7.9 audio=0.0 send=360.3
[body] step=6100 pos=(-1.27,-0.22,0.21) moving=False events=0
[body] budget ms/obs: physics=10.6 vision=5.7 views=7.8 audio=0.0 send=314.5
[body] step=6150 pos=(-1.23,-0.32,0.13) moving=False events=0
[body] budget ms/obs: physics=9.5 vision=5.4 views=8.0 audio=0.0 send=214.1
[body] step=6200 pos=(-1.24,-0.34,0.13) moving=False events=0
[body] budget ms/obs: physics=9.5 vision=4.7 views=7.9 audio=0.0 send=281.5
[body] step=6250 pos=(-1.24,-0.34,0.14) moving=False events=0
[body] budget ms/obs: physics=10.1 vision=13.0 views=8.2 audio=0.0 send=309.3
[body] step=6300 pos=(-1.32,-0.35,0.13) moving=False events=0
[body] budget ms/obs: physics=10.1 vision=4.9 views=7.9 audio=0.0 send=255.7
[body] step=6350 pos=(-1.35,-0.33,0.13) moving=False events=0
[body] budget ms/obs: physics=10.6 vision=5.0 views=8.0 audio=0.0 send=440.0
[body] step=6400 pos=(-1.36,-0.31,0.12) moving=False events=0
[body] budget ms/obs: physics=10.5 vision=4.7 views=7.4 audio=0.0 send=244.0
[body] step=6450 pos=(-1.37,-0.30,0.12) moving=False events=0
[body] budget ms/obs: physics=9.0 vision=4.6 views=7.6 audio=0.0 send=292.0
[body] step=6500 pos=(-1.38,-0.31,0.13) moving=False events=0
[body] budget ms/obs: physics=10.2 vision=4.9 views=17.3 audio=0.0 send=331.7
[body] step=6550 pos=(-1.39,-0.31,0.12) moving=False events=0
[body] budget ms/obs: physics=12.1 vision=4.9 views=8.1 audio=0.0 send=388.8
[body] step=6600 pos=(-1.41,-0.29,0.11) moving=False events=0
[body] budget ms/obs: physics=9.4 vision=4.9 views=7.8 audio=0.0 send=270.7
[body] step=6650 pos=(-1.39,-0.27,0.11) moving=False events=0
[body] budget ms/obs: physics=10.4 vision=5.2 views=7.9 audio=0.0 send=328.7
[body] step=6700 pos=(-1.44,-0.09,0.12) moving=False events=0
[body] budget ms/obs: physics=9.3 vision=5.1 views=7.6 audio=0.0 send=366.5
[body] step=6750 pos=(-1.46,-0.06,0.12) moving=False events=0
[body] budget ms/obs: physics=9.9 vision=5.0 views=7.8 audio=0.0 send=306.4
[body] step=6800 pos=(-1.46,-0.05,0.10) moving=False events=0
[body] budget ms/obs: physics=8.8 vision=4.9 views=7.6 audio=0.0 send=265.5
[body] step=6850 pos=(-1.49,-0.03,0.10) moving=False events=0
[body] budget ms/obs: physics=9.8 vision=4.9 views=8.0 audio=0.0 send=380.8
[body] step=6900 pos=(-1.49,-0.02,0.11) moving=False events=0
[body] budget ms/obs: physics=10.0 vision=4.8 views=7.6 audio=0.0 send=341.0
[body] step=6950 pos=(-1.49,-0.03,0.11) moving=False events=0
[body] budget ms/obs: physics=9.6 vision=4.9 views=7.6 audio=0.0 send=322.8
[body] step=7000 pos=(-1.45,-0.02,0.11) moving=False events=0
[body] budget ms/obs: physics=11.3 vision=4.9 views=8.0 audio=0.0 send=302.7
[body] step=7050 pos=(-1.34,-0.02,0.11) moving=False events=0
[body] budget ms/obs: physics=11.3 vision=4.9 views=7.8 audio=0.0 send=354.0
[body] step=7100 pos=(-1.40,-0.01,0.13) moving=False events=0
[body] budget ms/obs: physics=12.2 vision=5.3 views=8.0 audio=0.0 send=368.8
[body] step=7150 pos=(-1.40,-0.02,0.13) moving=False events=0
[body] budget ms/obs: physics=8.7 vision=4.8 views=7.7 audio=0.0 send=230.3
[body] step=7200 pos=(-1.35,0.02,0.11) moving=True events=0
[body] budget ms/obs: physics=10.7 vision=4.7 views=8.2 audio=0.0 send=392.2
[body] step=7250 pos=(-1.44,0.02,0.19) moving=False events=0
[body] budget ms/obs: physics=9.4 vision=4.9 views=8.1 audio=0.0 send=343.1
[body] step=7300 pos=(-1.44,0.02,0.19) moving=False events=0
[body] budget ms/obs: physics=11.2 vision=5.0 views=7.9 audio=0.0 send=264.6
[body] step=7350 pos=(-1.46,-0.03,0.18) moving=False events=0
[body] budget ms/obs: physics=9.2 vision=4.8 views=8.1 audio=0.0 send=318.0
[body] step=7400 pos=(-1.45,-0.11,0.13) moving=False events=0
[body] budget ms/obs: physics=9.2 vision=5.0 views=8.1 audio=0.0 send=276.8
[body] step=7450 pos=(-1.45,-0.11,0.14) moving=False events=0
[body] budget ms/obs: physics=12.0 vision=5.1 views=8.0 audio=0.0 send=422.6
[body] step=7500 pos=(-1.45,-0.12,0.11) moving=False events=0
[body] budget ms/obs: physics=10.6 vision=4.5 views=7.8 audio=0.0 send=261.2
[body] step=7550 pos=(-1.46,-0.08,0.11) moving=False events=0
[body] budget ms/obs: physics=11.0 vision=4.9 views=7.9 audio=0.0 send=341.0
[body] step=7600 pos=(-1.47,-0.08,0.11) moving=False events=0
[body] budget ms/obs: physics=8.6 vision=4.6 views=7.5 audio=0.0 send=226.5
[body] step=7650 pos=(-1.47,-0.10,0.11) moving=False events=0
[body] budget ms/obs: physics=11.9 vision=5.1 views=8.0 audio=0.0 send=316.9
[body] step=7700 pos=(-1.47,-0.12,0.10) moving=False events=0
[body] budget ms/obs: physics=9.7 vision=4.9 views=7.7 audio=0.0 send=268.0
[body] step=7750 pos=(-1.43,-0.11,0.12) moving=False events=0
[body] budget ms/obs: physics=9.2 vision=5.2 views=7.9 audio=0.0 send=275.1
[body] step=7800 pos=(-1.44,-0.14,0.11) moving=False events=1
[body] budget ms/obs: physics=10.0 vision=5.1 views=7.8 audio=0.0 send=346.2
[body] step=7850 pos=(-1.48,-0.18,0.15) moving=False events=0
[body] budget ms/obs: physics=9.6 vision=5.2 views=7.6 audio=0.0 send=362.2
[body] step=7900 pos=(-1.50,-0.09,0.10) moving=False events=0
[body] budget ms/obs: physics=12.6 vision=4.8 views=8.0 audio=0.0 send=334.5
[body] step=7950 pos=(-1.51,-0.10,0.11) moving=False events=0
[body] budget ms/obs: physics=10.2 vision=4.3 views=7.9 audio=0.0 send=332.5
[body] step=8000 pos=(-1.41,-0.04,0.08) moving=False events=0
[body] budget ms/obs: physics=10.6 vision=4.8 views=7.9 audio=0.0 send=326.6
[body] step=8050 pos=(-1.39,-0.02,0.09) moving=False events=0
[body] budget ms/obs: physics=10.6 vision=4.5 views=7.7 audio=0.0 send=325.0
[body] step=8100 pos=(-1.36,0.02,0.10) moving=False events=0
[body] budget ms/obs: physics=8.8 vision=4.5 views=7.6 audio=0.0 send=320.1
[body] step=8150 pos=(-1.36,0.05,0.13) moving=True events=1
[body] budget ms/obs: physics=8.3 vision=4.7 views=7.8 audio=0.0 send=216.1
[body] step=8200 pos=(-1.34,0.14,0.13) moving=False events=0
[body] budget ms/obs: physics=10.3 vision=5.3 views=7.7 audio=0.0 send=431.5
[body] step=8250 pos=(-1.31,0.15,0.11) moving=False events=0
[body] budget ms/obs: physics=8.0 vision=4.5 views=7.9 audio=0.0 send=281.9
[body] step=8300 pos=(-1.35,0.16,0.10) moving=False events=0
[body] budget ms/obs: physics=9.0 vision=4.8 views=7.4 audio=0.0 send=347.5
[body] step=8350 pos=(-1.34,0.17,0.11) moving=False events=0
[body] budget ms/obs: physics=10.7 vision=4.7 views=7.9 audio=0.0 send=363.0
[body] step=8400 pos=(-1.31,0.17,0.10) moving=False events=0
[body] budget ms/obs: physics=9.4 vision=4.6 views=8.1 audio=0.0 send=348.2
[body] step=8450 pos=(-1.30,0.16,0.13) moving=False events=0
[body] budget ms/obs: physics=10.4 vision=4.7 views=7.6 audio=0.0 send=380.6
[body] step=8500 pos=(-1.14,0.18,0.13) moving=False events=0
[body] budget ms/obs: physics=9.3 vision=4.7 views=7.5 audio=0.0 send=296.0
[body] step=8550 pos=(-1.16,0.20,0.13) moving=False events=0
[body] budget ms/obs: physics=10.3 vision=5.1 views=7.7 audio=0.0 send=403.6
[body] step=8600 pos=(-1.13,0.16,0.09) moving=False events=0
[body] budget ms/obs: physics=7.8 vision=4.4 views=7.5 audio=0.0 send=217.9
[body] step=8650 pos=(-1.11,0.17,0.11) moving=False events=0
[body] budget ms/obs: physics=10.0 vision=4.7 views=7.9 audio=0.0 send=429.2
[body] step=8700 pos=(-1.26,0.23,0.10) moving=False events=0
[body] budget ms/obs: physics=10.6 vision=5.0 views=7.9 audio=0.0 send=324.1
[body] step=8750 pos=(-1.35,0.29,0.11) moving=False events=0
[body] budget ms/obs: physics=12.6 vision=4.9 views=7.9 audio=0.0 send=343.2
[body] step=8800 pos=(-1.36,0.29,0.12) moving=False events=0
[body] budget ms/obs: physics=9.3 vision=4.7 views=7.5 audio=0.0 send=245.6
[body] step=8850 pos=(-1.36,0.30,0.12) moving=False events=0
[body] budget ms/obs: physics=11.6 vision=5.0 views=7.9 audio=0.0 send=416.9
[body] step=8900 pos=(-1.32,0.27,0.12) moving=False events=0
[body] budget ms/obs: physics=10.0 vision=4.7 views=7.6 audio=0.0 send=321.7
[body] step=8950 pos=(-1.37,0.31,0.11) moving=False events=0
[body] budget ms/obs: physics=9.7 vision=4.7 views=7.8 audio=0.0 send=312.0
[body] step=9000 pos=(-1.38,0.29,0.12) moving=False events=0
[body] budget ms/obs: physics=10.1 vision=4.9 views=7.6 audio=0.0 send=429.3
[body] step=9050 pos=(-1.44,0.10,0.10) moving=True events=0
[body] budget ms/obs: physics=10.5 vision=4.8 views=7.6 audio=0.0 send=300.2
[body] step=9100 pos=(-1.43,0.03,0.11) moving=False events=0
[body] budget ms/obs: physics=10.0 vision=4.8 views=8.0 audio=0.0 send=423.2
[body] step=9150 pos=(-1.27,0.04,0.11) moving=False events=0
[body] budget ms/obs: physics=9.0 vision=4.5 views=7.6 audio=0.0 send=316.5
[body] step=9200 pos=(-1.26,0.01,0.12) moving=False events=0
[body] budget ms/obs: physics=11.2 vision=4.8 views=7.8 audio=0.0 send=303.1
[body] step=9250 pos=(-1.37,-0.01,0.09) moving=False events=0
[body] budget ms/obs: physics=9.1 vision=4.6 views=8.0 audio=0.0 send=386.0
[body] step=9300 pos=(-1.34,-0.03,0.09) moving=False events=0
[body] budget ms/obs: physics=10.1 vision=4.5 views=7.7 audio=0.0 send=348.3
[body] step=9350 pos=(-1.37,-0.05,0.08) moving=False events=0
[body] budget ms/obs: physics=9.7 vision=4.3 views=7.5 audio=0.0 send=352.9
[body] step=9400 pos=(-1.36,-0.04,0.09) moving=False events=0
[body] budget ms/obs: physics=11.0 vision=4.5 views=8.0 audio=0.0 send=354.7
[body] step=9450 pos=(-1.38,-0.03,0.12) moving=False events=0
[body] budget ms/obs: physics=9.4 vision=4.5 views=7.4 audio=0.0 send=342.1
[body] step=9500 pos=(-1.38,-0.02,0.13) moving=False events=0
[body] budget ms/obs: physics=10.9 vision=4.8 views=7.9 audio=0.0 send=418.3
[body] step=9550 pos=(-1.39,-0.01,0.13) moving=False events=0
[body] budget ms/obs: physics=9.2 vision=4.9 views=7.6 audio=0.0 send=338.4
[body] step=9600 pos=(-1.47,0.02,0.13) moving=False events=0
[body] budget ms/obs: physics=10.4 vision=4.5 views=7.9 audio=0.0 send=369.9
[body] step=9650 pos=(-1.52,-0.00,0.08) moving=False events=0
[body] budget ms/obs: physics=9.2 vision=4.5 views=7.8 audio=0.0 send=370.2
[body] step=9700 pos=(-1.51,-0.02,0.10) moving=False events=0
[body] budget ms/obs: physics=9.5 vision=4.9 views=7.7 audio=0.0 send=304.6
[body] step=9750 pos=(-1.46,-0.00,0.10) moving=False events=0
[body] budget ms/obs: physics=8.5 vision=4.6 views=7.5 audio=0.0 send=261.9
[body] step=9800 pos=(-1.39,-0.10,0.10) moving=True events=0
[body] budget ms/obs: physics=11.2 vision=4.5 views=7.7 audio=0.0 send=512.3
[body] step=9850 pos=(-1.45,-0.09,0.10) moving=False events=0
[body] budget ms/obs: physics=9.9 vision=4.6 views=7.5 audio=0.0 send=411.6
[body] step=9900 pos=(-1.46,-0.11,0.10) moving=False events=0
[body] budget ms/obs: physics=12.6 vision=4.9 views=7.7 audio=0.0 send=437.3
[body] step=9950 pos=(-1.43,-0.15,0.20) moving=False events=0
[body] budget ms/obs: physics=9.9 vision=4.4 views=7.6 audio=0.0 send=410.2
[body] step=10000 pos=(-1.43,-0.12,0.18) moving=False events=0
[body] budget ms/obs: physics=10.7 vision=3.8 views=7.6 audio=0.0 send=423.8
[body] step=10050 pos=(-1.42,-0.09,0.19) moving=False events=0
[body] budget ms/obs: physics=8.3 vision=3.9 views=7.3 audio=0.0 send=369.0
[body] step=10100 pos=(-1.44,-0.05,0.17) moving=True events=0
[body] budget ms/obs: physics=11.5 vision=4.4 views=8.2 audio=0.0 send=406.0
[body] step=10150 pos=(-1.13,-0.11,0.10) moving=False events=1
[body] budget ms/obs: physics=10.2 vision=4.3 views=7.6 audio=0.0 send=424.0
[body] step=10200 pos=(-1.14,-0.11,0.10) moving=False events=0
[body] budget ms/obs: physics=10.7 vision=4.7 views=7.6 audio=0.0 send=490.2
[body] step=10250 pos=(-1.21,-0.02,0.16) moving=False events=0
[body] budget ms/obs: physics=8.5 vision=4.6 views=7.4 audio=0.0 send=365.6
[body] step=10300 pos=(-1.21,0.05,0.13) moving=False events=0
[body] budget ms/obs: physics=10.5 vision=4.6 views=7.6 audio=0.0 send=423.3
[body] step=10350 pos=(-1.27,0.02,0.15) moving=False events=0
[body] budget ms/obs: physics=8.2 vision=4.4 views=7.3 audio=0.0 send=270.1
[body] step=10400 pos=(-1.29,0.00,0.16) moving=False events=0
[body] budget ms/obs: physics=11.2 vision=4.6 views=7.9 audio=0.0 send=474.6
[body] step=10450 pos=(-1.28,-0.02,0.09) moving=False events=0
[body] budget ms/obs: physics=9.5 vision=4.7 views=7.5 audio=0.0 send=436.4
[body] step=10500 pos=(-1.30,-0.11,0.11) moving=False events=0
[body] budget ms/obs: physics=10.8 vision=4.7 views=7.9 audio=0.0 send=386.1
[body] step=10550 pos=(-1.27,-0.10,0.14) moving=False events=0
[body] budget ms/obs: physics=9.2 vision=4.4 views=7.5 audio=0.0 send=411.5
[body] step=10600 pos=(-1.19,-0.12,0.09) moving=False events=0
[body] budget ms/obs: physics=9.7 vision=4.5 views=7.7 audio=0.0 send=345.3
[body] step=10650 pos=(-1.12,-0.07,0.09) moving=False events=0
[body] budget ms/obs: physics=7.8 vision=4.9 views=7.4 audio=0.0 send=459.8
[body] step=10700 pos=(-1.09,-0.09,0.10) moving=False events=0
[body] budget ms/obs: physics=8.6 vision=4.7 views=7.4 audio=0.0 send=372.9
[body] step=10750 pos=(-1.06,-0.08,0.11) moving=False events=0
[body] budget ms/obs: physics=10.2 vision=5.0 views=7.4 audio=0.0 send=510.1
