[body] agent_id=93856e2a-7332-478a-bd15-35ecabef5561
[body] elements=['obstacles', 'house', 'food', 'water', 'medical_kit'] props=['prop_box_red', 'prop_house', 'prop_food_s1', 'prop_food_s2', 'prop_food_s3', 'prop_food_s4', 'prop_water_w1', 'prop_water_w2', 'prop_water_w3', 'prop_medical_m1', 'prop_medical_m2']
[body] actuator contract OK: nu=21
[body] step=0 pos=(0.00,0.00,1.30) moving=False events=0
[body] budget ms/obs: physics=0.3 vision=26.5 views=11.4 audio=0.0 send=11.3
[body] step=50 pos=(-0.96,0.10,0.10) moving=False events=0
[body] budget ms/obs: physics=9.2 vision=4.5 views=6.8 audio=0.0 send=49.7
[body] step=100 pos=(-0.96,0.11,0.11) moving=False events=0
[body] budget ms/obs: physics=8.1 vision=4.6 views=7.9 audio=0.0 send=78.7
[body] step=150 pos=(-0.95,0.12,0.11) moving=False events=0
[body] budget ms/obs: physics=8.1 vision=4.6 views=7.7 audio=0.0 send=66.2
[body] step=200 pos=(-0.95,0.12,0.11) moving=False events=0
[body] budget ms/obs: physics=9.4 vision=5.1 views=7.3 audio=0.0 send=88.2
[body] step=250 pos=(-0.94,0.14,0.11) moving=False events=0
[body] budget ms/obs: physics=8.5 vision=4.8 views=7.0 audio=0.0 send=114.6
[body] step=300 pos=(-0.94,0.15,0.10) moving=False events=0
[body] budget ms/obs: physics=8.1 vision=4.7 views=7.5 audio=0.0 send=55.2
[body] step=350 pos=(-0.93,0.17,0.10) moving=False events=0
[body] budget ms/obs: physics=7.8 vision=4.7 views=7.9 audio=0.0 send=66.7
[body] step=400 pos=(-0.93,0.18,0.09) moving=False events=0
[body] budget ms/obs: physics=10.6 vision=4.7 views=7.4 audio=0.0 send=72.8
[body] step=450 pos=(-0.95,0.13,0.08) moving=False events=0
[body] budget ms/obs: physics=8.4 vision=4.6 views=7.4 audio=0.0 send=84.0
[body] step=500 pos=(-0.96,0.13,0.08) moving=False events=0
[body] budget ms/obs: physics=10.1 vision=4.7 views=7.1 audio=0.0 send=68.5
[body] step=550 pos=(-0.95,0.13,0.09) moving=False events=0
[body] budget ms/obs: physics=10.7 vision=4.7 views=7.5 audio=0.0 send=65.9
[body] step=600 pos=(-0.93,0.16,0.11) moving=False events=0
[body] budget ms/obs: physics=8.9 vision=4.7 views=7.4 audio=0.0 send=58.8
[body] step=650 pos=(-0.92,0.16,0.13) moving=False events=0
[body] budget ms/obs: physics=11.2 vision=4.4 views=7.5 audio=0.0 send=91.3
[body] step=700 pos=(-0.92,0.16,0.11) moving=False events=0
[body] budget ms/obs: physics=11.2 vision=4.5 views=7.1 audio=0.0 send=91.3
[body] step=750 pos=(-0.92,0.15,0.12) moving=False events=0
[body] budget ms/obs: physics=10.7 vision=4.9 views=8.2 audio=0.0 send=71.9
