INFO:     Started server process [42284]
INFO:     Waiting for application startup.
INFO:     Application startup complete.
INFO:     Uvicorn running on http://127.0.0.1:8766 (Press CTRL+C to quit)
{"time": "2026-07-04T20:41:26.334272+00:00", "level": "INFO", "logger": "decadic.agents.runtime", "message": "cycle_completed agent_id=2ffd6bd3-2bda-4071-bad0-5c10079c4d04 cycle=1 wall_ms=9.130 action_type=move"}
{"time": "2026-07-04T20:41:26.377458+00:00", "level": "INFO", "logger": "decadic.agents.runtime", "message": "cycle_completed agent_id=2ffd6bd3-2bda-4071-bad0-5c10079c4d04 cycle=2 wall_ms=0.577 action_type=move"}
{"time": "2026-07-04T20:41:26.424719+00:00", "level": "INFO", "logger": "decadic.agents.runtime", "message": "cycle_completed agent_id=2ffd6bd3-2bda-4071-bad0-5c10079c4d04 cycle=3 wall_ms=0.681 action_type=move"}
{"time": "2026-07-04T20:41:26.471031+00:00", "level": "INFO", "logger": "decadic.agents.runtime", "message": "cycle_completed agent_id=2ffd6bd3-2bda-4071-bad0-5c10079c4d04 cycle=4 wall_ms=0.598 action_type=move"}
{"time": "2026-07-04T20:41:26.518057+00:00", "level": "INFO", "logger": "decadic.agents.runtime", "message": "cycle_completed agent_id=2ffd6bd3-2bda-4071-bad0-5c10079c4d04 cycle=5 wall_ms=0.458 action_type=move"}
INFO:     127.0.0.1:59867 - "WebSocket /agent/2ffd6bd3-2bda-4071-bad0-5c10079c4d04/cycle" [accepted]
INFO:     connection open
{"time": "2026-07-04T20:41:26.565154+00:00", "level": "INFO", "logger": "decadic.agents.runtime", "message": "cycle_completed agent_id=2ffd6bd3-2bda-4071-bad0-5c10079c4d04 cycle=6 wall_ms=0.505 action_type=move"}
{"time": "2026-07-04T20:41:26.629908+00:00", "level": "INFO", "logger": "decadic.agents.runtime", "message": "cycle_completed agent_id=2ffd6bd3-2bda-4071-bad0-5c10079c4d04 cycle=7 wall_ms=2.289 action_type=move"}
{"time": "2026-07-04T20:41:26.674934+00:00", "level": "INFO", "logger": "decadic.agents.runtime", "message": "cycle_completed agent_id=2ffd6bd3-2bda-4071-bad0-5c10079c4d04 cycle=8 wall_ms=0.581 action_type=move"}
{"time": "2026-07-04T20:41:26.689251+00:00", "level": "INFO", "logger": "decadic.agents.runtime", "message": "fast_path_damage agent_id=2ffd6bd3-2bda-4071-bad0-5c10079c4d04 damage=21.2500 integrity=78.7500 viability=78.7500"}
{"time": "2026-07-04T20:41:26.723053+00:00", "level": "INFO", "logger": "decadic.agents.runtime", "message": "cycle_completed agent_id=2ffd6bd3-2bda-4071-bad0-5c10079c4d04 cycle=9 wall_ms=1.459 action_type=move"}
{"time": "2026-07-04T20:41:26.769942+00:00", "level": "INFO", "logger": "decadic.agents.runtime", "message": "cycle_completed agent_id=2ffd6bd3-2bda-4071-bad0-5c10079c4d04 cycle=10 wall_ms=0.905 action_type=move"}
{"time": "2026-07-04T20:41:26.818320+00:00", "level": "INFO", "logger": "decadic.agents.runtime", "message": "cycle_completed agent_id=2ffd6bd3-2bda-4071-bad0-5c10079c4d04 cycle=11 wall_ms=1.126 action_type=move"}
{"time": "2026-07-04T20:41:26.864617+00:00", "level": "INFO", "logger": "decadic.agents.runtime", "message": "cycle_completed agent_id=2ffd6bd3-2bda-4071-bad0-5c10079c4d04 cycle=12 wall_ms=1.181 action_type=move"}
{"time": "2026-07-04T20:41:26.927624+00:00", "level": "INFO", "logger": "decadic.agents.runtime", "message": "cycle_completed agent_id=2ffd6bd3-2bda-4071-bad0-5c10079c4d04 cycle=13 wall_ms=0.471 action_type=move"}
{"time": "2026-07-04T20:41:26.978073+00:00", "level": "INFO", "logger": "decadic.agents.runtime", "message": "cycle_completed agent_id=2ffd6bd3-2bda-4071-bad0-5c10079c4d04 cycle=14 wall_ms=2.071 action_type=move"}
{"time": "2026-07-04T20:41:27.023263+00:00", "level": "INFO", "logger": "decadic.agents.runtime", "message": "cycle_completed agent_id=2ffd6bd3-2bda-4071-bad0-5c10079c4d04 cycle=15 wall_ms=0.485 action_type=move"}
{"time": "2026-07-04T20:41:27.071663+00:00", "level": "INFO", "logger": "decadic.agents.runtime", "message": "cycle_completed agent_id=2ffd6bd3-2bda-4071-bad0-5c10079c4d04 cycle=16 wall_ms=1.194 action_type=move"}
{"time": "2026-07-04T20:41:27.120076+00:00", "level": "INFO", "logger": "decadic.agents.runtime", "message": "cycle_completed agent_id=2ffd6bd3-2bda-4071-bad0-5c10079c4d04 cycle=17 wall_ms=1.169 action_type=move"}
{"time": "2026-07-04T20:41:27.167106+00:00", "level": "INFO", "logger": "decadic.agents.runtime", "message": "cycle_completed agent_id=2ffd6bd3-2bda-4071-bad0-5c10079c4d04 cycle=18 wall_ms=1.016 action_type=move"}
{"time": "2026-07-04T20:41:27.228608+00:00", "level": "INFO", "logger": "decadic.agents.runtime", "message": "cycle_completed agent_id=2ffd6bd3-2bda-4071-bad0-5c10079c4d04 cycle=19 wall_ms=0.548 action_type=move"}
{"time": "2026-07-04T20:41:27.264188+00:00", "level": "INFO", "logger": "decadic.agents.runtime", "message": "cycle_completed agent_id=2ffd6bd3-2bda-4071-bad0-5c10079c4d04 cycle=20 wall_ms=0.472 action_type=move"}
{"time": "2026-07-04T20:41:27.330493+00:00", "level": "INFO", "logger": "decadic.agents.runtime", "message": "cycle_completed agent_id=2ffd6bd3-2bda-4071-bad0-5c10079c4d04 cycle=21 wall_ms=4.001 action_type=move"}
{"time": "2026-07-04T20:41:27.372010+00:00", "level": "INFO", "logger": "decadic.agents.runtime", "message": "cycle_completed agent_id=2ffd6bd3-2bda-4071-bad0-5c10079c4d04 cycle=22 wall_ms=1.058 action_type=move"}
{"time": "2026-07-04T20:41:27.418564+00:00", "level": "INFO", "logger": "decadic.agents.runtime", "message": "cycle_completed agent_id=2ffd6bd3-2bda-4071-bad0-5c10079c4d04 cycle=23 wall_ms=0.570 action_type=move"}
{"time": "2026-07-04T20:41:27.465047+00:00", "level": "INFO", "logger": "decadic.agents.runtime", "message": "cycle_completed agent_id=2ffd6bd3-2bda-4071-bad0-5c10079c4d04 cycle=24 wall_ms=0.500 action_type=move"}
{"time": "2026-07-04T20:41:27.527180+00:00", "level": "INFO", "logger": "decadic.agents.runtime", "message": "cycle_completed agent_id=2ffd6bd3-2bda-4071-bad0-5c10079c4d04 cycle=25 wall_ms=0.515 action_type=move"}
{"time": "2026-07-04T20:41:27.580633+00:00", "level": "INFO", "logger": "decadic.agents.runtime", "message": "cycle_completed agent_id=2ffd6bd3-2bda-4071-bad0-5c10079c4d04 cycle=26 wall_ms=5.014 action_type=move"}
{"time": "2026-07-04T20:41:27.624095+00:00", "level": "INFO", "logger": "decadic.agents.runtime", "message": "cycle_completed agent_id=2ffd6bd3-2bda-4071-bad0-5c10079c4d04 cycle=27 wall_ms=1.529 action_type=move"}
{"time": "2026-07-04T20:41:27.668004+00:00", "level": "INFO", "logger": "decadic.agents.runtime", "message": "cycle_completed agent_id=2ffd6bd3-2bda-4071-bad0-5c10079c4d04 cycle=28 wall_ms=0.499 action_type=move"}
{"time": "2026-07-04T20:41:27.714842+00:00", "level": "INFO", "logger": "decadic.agents.runtime", "message": "cycle_completed agent_id=2ffd6bd3-2bda-4071-bad0-5c10079c4d04 cycle=29 wall_ms=0.704 action_type=move"}
{"time": "2026-07-04T20:41:27.780442+00:00", "level": "INFO", "logger": "decadic.agents.runtime", "message": "cycle_completed agent_id=2ffd6bd3-2bda-4071-bad0-5c10079c4d04 cycle=30 wall_ms=1.513 action_type=move"}
{"time": "2026-07-04T20:41:27.815194+00:00", "level": "INFO", "logger": "decadic.agents.runtime", "message": "cycle_completed agent_id=2ffd6bd3-2bda-4071-bad0-5c10079c4d04 cycle=31 wall_ms=0.645 action_type=move"}
{"time": "2026-07-04T20:41:27.873250+00:00", "level": "INFO", "logger": "decadic.agents.runtime", "message": "cycle_completed agent_id=2ffd6bd3-2bda-4071-bad0-5c10079c4d04 cycle=32 wall_ms=1.822 action_type=move"}
{"time": "2026-07-04T20:41:27.920256+00:00", "level": "INFO", "logger": "decadic.agents.runtime", "message": "cycle_completed agent_id=2ffd6bd3-2bda-4071-bad0-5c10079c4d04 cycle=33 wall_ms=0.968 action_type=move"}
{"time": "2026-07-04T20:41:27.965361+00:00", "level": "INFO", "logger": "decadic.agents.runtime", "message": "cycle_completed agent_id=2ffd6bd3-2bda-4071-bad0-5c10079c4d04 cycle=34 wall_ms=0.465 action_type=move"}
{"time": "2026-07-04T20:41:28.028320+00:00", "level": "INFO", "logger": "decadic.agents.runtime", "message": "cycle_completed agent_id=2ffd6bd3-2bda-4071-bad0-5c10079c4d04 cycle=35 wall_ms=0.509 action_type=move"}
{"time": "2026-07-04T20:41:28.080899+00:00", "level": "INFO", "logger": "decadic.agents.runtime", "message": "cycle_completed agent_id=2ffd6bd3-2bda-4071-bad0-5c10079c4d04 cycle=36 wall_ms=4.580 action_type=move"}
{"time": "2026-07-04T20:41:28.124956+00:00", "level": "INFO", "logger": "decadic.agents.runtime", "message": "cycle_completed agent_id=2ffd6bd3-2bda-4071-bad0-5c10079c4d04 cycle=37 wall_ms=0.606 action_type=move"}
{"time": "2026-07-04T20:41:28.172282+00:00", "level": "INFO", "logger": "decadic.agents.runtime", "message": "cycle_completed agent_id=2ffd6bd3-2bda-4071-bad0-5c10079c4d04 cycle=38 wall_ms=0.509 action_type=move"}
{"time": "2026-07-04T20:41:28.220293+00:00", "level": "INFO", "logger": "decadic.agents.runtime", "message": "cycle_completed agent_id=2ffd6bd3-2bda-4071-bad0-5c10079c4d04 cycle=39 wall_ms=0.500 action_type=move"}
{"time": "2026-07-04T20:41:28.265464+00:00", "level": "INFO", "logger": "decadic.agents.runtime", "message": "cycle_completed agent_id=2ffd6bd3-2bda-4071-bad0-5c10079c4d04 cycle=40 wall_ms=0.575 action_type=move"}
{"time": "2026-07-04T20:41:28.330064+00:00", "level": "INFO", "logger": "decadic.agents.runtime", "message": "cycle_completed agent_id=2ffd6bd3-2bda-4071-bad0-5c10079c4d04 cycle=41 wall_ms=1.859 action_type=move"}
{"time": "2026-07-04T20:41:28.376715+00:00", "level": "INFO", "logger": "decadic.agents.runtime", "message": "cycle_completed agent_id=2ffd6bd3-2bda-4071-bad0-5c10079c4d04 cycle=42 wall_ms=1.450 action_type=move"}
{"time": "2026-07-04T20:41:28.429582+00:00", "level": "INFO", "logger": "decadic.agents.runtime", "message": "cycle_completed agent_id=2ffd6bd3-2bda-4071-bad0-5c10079c4d04 cycle=43 wall_ms=1.983 action_type=move"}
{"time": "2026-07-04T20:41:28.474943+00:00", "level": "INFO", "logger": "decadic.agents.runtime", "message": "cycle_completed agent_id=2ffd6bd3-2bda-4071-bad0-5c10079c4d04 cycle=44 wall_ms=2.869 action_type=move"}
{"time": "2026-07-04T20:41:28.519095+00:00", "level": "INFO", "logger": "decadic.agents.runtime", "message": "cycle_completed agent_id=2ffd6bd3-2bda-4071-bad0-5c10079c4d04 cycle=45 wall_ms=1.391 action_type=move"}
{"time": "2026-07-04T20:41:28.565306+00:00", "level": "INFO", "logger": "decadic.agents.runtime", "message": "cycle_completed agent_id=2ffd6bd3-2bda-4071-bad0-5c10079c4d04 cycle=46 wall_ms=0.684 action_type=move"}
{"time": "2026-07-04T20:41:28.626925+00:00", "level": "INFO", "logger": "decadic.agents.runtime", "message": "cycle_completed agent_id=2ffd6bd3-2bda-4071-bad0-5c10079c4d04 cycle=47 wall_ms=1.020 action_type=move"}
{"time": "2026-07-04T20:41:28.672991+00:00", "level": "INFO", "logger": "decadic.agents.runtime", "message": "cycle_completed agent_id=2ffd6bd3-2bda-4071-bad0-5c10079c4d04 cycle=48 wall_ms=0.859 action_type=move"}
{"time": "2026-07-04T20:41:28.722262+00:00", "level": "INFO", "logger": "decadic.agents.runtime", "message": "cycle_completed agent_id=2ffd6bd3-2bda-4071-bad0-5c10079c4d04 cycle=49 wall_ms=1.846 action_type=move"}
{"time": "2026-07-04T20:41:28.767314+00:00", "level": "INFO", "logger": "decadic.agents.runtime", "message": "cycle_completed agent_id=2ffd6bd3-2bda-4071-bad0-5c10079c4d04 cycle=50 wall_ms=0.754 action_type=move"}
{"time": "2026-07-04T20:41:28.813809+00:00", "level": "INFO", "logger": "decadic.agents.runtime", "message": "cycle_completed agent_id=2ffd6bd3-2bda-4071-bad0-5c10079c4d04 cycle=51 wall_ms=0.503 action_type=move"}
{"time": "2026-07-04T20:41:28.877423+00:00", "level": "INFO", "logger": "decadic.agents.runtime", "message": "cycle_completed agent_id=2ffd6bd3-2bda-4071-bad0-5c10079c4d04 cycle=52 wall_ms=1.604 action_type=move"}
{"time": "2026-07-04T20:41:28.923748+00:00", "level": "INFO", "logger": "decadic.agents.runtime", "message": "cycle_completed agent_id=2ffd6bd3-2bda-4071-bad0-5c10079c4d04 cycle=53 wall_ms=0.553 action_type=move"}
{"time": "2026-07-04T20:41:28.969724+00:00", "level": "INFO", "logger": "decadic.agents.runtime", "message": "cycle_completed agent_id=2ffd6bd3-2bda-4071-bad0-5c10079c4d04 cycle=54 wall_ms=0.480 action_type=move"}
{"time": "2026-07-04T20:41:29.014980+00:00", "level": "INFO", "logger": "decadic.agents.runtime", "message": "cycle_completed agent_id=2ffd6bd3-2bda-4071-bad0-5c10079c4d04 cycle=55 wall_ms=0.548 action_type=move"}
{"time": "2026-07-04T20:41:29.077335+00:00", "level": "INFO", "logger": "decadic.agents.runtime", "message": "cycle_completed agent_id=2ffd6bd3-2bda-4071-bad0-5c10079c4d04 cycle=56 wall_ms=0.586 action_type=move"}
{"time": "2026-07-04T20:41:29.124780+00:00", "level": "INFO", "logger": "decadic.agents.runtime", "message": "cycle_completed agent_id=2ffd6bd3-2bda-4071-bad0-5c10079c4d04 cycle=57 wall_ms=0.672 action_type=move"}
{"time": "2026-07-04T20:41:29.171257+00:00", "level": "INFO", "logger": "decadic.agents.runtime", "message": "cycle_completed agent_id=2ffd6bd3-2bda-4071-bad0-5c10079c4d04 cycle=58 wall_ms=0.539 action_type=move"}
{"time": "2026-07-04T20:41:29.219236+00:00", "level": "INFO", "logger": "decadic.agents.runtime", "message": "cycle_completed agent_id=2ffd6bd3-2bda-4071-bad0-5c10079c4d04 cycle=59 wall_ms=0.508 action_type=move"}
{"time": "2026-07-04T20:41:29.266376+00:00", "level": "INFO", "logger": "decadic.agents.runtime", "message": "cycle_completed agent_id=2ffd6bd3-2bda-4071-bad0-5c10079c4d04 cycle=60 wall_ms=0.586 action_type=move"}
{"time": "2026-07-04T20:41:29.326450+00:00", "level": "INFO", "logger": "decadic.agents.runtime", "message": "cycle_completed agent_id=2ffd6bd3-2bda-4071-bad0-5c10079c4d04 cycle=61 wall_ms=0.576 action_type=move"}
{"time": "2026-07-04T20:41:29.372269+00:00", "level": "INFO", "logger": "decadic.agents.runtime", "message": "cycle_completed agent_id=2ffd6bd3-2bda-4071-bad0-5c10079c4d04 cycle=62 wall_ms=0.514 action_type=move"}
{"time": "2026-07-04T20:41:29.419839+00:00", "level": "INFO", "logger": "decadic.agents.runtime", "message": "cycle_completed agent_id=2ffd6bd3-2bda-4071-bad0-5c10079c4d04 cycle=63 wall_ms=1.244 action_type=move"}
{"time": "2026-07-04T20:41:29.467318+00:00", "level": "INFO", "logger": "decadic.agents.runtime", "message": "cycle_completed agent_id=2ffd6bd3-2bda-4071-bad0-5c10079c4d04 cycle=64 wall_ms=1.390 action_type=move"}
{"time": "2026-07-04T20:41:29.528779+00:00", "level": "INFO", "logger": "decadic.agents.runtime", "message": "cycle_completed agent_id=2ffd6bd3-2bda-4071-bad0-5c10079c4d04 cycle=65 wall_ms=2.673 action_type=move"}
{"time": "2026-07-04T20:41:29.565166+00:00", "level": "INFO", "logger": "decadic.agents.runtime", "message": "cycle_completed agent_id=2ffd6bd3-2bda-4071-bad0-5c10079c4d04 cycle=66 wall_ms=1.078 action_type=move"}
{"time": "2026-07-04T20:41:29.622518+00:00", "level": "INFO", "logger": "decadic.agents.runtime", "message": "cycle_completed agent_id=2ffd6bd3-2bda-4071-bad0-5c10079c4d04 cycle=67 wall_ms=1.540 action_type=move"}
{"time": "2026-07-04T20:41:29.667442+00:00", "level": "INFO", "logger": "decadic.agents.runtime", "message": "cycle_completed agent_id=2ffd6bd3-2bda-4071-bad0-5c10079c4d04 cycle=68 wall_ms=0.481 action_type=move"}
{"time": "2026-07-04T20:41:29.714272+00:00", "level": "INFO", "logger": "decadic.agents.runtime", "message": "cycle_completed agent_id=2ffd6bd3-2bda-4071-bad0-5c10079c4d04 cycle=69 wall_ms=0.527 action_type=move"}
{"time": "2026-07-04T20:41:29.779974+00:00", "level": "INFO", "logger": "decadic.agents.runtime", "message": "cycle_completed agent_id=2ffd6bd3-2bda-4071-bad0-5c10079c4d04 cycle=70 wall_ms=1.785 action_type=move"}
{"time": "2026-07-04T20:41:29.826056+00:00", "level": "INFO", "logger": "decadic.agents.runtime", "message": "cycle_completed agent_id=2ffd6bd3-2bda-4071-bad0-5c10079c4d04 cycle=71 wall_ms=0.529 action_type=move"}
{"time": "2026-07-04T20:41:29.873583+00:00", "level": "INFO", "logger": "decadic.agents.runtime", "message": "cycle_completed agent_id=2ffd6bd3-2bda-4071-bad0-5c10079c4d04 cycle=72 wall_ms=0.763 action_type=move"}
{"time": "2026-07-04T20:41:29.920423+00:00", "level": "INFO", "logger": "decadic.agents.runtime", "message": "cycle_completed agent_id=2ffd6bd3-2bda-4071-bad0-5c10079c4d04 cycle=73 wall_ms=0.738 action_type=move"}
{"time": "2026-07-04T20:41:29.967466+00:00", "level": "INFO", "logger": "decadic.agents.runtime", "message": "cycle_completed agent_id=2ffd6bd3-2bda-4071-bad0-5c10079c4d04 cycle=74 wall_ms=0.540 action_type=move"}
{"time": "2026-07-04T20:41:30.028509+00:00", "level": "INFO", "logger": "decadic.agents.runtime", "message": "cycle_completed agent_id=2ffd6bd3-2bda-4071-bad0-5c10079c4d04 cycle=75 wall_ms=0.530 action_type=move"}
{"time": "2026-07-04T20:41:30.075222+00:00", "level": "INFO", "logger": "decadic.agents.runtime", "message": "cycle_completed agent_id=2ffd6bd3-2bda-4071-bad0-5c10079c4d04 cycle=76 wall_ms=0.763 action_type=move"}
{"time": "2026-07-04T20:41:30.120996+00:00", "level": "INFO", "logger": "decadic.agents.runtime", "message": "cycle_completed agent_id=2ffd6bd3-2bda-4071-bad0-5c10079c4d04 cycle=77 wall_ms=0.503 action_type=move"}
{"time": "2026-07-04T20:41:30.169539+00:00", "level": "INFO", "logger": "decadic.agents.runtime", "message": "cycle_completed agent_id=2ffd6bd3-2bda-4071-bad0-5c10079c4d04 cycle=78 wall_ms=0.509 action_type=move"}
{"time": "2026-07-04T20:41:30.217536+00:00", "level": "INFO", "logger": "decadic.agents.runtime", "message": "cycle_completed agent_id=2ffd6bd3-2bda-4071-bad0-5c10079c4d04 cycle=79 wall_ms=0.525 action_type=move"}
{"time": "2026-07-04T20:41:30.264071+00:00", "level": "INFO", "logger": "decadic.agents.runtime", "message": "cycle_completed agent_id=2ffd6bd3-2bda-4071-bad0-5c10079c4d04 cycle=80 wall_ms=0.538 action_type=move"}
{"time": "2026-07-04T20:41:30.327005+00:00", "level": "INFO", "logger": "decadic.agents.runtime", "message": "cycle_completed agent_id=2ffd6bd3-2bda-4071-bad0-5c10079c4d04 cycle=81 wall_ms=0.517 action_type=move"}
{"time": "2026-07-04T20:41:30.372770+00:00", "level": "INFO", "logger": "decadic.agents.runtime", "message": "cycle_completed agent_id=2ffd6bd3-2bda-4071-bad0-5c10079c4d04 cycle=82 wall_ms=0.523 action_type=move"}
{"time": "2026-07-04T20:41:30.420262+00:00", "level": "INFO", "logger": "decadic.agents.runtime", "message": "cycle_completed agent_id=2ffd6bd3-2bda-4071-bad0-5c10079c4d04 cycle=83 wall_ms=0.817 action_type=move"}
{"time": "2026-07-04T20:41:30.469203+00:00", "level": "INFO", "logger": "decadic.agents.runtime", "message": "cycle_completed agent_id=2ffd6bd3-2bda-4071-bad0-5c10079c4d04 cycle=84 wall_ms=2.011 action_type=move"}
{"time": "2026-07-04T20:41:30.514320+00:00", "level": "INFO", "logger": "decadic.agents.runtime", "message": "cycle_completed agent_id=2ffd6bd3-2bda-4071-bad0-5c10079c4d04 cycle=85 wall_ms=0.718 action_type=move"}
{"time": "2026-07-04T20:41:30.564888+00:00", "level": "INFO", "logger": "decadic.agents.runtime", "message": "cycle_completed agent_id=2ffd6bd3-2bda-4071-bad0-5c10079c4d04 cycle=86 wall_ms=0.619 action_type=move"}
{"time": "2026-07-04T20:41:30.630200+00:00", "level": "INFO", "logger": "decadic.agents.runtime", "message": "cycle_completed agent_id=2ffd6bd3-2bda-4071-bad0-5c10079c4d04 cycle=87 wall_ms=4.677 action_type=move"}
{"time": "2026-07-04T20:41:30.671665+00:00", "level": "INFO", "logger": "decadic.agents.runtime", "message": "cycle_completed agent_id=2ffd6bd3-2bda-4071-bad0-5c10079c4d04 cycle=88 wall_ms=1.254 action_type=move"}
{"time": "2026-07-04T20:41:30.719272+00:00", "level": "INFO", "logger": "decadic.agents.runtime", "message": "cycle_completed agent_id=2ffd6bd3-2bda-4071-bad0-5c10079c4d04 cycle=89 wall_ms=0.940 action_type=move"}
{"time": "2026-07-04T20:41:30.767551+00:00", "level": "INFO", "logger": "decadic.agents.runtime", "message": "cycle_completed agent_id=2ffd6bd3-2bda-4071-bad0-5c10079c4d04 cycle=90 wall_ms=1.013 action_type=move"}
{"time": "2026-07-04T20:41:30.814445+00:00", "level": "INFO", "logger": "decadic.agents.runtime", "message": "cycle_completed agent_id=2ffd6bd3-2bda-4071-bad0-5c10079c4d04 cycle=91 wall_ms=0.641 action_type=move"}
{"time": "2026-07-04T20:41:30.878525+00:00", "level": "INFO", "logger": "decadic.agents.runtime", "message": "cycle_completed agent_id=2ffd6bd3-2bda-4071-bad0-5c10079c4d04 cycle=92 wall_ms=0.549 action_type=move"}
{"time": "2026-07-04T20:41:30.924754+00:00", "level": "INFO", "logger": "decadic.agents.runtime", "message": "cycle_completed agent_id=2ffd6bd3-2bda-4071-bad0-5c10079c4d04 cycle=93 wall_ms=0.704 action_type=move"}
{"time": "2026-07-04T20:41:30.970021+00:00", "level": "INFO", "logger": "decadic.agents.runtime", "message": "cycle_completed agent_id=2ffd6bd3-2bda-4071-bad0-5c10079c4d04 cycle=94 wall_ms=0.544 action_type=move"}
{"time": "2026-07-04T20:41:31.017432+00:00", "level": "INFO", "logger": "decadic.agents.runtime", "message": "cycle_completed agent_id=2ffd6bd3-2bda-4071-bad0-5c10079c4d04 cycle=95 wall_ms=0.557 action_type=move"}
{"time": "2026-07-04T20:41:31.063988+00:00", "level": "INFO", "logger": "decadic.agents.runtime", "message": "cycle_completed agent_id=2ffd6bd3-2bda-4071-bad0-5c10079c4d04 cycle=96 wall_ms=0.488 action_type=move"}
{"time": "2026-07-04T20:41:31.126952+00:00", "level": "INFO", "logger": "decadic.agents.runtime", "message": "cycle_completed agent_id=2ffd6bd3-2bda-4071-bad0-5c10079c4d04 cycle=97 wall_ms=0.536 action_type=move"}
{"time": "2026-07-04T20:41:31.174846+00:00", "level": "INFO", "logger": "decadic.agents.runtime", "message": "cycle_completed agent_id=2ffd6bd3-2bda-4071-bad0-5c10079c4d04 cycle=98 wall_ms=0.787 action_type=move"}
{"time": "2026-07-04T20:41:31.220764+00:00", "level": "INFO", "logger": "decadic.agents.runtime", "message": "cycle_completed agent_id=2ffd6bd3-2bda-4071-bad0-5c10079c4d04 cycle=99 wall_ms=0.520 action_type=move"}
{"time": "2026-07-04T20:41:31.266966+00:00", "level": "INFO", "logger": "decadic.agents.runtime", "message": "cycle_completed agent_id=2ffd6bd3-2bda-4071-bad0-5c10079c4d04 cycle=100 wall_ms=0.526 action_type=move"}
{"time": "2026-07-04T20:41:31.313957+00:00", "level": "INFO", "logger": "decadic.agents.runtime", "message": "cycle_completed agent_id=2ffd6bd3-2bda-4071-bad0-5c10079c4d04 cycle=101 wall_ms=0.504 action_type=move"}
{"time": "2026-07-04T20:41:31.375891+00:00", "level": "INFO", "logger": "decadic.agents.runtime", "message": "cycle_completed agent_id=2ffd6bd3-2bda-4071-bad0-5c10079c4d04 cycle=102 wall_ms=0.803 action_type=move"}
{"time": "2026-07-04T20:41:31.423531+00:00", "level": "INFO", "logger": "decadic.agents.runtime", "message": "cycle_completed agent_id=2ffd6bd3-2bda-4071-bad0-5c10079c4d04 cycle=103 wall_ms=0.548 action_type=move"}
{"time": "2026-07-04T20:41:31.471985+00:00", "level": "INFO", "logger": "decadic.agents.runtime", "message": "cycle_completed agent_id=2ffd6bd3-2bda-4071-bad0-5c10079c4d04 cycle=104 wall_ms=1.634 action_type=move"}
{"time": "2026-07-04T20:41:31.517012+00:00", "level": "INFO", "logger": "decadic.agents.runtime", "message": "cycle_completed agent_id=2ffd6bd3-2bda-4071-bad0-5c10079c4d04 cycle=105 wall_ms=1.233 action_type=move"}
{"time": "2026-07-04T20:41:31.564913+00:00", "level": "INFO", "logger": "decadic.agents.runtime", "message": "cycle_completed agent_id=2ffd6bd3-2bda-4071-bad0-5c10079c4d04 cycle=106 wall_ms=0.497 action_type=move"}
{"time": "2026-07-04T20:41:31.630250+00:00", "level": "INFO", "logger": "decadic.agents.runtime", "message": "cycle_completed agent_id=2ffd6bd3-2bda-4071-bad0-5c10079c4d04 cycle=107 wall_ms=4.547 action_type=move"}
{"time": "2026-07-04T20:41:31.664580+00:00", "level": "INFO", "logger": "decadic.agents.runtime", "message": "cycle_completed agent_id=2ffd6bd3-2bda-4071-bad0-5c10079c4d04 cycle=108 wall_ms=0.653 action_type=move"}
{"time": "2026-07-04T20:41:31.720906+00:00", "level": "INFO", "logger": "decadic.agents.runtime", "message": "cycle_completed agent_id=2ffd6bd3-2bda-4071-bad0-5c10079c4d04 cycle=109 wall_ms=1.053 action_type=move"}
{"time": "2026-07-04T20:41:31.766998+00:00", "level": "INFO", "logger": "decadic.agents.runtime", "message": "cycle_completed agent_id=2ffd6bd3-2bda-4071-bad0-5c10079c4d04 cycle=110 wall_ms=0.850 action_type=move"}
{"time": "2026-07-04T20:41:31.815223+00:00", "level": "INFO", "logger": "decadic.agents.runtime", "message": "cycle_completed agent_id=2ffd6bd3-2bda-4071-bad0-5c10079c4d04 cycle=111 wall_ms=0.929 action_type=move"}
{"time": "2026-07-04T20:41:31.876940+00:00", "level": "INFO", "logger": "decadic.agents.runtime", "message": "cycle_completed agent_id=2ffd6bd3-2bda-4071-bad0-5c10079c4d04 cycle=112 wall_ms=0.534 action_type=move"}
{"time": "2026-07-04T20:41:31.924873+00:00", "level": "INFO", "logger": "decadic.agents.runtime", "message": "cycle_completed agent_id=2ffd6bd3-2bda-4071-bad0-5c10079c4d04 cycle=113 wall_ms=0.895 action_type=move"}
{"time": "2026-07-04T20:41:31.971966+00:00", "level": "INFO", "logger": "decadic.agents.runtime", "message": "cycle_completed agent_id=2ffd6bd3-2bda-4071-bad0-5c10079c4d04 cycle=114 wall_ms=0.486 action_type=move"}
{"time": "2026-07-04T20:41:32.019879+00:00", "level": "INFO", "logger": "decadic.agents.runtime", "message": "cycle_completed agent_id=2ffd6bd3-2bda-4071-bad0-5c10079c4d04 cycle=115 wall_ms=1.127 action_type=move"}
{"time": "2026-07-04T20:41:32.065329+00:00", "level": "INFO", "logger": "decadic.agents.runtime", "message": "cycle_completed agent_id=2ffd6bd3-2bda-4071-bad0-5c10079c4d04 cycle=116 wall_ms=0.504 action_type=move"}
{"time": "2026-07-04T20:41:32.129435+00:00", "level": "INFO", "logger": "decadic.agents.runtime", "message": "cycle_completed agent_id=2ffd6bd3-2bda-4071-bad0-5c10079c4d04 cycle=117 wall_ms=0.570 action_type=move"}
{"time": "2026-07-04T20:41:32.176841+00:00", "level": "INFO", "logger": "decadic.agents.runtime", "message": "cycle_completed agent_id=2ffd6bd3-2bda-4071-bad0-5c10079c4d04 cycle=118 wall_ms=0.529 action_type=move"}
{"time": "2026-07-04T20:41:32.224195+00:00", "level": "INFO", "logger": "decadic.agents.runtime", "message": "cycle_completed agent_id=2ffd6bd3-2bda-4071-bad0-5c10079c4d04 cycle=119 wall_ms=0.517 action_type=move"}
{"time": "2026-07-04T20:41:32.272427+00:00", "level": "INFO", "logger": "decadic.agents.runtime", "message": "cycle_completed agent_id=2ffd6bd3-2bda-4071-bad0-5c10079c4d04 cycle=120 wall_ms=0.538 action_type=move"}
{"time": "2026-07-04T20:41:32.319627+00:00", "level": "INFO", "logger": "decadic.agents.runtime", "message": "cycle_completed agent_id=2ffd6bd3-2bda-4071-bad0-5c10079c4d04 cycle=121 wall_ms=0.604 action_type=move"}
{"time": "2026-07-04T20:41:32.366166+00:00", "level": "INFO", "logger": "decadic.agents.runtime", "message": "cycle_completed agent_id=2ffd6bd3-2bda-4071-bad0-5c10079c4d04 cycle=122 wall_ms=0.475 action_type=move"}
{"time": "2026-07-04T20:41:32.414426+00:00", "level": "INFO", "logger": "decadic.agents.runtime", "message": "cycle_completed agent_id=2ffd6bd3-2bda-4071-bad0-5c10079c4d04 cycle=123 wall_ms=0.481 action_type=move"}
{"time": "2026-07-04T20:41:32.475541+00:00", "level": "INFO", "logger": "decadic.agents.runtime", "message": "cycle_completed agent_id=2ffd6bd3-2bda-4071-bad0-5c10079c4d04 cycle=124 wall_ms=0.567 action_type=move"}
{"time": "2026-07-04T20:41:32.523015+00:00", "level": "INFO", "logger": "decadic.agents.runtime", "message": "cycle_completed agent_id=2ffd6bd3-2bda-4071-bad0-5c10079c4d04 cycle=125 wall_ms=0.525 action_type=move"}
{"time": "2026-07-04T20:41:32.570508+00:00", "level": "INFO", "logger": "decadic.agents.runtime", "message": "cycle_completed agent_id=2ffd6bd3-2bda-4071-bad0-5c10079c4d04 cycle=126 wall_ms=0.507 action_type=move"}
{"time": "2026-07-04T20:41:32.617515+00:00", "level": "INFO", "logger": "decadic.agents.runtime", "message": "cycle_completed agent_id=2ffd6bd3-2bda-4071-bad0-5c10079c4d04 cycle=127 wall_ms=0.544 action_type=move"}
{"time": "2026-07-04T20:41:32.664638+00:00", "level": "INFO", "logger": "decadic.agents.runtime", "message": "cycle_completed agent_id=2ffd6bd3-2bda-4071-bad0-5c10079c4d04 cycle=128 wall_ms=0.511 action_type=move"}
{"time": "2026-07-04T20:41:32.727666+00:00", "level": "INFO", "logger": "decadic.agents.runtime", "message": "cycle_completed agent_id=2ffd6bd3-2bda-4071-bad0-5c10079c4d04 cycle=129 wall_ms=0.591 action_type=move"}
{"time": "2026-07-04T20:41:32.764445+00:00", "level": "INFO", "logger": "decadic.agents.runtime", "message": "cycle_completed agent_id=2ffd6bd3-2bda-4071-bad0-5c10079c4d04 cycle=130 wall_ms=0.850 action_type=move"}
{"time": "2026-07-04T20:41:32.822318+00:00", "level": "INFO", "logger": "decadic.agents.runtime", "message": "cycle_completed agent_id=2ffd6bd3-2bda-4071-bad0-5c10079c4d04 cycle=131 wall_ms=0.538 action_type=move"}
{"time": "2026-07-04T20:41:32.869179+00:00", "level": "INFO", "logger": "decadic.agents.runtime", "message": "cycle_completed agent_id=2ffd6bd3-2bda-4071-bad0-5c10079c4d04 cycle=132 wall_ms=0.512 action_type=move"}
{"time": "2026-07-04T20:41:32.915970+00:00", "level": "INFO", "logger": "decadic.agents.runtime", "message": "cycle_completed agent_id=2ffd6bd3-2bda-4071-bad0-5c10079c4d04 cycle=133 wall_ms=0.528 action_type=move"}
{"time": "2026-07-04T20:41:32.979827+00:00", "level": "INFO", "logger": "decadic.agents.runtime", "message": "cycle_completed agent_id=2ffd6bd3-2bda-4071-bad0-5c10079c4d04 cycle=134 wall_ms=0.957 action_type=move"}
{"time": "2026-07-04T20:41:33.027359+00:00", "level": "INFO", "logger": "decadic.agents.runtime", "message": "cycle_completed agent_id=2ffd6bd3-2bda-4071-bad0-5c10079c4d04 cycle=135 wall_ms=0.539 action_type=move"}
{"time": "2026-07-04T20:41:33.075060+00:00", "level": "INFO", "logger": "decadic.agents.runtime", "message": "cycle_completed agent_id=2ffd6bd3-2bda-4071-bad0-5c10079c4d04 cycle=136 wall_ms=0.580 action_type=move"}
{"time": "2026-07-04T20:41:33.122930+00:00", "level": "INFO", "logger": "decadic.agents.runtime", "message": "cycle_completed agent_id=2ffd6bd3-2bda-4071-bad0-5c10079c4d04 cycle=137 wall_ms=0.516 action_type=move"}
{"time": "2026-07-04T20:41:33.170492+00:00", "level": "INFO", "logger": "decadic.agents.runtime", "message": "cycle_completed agent_id=2ffd6bd3-2bda-4071-bad0-5c10079c4d04 cycle=138 wall_ms=0.496 action_type=move"}
{"time": "2026-07-04T20:41:33.215979+00:00", "level": "INFO", "logger": "decadic.agents.runtime", "message": "cycle_completed agent_id=2ffd6bd3-2bda-4071-bad0-5c10079c4d04 cycle=139 wall_ms=0.530 action_type=move"}
{"time": "2026-07-04T20:41:33.263662+00:00", "level": "INFO", "logger": "decadic.agents.runtime", "message": "cycle_completed agent_id=2ffd6bd3-2bda-4071-bad0-5c10079c4d04 cycle=140 wall_ms=0.476 action_type=move"}
{"time": "2026-07-04T20:41:33.327379+00:00", "level": "INFO", "logger": "decadic.agents.runtime", "message": "cycle_completed agent_id=2ffd6bd3-2bda-4071-bad0-5c10079c4d04 cycle=141 wall_ms=0.538 action_type=move"}
{"time": "2026-07-04T20:41:33.373967+00:00", "level": "INFO", "logger": "decadic.agents.runtime", "message": "cycle_completed agent_id=2ffd6bd3-2bda-4071-bad0-5c10079c4d04 cycle=142 wall_ms=0.558 action_type=move"}
{"time": "2026-07-04T20:41:33.421231+00:00", "level": "INFO", "logger": "decadic.agents.runtime", "message": "cycle_completed agent_id=2ffd6bd3-2bda-4071-bad0-5c10079c4d04 cycle=143 wall_ms=0.514 action_type=move"}
{"time": "2026-07-04T20:41:33.469600+00:00", "level": "INFO", "logger": "decadic.agents.runtime", "message": "cycle_completed agent_id=2ffd6bd3-2bda-4071-bad0-5c10079c4d04 cycle=144 wall_ms=1.063 action_type=move"}
{"time": "2026-07-04T20:41:33.516878+00:00", "level": "INFO", "logger": "decadic.agents.runtime", "message": "cycle_completed agent_id=2ffd6bd3-2bda-4071-bad0-5c10079c4d04 cycle=145 wall_ms=0.527 action_type=move"}
{"time": "2026-07-04T20:41:33.579191+00:00", "level": "INFO", "logger": "decadic.agents.runtime", "message": "cycle_completed agent_id=2ffd6bd3-2bda-4071-bad0-5c10079c4d04 cycle=146 wall_ms=0.769 action_type=move"}
{"time": "2026-07-04T20:41:33.626285+00:00", "level": "INFO", "logger": "decadic.agents.runtime", "message": "cycle_completed agent_id=2ffd6bd3-2bda-4071-bad0-5c10079c4d04 cycle=147 wall_ms=0.635 action_type=move"}
{"time": "2026-07-04T20:41:33.675210+00:00", "level": "INFO", "logger": "decadic.agents.runtime", "message": "cycle_completed agent_id=2ffd6bd3-2bda-4071-bad0-5c10079c4d04 cycle=148 wall_ms=0.801 action_type=move"}
{"time": "2026-07-04T20:41:33.721877+00:00", "level": "INFO", "logger": "decadic.agents.runtime", "message": "cycle_completed agent_id=2ffd6bd3-2bda-4071-bad0-5c10079c4d04 cycle=149 wall_ms=1.060 action_type=move"}
{"time": "2026-07-04T20:41:33.769697+00:00", "level": "INFO", "logger": "decadic.agents.runtime", "message": "cycle_completed agent_id=2ffd6bd3-2bda-4071-bad0-5c10079c4d04 cycle=150 wall_ms=1.913 action_type=move"}
{"time": "2026-07-04T20:41:33.814066+00:00", "level": "INFO", "logger": "decadic.agents.runtime", "message": "cycle_completed agent_id=2ffd6bd3-2bda-4071-bad0-5c10079c4d04 cycle=151 wall_ms=0.677 action_type=move"}
{"time": "2026-07-04T20:41:33.877394+00:00", "level": "INFO", "logger": "decadic.agents.runtime", "message": "cycle_completed agent_id=2ffd6bd3-2bda-4071-bad0-5c10079c4d04 cycle=152 wall_ms=0.723 action_type=move"}
{"time": "2026-07-04T20:41:33.922852+00:00", "level": "INFO", "logger": "decadic.agents.runtime", "message": "cycle_completed agent_id=2ffd6bd3-2bda-4071-bad0-5c10079c4d04 cycle=153 wall_ms=0.662 action_type=move"}
{"time": "2026-07-04T20:41:33.969259+00:00", "level": "INFO", "logger": "decadic.agents.runtime", "message": "cycle_completed agent_id=2ffd6bd3-2bda-4071-bad0-5c10079c4d04 cycle=154 wall_ms=0.482 action_type=move"}
{"time": "2026-07-04T20:41:34.016364+00:00", "level": "INFO", "logger": "decadic.agents.runtime", "message": "cycle_completed agent_id=2ffd6bd3-2bda-4071-bad0-5c10079c4d04 cycle=155 wall_ms=0.570 action_type=move"}
{"time": "2026-07-04T20:41:34.064078+00:00", "level": "INFO", "logger": "decadic.agents.runtime", "message": "cycle_completed agent_id=2ffd6bd3-2bda-4071-bad0-5c10079c4d04 cycle=156 wall_ms=0.487 action_type=move"}
{"time": "2026-07-04T20:41:34.125541+00:00", "level": "INFO", "logger": "decadic.agents.runtime", "message": "cycle_completed agent_id=2ffd6bd3-2bda-4071-bad0-5c10079c4d04 cycle=157 wall_ms=0.580 action_type=move"}
{"time": "2026-07-04T20:41:34.171273+00:00", "level": "INFO", "logger": "decadic.agents.runtime", "message": "cycle_completed agent_id=2ffd6bd3-2bda-4071-bad0-5c10079c4d04 cycle=158 wall_ms=0.523 action_type=move"}
{"time": "2026-07-04T20:41:34.218231+00:00", "level": "INFO", "logger": "decadic.agents.runtime", "message": "cycle_completed agent_id=2ffd6bd3-2bda-4071-bad0-5c10079c4d04 cycle=159 wall_ms=0.492 action_type=move"}
{"time": "2026-07-04T20:41:34.265385+00:00", "level": "INFO", "logger": "decadic.agents.runtime", "message": "cycle_completed agent_id=2ffd6bd3-2bda-4071-bad0-5c10079c4d04 cycle=160 wall_ms=0.641 action_type=move"}
{"time": "2026-07-04T20:41:34.313724+00:00", "level": "INFO", "logger": "decadic.agents.runtime", "message": "cycle_completed agent_id=2ffd6bd3-2bda-4071-bad0-5c10079c4d04 cycle=161 wall_ms=0.411 action_type=move"}
{"time": "2026-07-04T20:41:34.375394+00:00", "level": "INFO", "logger": "decadic.agents.runtime", "message": "cycle_completed agent_id=2ffd6bd3-2bda-4071-bad0-5c10079c4d04 cycle=162 wall_ms=1.202 action_type=move"}
{"time": "2026-07-04T20:41:34.421271+00:00", "level": "INFO", "logger": "decadic.agents.runtime", "message": "cycle_completed agent_id=2ffd6bd3-2bda-4071-bad0-5c10079c4d04 cycle=163 wall_ms=0.526 action_type=move"}
{"time": "2026-07-04T20:41:34.468292+00:00", "level": "INFO", "logger": "decadic.agents.runtime", "message": "cycle_completed agent_id=2ffd6bd3-2bda-4071-bad0-5c10079c4d04 cycle=164 wall_ms=0.497 action_type=move"}
{"time": "2026-07-04T20:41:34.516360+00:00", "level": "INFO", "logger": "decadic.agents.runtime", "message": "cycle_completed agent_id=2ffd6bd3-2bda-4071-bad0-5c10079c4d04 cycle=165 wall_ms=0.539 action_type=move"}
{"time": "2026-07-04T20:41:34.564117+00:00", "level": "INFO", "logger": "decadic.agents.runtime", "message": "cycle_completed agent_id=2ffd6bd3-2bda-4071-bad0-5c10079c4d04 cycle=166 wall_ms=0.568 action_type=move"}
{"time": "2026-07-04T20:41:34.625557+00:00", "level": "INFO", "logger": "decadic.agents.runtime", "message": "cycle_completed agent_id=2ffd6bd3-2bda-4071-bad0-5c10079c4d04 cycle=167 wall_ms=0.695 action_type=move"}
{"time": "2026-07-04T20:41:34.672838+00:00", "level": "INFO", "logger": "decadic.agents.runtime", "message": "cycle_completed agent_id=2ffd6bd3-2bda-4071-bad0-5c10079c4d04 cycle=168 wall_ms=0.506 action_type=move"}
{"time": "2026-07-04T20:41:34.718337+00:00", "level": "INFO", "logger": "decadic.agents.runtime", "message": "cycle_completed agent_id=2ffd6bd3-2bda-4071-bad0-5c10079c4d04 cycle=169 wall_ms=0.495 action_type=move"}
{"time": "2026-07-04T20:41:34.764141+00:00", "level": "INFO", "logger": "decadic.agents.runtime", "message": "cycle_completed agent_id=2ffd6bd3-2bda-4071-bad0-5c10079c4d04 cycle=170 wall_ms=0.540 action_type=move"}
{"time": "2026-07-04T20:41:34.827314+00:00", "level": "INFO", "logger": "decadic.agents.runtime", "message": "cycle_completed agent_id=2ffd6bd3-2bda-4071-bad0-5c10079c4d04 cycle=171 wall_ms=0.524 action_type=move"}
{"time": "2026-07-04T20:41:34.874211+00:00", "level": "INFO", "logger": "decadic.agents.runtime", "message": "cycle_completed agent_id=2ffd6bd3-2bda-4071-bad0-5c10079c4d04 cycle=172 wall_ms=0.695 action_type=move"}
{"time": "2026-07-04T20:41:34.920745+00:00", "level": "INFO", "logger": "decadic.agents.runtime", "message": "cycle_completed agent_id=2ffd6bd3-2bda-4071-bad0-5c10079c4d04 cycle=173 wall_ms=0.517 action_type=move"}
{"time": "2026-07-04T20:41:34.965832+00:00", "level": "INFO", "logger": "decadic.agents.runtime", "message": "cycle_completed agent_id=2ffd6bd3-2bda-4071-bad0-5c10079c4d04 cycle=174 wall_ms=0.603 action_type=move"}
{"time": "2026-07-04T20:41:35.028662+00:00", "level": "INFO", "logger": "decadic.agents.runtime", "message": "cycle_completed agent_id=2ffd6bd3-2bda-4071-bad0-5c10079c4d04 cycle=175 wall_ms=0.533 action_type=move"}
{"time": "2026-07-04T20:41:35.077296+00:00", "level": "INFO", "logger": "decadic.agents.runtime", "message": "cycle_completed agent_id=2ffd6bd3-2bda-4071-bad0-5c10079c4d04 cycle=176 wall_ms=0.605 action_type=move"}
{"time": "2026-07-04T20:41:35.128826+00:00", "level": "INFO", "logger": "decadic.agents.runtime", "message": "cycle_completed agent_id=2ffd6bd3-2bda-4071-bad0-5c10079c4d04 cycle=177 wall_ms=3.297 action_type=move"}
{"time": "2026-07-04T20:41:35.170652+00:00", "level": "INFO", "logger": "decadic.agents.runtime", "message": "cycle_completed agent_id=2ffd6bd3-2bda-4071-bad0-5c10079c4d04 cycle=178 wall_ms=0.539 action_type=move"}
{"time": "2026-07-04T20:41:35.219331+00:00", "level": "INFO", "logger": "decadic.agents.runtime", "message": "cycle_completed agent_id=2ffd6bd3-2bda-4071-bad0-5c10079c4d04 cycle=179 wall_ms=0.866 action_type=move"}
{"time": "2026-07-04T20:41:35.265378+00:00", "level": "INFO", "logger": "decadic.agents.runtime", "message": "cycle_completed agent_id=2ffd6bd3-2bda-4071-bad0-5c10079c4d04 cycle=180 wall_ms=0.513 action_type=move"}
{"time": "2026-07-04T20:41:35.313710+00:00", "level": "INFO", "logger": "decadic.agents.runtime", "message": "cycle_completed agent_id=2ffd6bd3-2bda-4071-bad0-5c10079c4d04 cycle=181 wall_ms=0.487 action_type=move"}
{"time": "2026-07-04T20:41:35.374443+00:00", "level": "INFO", "logger": "decadic.agents.runtime", "message": "cycle_completed agent_id=2ffd6bd3-2bda-4071-bad0-5c10079c4d04 cycle=182 wall_ms=0.810 action_type=move"}
{"time": "2026-07-04T20:41:35.421597+00:00", "level": "INFO", "logger": "decadic.agents.runtime", "message": "cycle_completed agent_id=2ffd6bd3-2bda-4071-bad0-5c10079c4d04 cycle=183 wall_ms=0.522 action_type=move"}
{"time": "2026-07-04T20:41:35.467961+00:00", "level": "INFO", "logger": "decadic.agents.runtime", "message": "cycle_completed agent_id=2ffd6bd3-2bda-4071-bad0-5c10079c4d04 cycle=184 wall_ms=0.531 action_type=move"}
{"time": "2026-07-04T20:41:35.515368+00:00", "level": "INFO", "logger": "decadic.agents.runtime", "message": "cycle_completed agent_id=2ffd6bd3-2bda-4071-bad0-5c10079c4d04 cycle=185 wall_ms=0.551 action_type=move"}
{"time": "2026-07-04T20:41:35.577795+00:00", "level": "INFO", "logger": "decadic.agents.runtime", "message": "cycle_completed agent_id=2ffd6bd3-2bda-4071-bad0-5c10079c4d04 cycle=186 wall_ms=0.755 action_type=move"}
{"time": "2026-07-04T20:41:35.626024+00:00", "level": "INFO", "logger": "decadic.agents.runtime", "message": "cycle_completed agent_id=2ffd6bd3-2bda-4071-bad0-5c10079c4d04 cycle=187 wall_ms=1.089 action_type=move"}
{"time": "2026-07-04T20:41:35.671427+00:00", "level": "INFO", "logger": "decadic.agents.runtime", "message": "cycle_completed agent_id=2ffd6bd3-2bda-4071-bad0-5c10079c4d04 cycle=188 wall_ms=0.506 action_type=move"}
{"time": "2026-07-04T20:41:35.717240+00:00", "level": "INFO", "logger": "decadic.agents.runtime", "message": "cycle_completed agent_id=2ffd6bd3-2bda-4071-bad0-5c10079c4d04 cycle=189 wall_ms=0.492 action_type=move"}
{"time": "2026-07-04T20:41:35.764022+00:00", "level": "INFO", "logger": "decadic.agents.runtime", "message": "cycle_completed agent_id=2ffd6bd3-2bda-4071-bad0-5c10079c4d04 cycle=190 wall_ms=0.510 action_type=move"}
{"time": "2026-07-04T20:41:35.829674+00:00", "level": "INFO", "logger": "decadic.agents.runtime", "message": "cycle_completed agent_id=2ffd6bd3-2bda-4071-bad0-5c10079c4d04 cycle=191 wall_ms=3.708 action_type=move"}
INFO:     connection closed
{"time": "2026-07-04T20:41:35.855681+00:00", "level": "INFO", "logger": "decadic.api.app", "message": "ws_disconnect agent_id=2ffd6bd3-2bda-4071-bad0-5c10079c4d04"}
{"time": "2026-07-04T20:41:35.871022+00:00", "level": "INFO", "logger": "decadic.agents.runtime", "message": "cycle_completed agent_id=2ffd6bd3-2bda-4071-bad0-5c10079c4d04 cycle=192 wall_ms=0.530 action_type=move"}
{"time": "2026-07-04T20:41:35.918797+00:00", "level": "INFO", "logger": "decadic.agents.runtime", "message": "cycle_completed agent_id=2ffd6bd3-2bda-4071-bad0-5c10079c4d04 cycle=193 wall_ms=0.481 action_type=move"}
{"time": "2026-07-04T20:41:35.966456+00:00", "level": "INFO", "logger": "decadic.agents.runtime", "message": "cycle_completed agent_id=2ffd6bd3-2bda-4071-bad0-5c10079c4d04 cycle=194 wall_ms=0.517 action_type=move"}
