[body] agent_id=fa64f003-7551-4457-806e-b12a79f1e4ec
[body] elements=['obstacles', 'house', 'food', 'water', 'medical_kit'] props=['prop_box_red', 'prop_house', 'prop_food_s1', 'prop_food_s2', 'prop_food_s3', 'prop_food_s4', 'prop_water_w1', 'prop_water_w2', 'prop_water_w3', 'prop_medical_m1', 'prop_medical_m2']
[body] actuator contract OK: nu=21
[body] step=0 pos=(0.00,0.00,1.30) moving=False events=0
[body] budget ms/obs: physics=0.4 vision=45.8 views=11.1 audio=0.0 send=12.6
[body] step=50 pos=(-0.97,-0.03,0.09) moving=True events=0
[body] budget ms/obs: physics=7.9 vision=4.2 views=6.8 audio=0.0 send=55.9
[body] step=100 pos=(-0.96,0.04,0.08) moving=False events=0
[body] budget ms/obs: physics=12.0 vision=4.7 views=8.0 audio=0.0 send=100.6
[body] step=150 pos=(-0.96,0.04,0.09) moving=False events=0
[body] budget ms/obs: physics=10.3 vision=4.5 views=7.3 audio=0.0 send=80.1
[body] step=200 pos=(-0.96,0.04,0.08) moving=False events=0
[body] budget ms/obs: physics=10.0 vision=4.7 views=7.2 audio=0.0 send=137.4
[body] step=250 pos=(-0.98,0.05,0.08) moving=False events=0
[body] budget ms/obs: physics=10.9 vision=4.6 views=7.5 audio=0.0 send=132.0
[body] step=300 pos=(-0.98,0.04,0.08) moving=False events=0
[body] budget ms/obs: physics=8.9 vision=4.7 views=7.4 audio=0.0 send=78.4
[body] step=350 pos=(-0.97,0.04,0.09) moving=False events=0
[body] budget ms/obs: physics=10.3 vision=4.5 views=7.5 audio=0.0 send=72.7
[body] step=400 pos=(-0.95,0.04,0.11) moving=False events=0
[body] budget ms/obs: physics=11.0 vision=4.5 views=7.3 audio=0.0 send=135.3
[body] step=450 pos=(-0.94,0.04,0.13) moving=False events=0
[body] budget ms/obs: physics=8.8 vision=4.6 views=7.4 audio=0.0 send=92.1
[body] step=500 pos=(-0.93,0.07,0.14) moving=False events=0
[body] budget ms/obs: physics=8.0 vision=4.8 views=7.7 audio=0.0 send=79.0
[body] step=550 pos=(-0.93,0.09,0.15) moving=False events=0
[body] budget ms/obs: physics=8.6 vision=5.1 views=7.9 audio=0.0 send=76.9
[body] step=600 pos=(-0.92,0.10,0.12) moving=False events=0
[body] budget ms/obs: physics=10.7 vision=4.5 views=6.9 audio=0.0 send=148.0
[body] step=650 pos=(-0.92,0.09,0.11) moving=False events=0
[body] budget ms/obs: physics=10.7 vision=4.6 views=7.6 audio=0.0 send=96.5
[body] step=700 pos=(-0.91,0.09,0.11) moving=False events=1
[body] budget ms/obs: physics=10.4 vision=4.5 views=7.5 audio=0.0 send=81.5
[body] step=750 pos=(-0.92,0.03,0.11) moving=False events=0
[body] budget ms/obs: physics=8.7 vision=4.5 views=7.5 audio=0.0 send=81.1
[body] step=800 pos=(-0.91,0.02,0.13) moving=False events=0
[body] budget ms/obs: physics=11.3 vision=4.7 views=7.8 audio=0.0 send=120.6
[body] step=850 pos=(-0.90,-0.00,0.12) moving=False events=0
[body] budget ms/obs: physics=8.7 vision=4.6 views=7.4 audio=0.0 send=101.6
[body] step=900 pos=(-0.91,-0.01,0.10) moving=False events=0
[body] budget ms/obs: physics=11.0 vision=4.7 views=7.5 audio=0.0 send=82.4
[body] step=950 pos=(-0.88,-0.01,0.09) moving=False events=0
[body] budget ms/obs: physics=10.5 vision=4.8 views=7.7 audio=0.0 send=94.9
[body] step=1000 pos=(-0.88,-0.00,0.09) moving=False events=0
[body] budget ms/obs: physics=10.9 vision=4.8 views=7.3 audio=0.0 send=106.4
[body] step=1050 pos=(-0.87,0.01,0.10) moving=False events=0
[body] budget ms/obs: physics=10.5 vision=4.8 views=7.5 audio=0.0 send=134.6
[body] step=1100 pos=(-0.88,-0.00,0.10) moving=False events=0
[body] budget ms/obs: physics=10.7 vision=5.0 views=7.4 audio=0.0 send=85.6
[body] step=1150 pos=(-0.89,-0.02,0.09) moving=False events=0
[body] budget ms/obs: physics=14.2 vision=5.2 views=8.0 audio=0.0 send=102.8
[body] step=1200 pos=(-0.88,-0.03,0.10) moving=False events=0
[body] budget ms/obs: physics=12.1 vision=4.8 views=7.4 audio=0.0 send=116.7
[body] step=1250 pos=(-0.87,-0.01,0.12) moving=False events=0
[body] budget ms/obs: physics=10.3 vision=4.8 views=7.3 audio=0.0 send=125.7
[body] step=1300 pos=(-0.86,0.00,0.13) moving=False events=0
[body] budget ms/obs: physics=10.7 vision=4.9 views=7.7 audio=0.0 send=104.1
[body] step=1350 pos=(-0.84,-0.04,0.12) moving=False events=0
[body] budget ms/obs: physics=9.5 vision=5.0 views=7.6 audio=0.0 send=94.8
[body] step=1400 pos=(-0.87,-0.04,0.11) moving=False events=0
[body] budget ms/obs: physics=10.6 vision=4.8 views=8.3 audio=0.0 send=112.8
[body] step=1450 pos=(-0.86,-0.07,0.10) moving=False events=0
[body] budget ms/obs: physics=11.9 vision=5.0 views=7.6 audio=0.0 send=139.1
[body] step=1500 pos=(-0.89,-0.05,0.14) moving=False events=0
[body] budget ms/obs: physics=10.8 vision=5.0 views=8.2 audio=0.0 send=93.5
[body] step=1550 pos=(-0.93,-0.03,0.18) moving=False events=0
[body] budget ms/obs: physics=11.8 vision=5.1 views=8.0 audio=0.0 send=110.2
[body] step=1600 pos=(-0.92,-0.02,0.18) moving=False events=0
[body] budget ms/obs: physics=12.4 vision=5.3 views=8.2 audio=0.0 send=135.9
[body] step=1650 pos=(-0.88,-0.01,0.09) moving=False events=0
[body] budget ms/obs: physics=11.9 vision=4.9 views=7.8 audio=0.0 send=106.8
[body] step=1700 pos=(-0.88,-0.01,0.09) moving=False events=0
[body] budget ms/obs: physics=12.9 vision=4.9 views=8.0 audio=0.0 send=94.2
[body] step=1750 pos=(-0.89,-0.02,0.10) moving=False events=0
[body] budget ms/obs: physics=13.1 vision=5.1 views=8.3 audio=0.0 send=92.5
[body] step=1800 pos=(-0.90,-0.05,0.10) moving=False events=0
[body] budget ms/obs: physics=13.9 vision=4.9 views=8.2 audio=0.0 send=131.5
[body] step=1850 pos=(-0.91,-0.06,0.11) moving=False events=0
[body] budget ms/obs: physics=13.9 vision=4.8 views=7.5 audio=0.0 send=125.0
[body] step=1900 pos=(-0.89,-0.14,0.11) moving=False events=0
[body] budget ms/obs: physics=12.8 vision=4.9 views=8.3 audio=0.0 send=82.1
[body] step=1950 pos=(-0.90,-0.13,0.10) moving=False events=0
[body] budget ms/obs: physics=10.7 vision=4.9 views=8.1 audio=0.0 send=93.5
[body] step=2000 pos=(-0.90,-0.10,0.11) moving=False events=0
[body] budget ms/obs: physics=11.6 vision=4.6 views=7.7 audio=0.0 send=101.8
[body] step=2050 pos=(-0.91,-0.09,0.12) moving=False events=0
[body] budget ms/obs: physics=12.6 vision=4.7 views=7.6 audio=0.0 send=126.4
[body] step=2100 pos=(-0.92,-0.06,0.12) moving=False events=0
[body] budget ms/obs: physics=11.9 vision=4.8 views=8.4 audio=0.0 send=89.0
[body] step=2150 pos=(-1.04,-0.05,0.15) moving=False events=0
[body] budget ms/obs: physics=12.1 vision=4.7 views=8.6 audio=0.0 send=99.6
[body] step=2200 pos=(-1.04,-0.01,0.14) moving=False events=0
[body] budget ms/obs: physics=9.1 vision=4.7 views=8.0 audio=0.0 send=120.6
[body] step=2250 pos=(-0.96,0.04,0.15) moving=False events=0
[body] budget ms/obs: physics=10.5 vision=4.5 views=7.6 audio=0.0 send=120.1
[body] step=2300 pos=(-1.03,-0.03,0.09) moving=False events=0
[body] budget ms/obs: physics=10.6 vision=4.8 views=8.1 audio=0.0 send=111.6
[body] step=2350 pos=(-1.09,-0.06,0.10) moving=False events=1
[body] budget ms/obs: physics=11.7 vision=4.8 views=8.5 audio=0.0 send=108.5
[body] step=2400 pos=(-1.10,-0.06,0.10) moving=False events=0
[body] budget ms/obs: physics=12.7 vision=4.8 views=8.3 audio=0.0 send=141.2
[body] step=2450 pos=(-1.08,-0.10,0.11) moving=False events=0
[body] budget ms/obs: physics=12.4 vision=4.7 views=8.0 audio=0.0 send=120.7
[body] step=2500 pos=(-1.05,-0.13,0.09) moving=False events=0
[body] budget ms/obs: physics=12.3 vision=4.6 views=8.3 audio=0.0 send=100.5
[body] step=2550 pos=(-1.07,-0.12,0.09) moving=False events=0
[body] budget ms/obs: physics=12.7 vision=4.6 views=7.8 audio=0.0 send=92.6
[body] step=2600 pos=(-1.08,-0.17,0.09) moving=False events=0
[body] budget ms/obs: physics=12.2 vision=4.7 views=8.0 audio=0.0 send=136.6
[body] step=2650 pos=(-1.08,-0.27,0.10) moving=False events=0
[body] budget ms/obs: physics=10.6 vision=4.7 views=7.8 audio=0.0 send=129.4
[body] step=2700 pos=(-1.08,-0.25,0.15) moving=False events=0
[body] budget ms/obs: physics=11.5 vision=5.0 views=8.7 audio=0.0 send=123.0
[body] step=2750 pos=(-1.04,-0.24,0.14) moving=True events=0
[body] budget ms/obs: physics=10.6 vision=4.6 views=7.7 audio=0.0 send=99.2
[body] step=2800 pos=(-1.10,-0.23,0.14) moving=False events=0
[body] budget ms/obs: physics=12.2 vision=4.5 views=8.0 audio=0.0 send=120.9
[body] step=2850 pos=(-1.10,-0.21,0.14) moving=False events=0
[body] budget ms/obs: physics=11.2 vision=4.5 views=7.6 audio=0.0 send=125.6
[body] step=2900 pos=(-1.11,-0.20,0.13) moving=False events=0
[body] budget ms/obs: physics=11.5 vision=4.6 views=8.2 audio=0.0 send=93.8
[body] step=2950 pos=(-1.09,-0.17,0.09) moving=False events=0
[body] budget ms/obs: physics=9.9 vision=4.7 views=8.0 audio=0.0 send=96.2
[body] step=3000 pos=(-1.10,-0.15,0.09) moving=False events=0
[body] budget ms/obs: physics=12.0 vision=4.7 views=8.1 audio=0.0 send=152.3
[body] step=3050 pos=(-1.09,-0.15,0.09) moving=False events=0
[body] budget ms/obs: physics=9.4 vision=5.1 views=7.7 audio=0.0 send=109.2
[body] step=3100 pos=(-1.09,-0.14,0.09) moving=False events=0
[body] budget ms/obs: physics=10.0 vision=5.0 views=7.9 audio=0.0 send=82.6
[body] step=3150 pos=(-1.06,-0.15,0.10) moving=False events=0
[body] budget ms/obs: physics=10.5 vision=4.7 views=7.5 audio=0.0 send=101.9
[body] step=3200 pos=(-1.01,-0.12,0.16) moving=False events=0
[body] budget ms/obs: physics=11.1 vision=4.7 views=7.9 audio=0.0 send=147.5
[body] step=3250 pos=(-1.04,-0.15,0.10) moving=False events=0
[body] budget ms/obs: physics=10.2 vision=4.8 views=7.5 audio=0.0 send=108.6
[body] step=3300 pos=(-1.11,-0.12,0.13) moving=False events=0
[body] budget ms/obs: physics=10.7 vision=4.8 views=8.2 audio=0.0 send=106.6
[body] step=3350 pos=(-1.06,-0.07,0.13) moving=False events=0
[body] budget ms/obs: physics=10.9 vision=4.5 views=8.1 audio=0.0 send=88.9
[body] step=3400 pos=(-1.07,-0.04,0.11) moving=False events=0
[body] budget ms/obs: physics=12.3 vision=4.8 views=8.0 audio=0.0 send=163.1
[body] step=3450 pos=(-1.13,-0.04,0.11) moving=False events=0
[body] budget ms/obs: physics=8.8 vision=4.6 views=8.1 audio=0.0 send=110.2
[body] step=3500 pos=(-1.11,-0.02,0.09) moving=False events=0
[body] budget ms/obs: physics=11.4 vision=4.9 views=9.0 audio=0.0 send=123.3
[body] step=3550 pos=(-1.12,-0.01,0.16) moving=True events=0
[body] budget ms/obs: physics=12.1 vision=5.1 views=8.6 audio=0.0 send=129.8
[body] step=3600 pos=(-1.22,-0.06,0.11) moving=False events=0
[body] budget ms/obs: physics=9.4 vision=4.9 views=8.0 audio=0.0 send=125.8
[body] step=3650 pos=(-1.26,-0.04,0.10) moving=False events=0
[body] budget ms/obs: physics=11.3 vision=5.0 views=8.4 audio=0.0 send=123.6
[body] step=3700 pos=(-1.25,-0.03,0.09) moving=False events=0
[body] budget ms/obs: physics=10.2 vision=5.2 views=8.5 audio=0.0 send=102.2
[body] step=3750 pos=(-1.19,0.04,0.12) moving=False events=0
[body] budget ms/obs: physics=15.3 vision=4.8 views=8.2 audio=0.0 send=142.8
[body] step=3800 pos=(-1.17,0.02,0.14) moving=False events=0
[body] budget ms/obs: physics=13.7 vision=4.8 views=7.5 audio=0.0 send=133.5
[body] step=3850 pos=(-1.20,0.05,0.17) moving=False events=0
[body] budget ms/obs: physics=13.0 vision=4.7 views=7.8 audio=0.0 send=96.6
[body] step=3900 pos=(-1.24,0.04,0.18) moving=False events=0
[body] budget ms/obs: physics=12.9 vision=4.9 views=8.3 audio=0.0 send=101.0
[body] step=3950 pos=(-1.23,0.07,0.16) moving=False events=0
[body] budget ms/obs: physics=11.2 vision=4.7 views=8.0 audio=0.0 send=142.4
[body] step=4000 pos=(-1.24,-0.01,0.09) moving=True events=0
[body] budget ms/obs: physics=12.2 vision=4.9 views=7.8 audio=0.0 send=129.0
[body] step=4050 pos=(-1.24,-0.02,0.11) moving=False events=0
[body] budget ms/obs: physics=11.1 vision=4.9 views=8.6 audio=0.0 send=114.1
[body] step=4100 pos=(-1.27,-0.06,0.08) moving=False events=0
[body] budget ms/obs: physics=11.6 vision=5.2 views=8.8 audio=0.0 send=129.2
[body] step=4150 pos=(-1.27,-0.07,0.09) moving=False events=0
[body] budget ms/obs: physics=12.5 vision=4.7 views=7.7 audio=0.0 send=122.1
[body] step=4200 pos=(-1.19,-0.04,0.19) moving=False events=0
[body] budget ms/obs: physics=11.5 vision=4.8 views=8.1 audio=0.0 send=109.6
[body] step=4250 pos=(-1.17,-0.08,0.20) moving=False events=0
[body] budget ms/obs: physics=13.0 vision=5.1 views=9.0 audio=0.0 send=123.3
[body] step=4300 pos=(-1.25,-0.20,0.21) moving=False events=0
[body] budget ms/obs: physics=11.9 vision=4.8 views=8.6 audio=0.0 send=120.2
[body] step=4350 pos=(-1.25,-0.21,0.19) moving=False events=0
[body] budget ms/obs: physics=12.9 vision=4.7 views=8.3 audio=0.0 send=156.0
[body] step=4400 pos=(-1.16,-0.19,0.09) moving=False events=0
[body] budget ms/obs: physics=10.9 vision=4.7 views=8.3 audio=0.0 send=97.5
[body] step=4450 pos=(-1.17,-0.20,0.09) moving=False events=0
[body] budget ms/obs: physics=12.2 vision=4.9 views=8.3 audio=0.0 send=118.4
[body] step=4500 pos=(-1.17,-0.21,0.09) moving=False events=0
[body] budget ms/obs: physics=12.2 vision=4.8 views=7.9 audio=0.0 send=144.5
[body] step=4550 pos=(-1.19,-0.21,0.09) moving=False events=0
[body] budget ms/obs: physics=12.1 vision=4.7 views=7.6 audio=0.0 send=140.2
[body] step=4600 pos=(-1.21,-0.20,0.10) moving=False events=0
[body] budget ms/obs: physics=11.4 vision=5.0 views=8.3 audio=0.0 send=120.0
[body] step=4650 pos=(-1.36,-0.21,0.21) moving=True events=0
[body] budget ms/obs: physics=13.6 vision=4.8 views=9.2 audio=0.0 send=113.4
[body] step=4700 pos=(-1.39,-0.26,0.19) moving=False events=0
[body] budget ms/obs: physics=15.0 vision=4.7 views=8.3 audio=0.0 send=164.5
[body] step=4750 pos=(-1.45,-0.33,0.19) moving=True events=0
[body] budget ms/obs: physics=14.4 vision=4.3 views=8.1 audio=0.0 send=142.3
[body] step=4800 pos=(-1.46,-0.30,0.21) moving=True events=0
[body] budget ms/obs: physics=13.2 vision=4.7 views=8.7 audio=0.0 send=136.5
[body] step=4850 pos=(-1.54,-0.27,0.10) moving=False events=0
[body] budget ms/obs: physics=13.4 vision=4.8 views=8.3 audio=0.0 send=199.6
[body] step=4900 pos=(-1.51,-0.28,0.09) moving=False events=0
[body] budget ms/obs: physics=13.0 vision=4.7 views=8.1 audio=0.0 send=127.6
[body] step=4950 pos=(-1.50,-0.22,0.13) moving=True events=0
[body] budget ms/obs: physics=11.5 vision=4.8 views=8.1 audio=0.0 send=128.4
[body] step=5000 pos=(-1.52,-0.18,0.16) moving=False events=0
[body] budget ms/obs: physics=11.1 vision=4.6 views=7.8 audio=0.0 send=119.5
[body] step=5050 pos=(-1.57,-0.11,0.19) moving=False events=0
[body] budget ms/obs: physics=12.9 vision=4.8 views=8.5 audio=0.0 send=221.8
[body] step=5100 pos=(-1.55,-0.09,0.16) moving=False events=0
[body] budget ms/obs: physics=12.1 vision=4.7 views=8.5 audio=0.0 send=180.8
[body] step=5150 pos=(-1.57,-0.06,0.21) moving=True events=0
[body] budget ms/obs: physics=12.8 vision=4.8 views=8.7 audio=0.0 send=152.5
[body] step=5200 pos=(-1.63,-0.11,0.20) moving=False events=0
[body] budget ms/obs: physics=15.1 vision=4.2 views=8.3 audio=0.0 send=184.9
[body] step=5250 pos=(-1.56,-0.01,0.20) moving=False events=0
[body] budget ms/obs: physics=13.5 vision=4.5 views=8.6 audio=0.0 send=124.0
[body] step=5300 pos=(-1.43,0.08,0.13) moving=False events=0
[body] budget ms/obs: physics=13.0 vision=4.7 views=8.8 audio=0.0 send=190.6
[body] step=5350 pos=(-1.44,0.10,0.15) moving=False events=0
[body] budget ms/obs: physics=12.4 vision=5.1 views=8.2 audio=0.0 send=163.1
[body] step=5400 pos=(-1.43,0.11,0.14) moving=False events=0
[body] budget ms/obs: physics=9.4 vision=5.1 views=8.5 audio=0.0 send=111.0
[body] step=5450 pos=(-1.42,0.12,0.14) moving=False events=0
[body] budget ms/obs: physics=10.2 vision=4.9 views=8.7 audio=0.0 send=123.1
[body] step=5500 pos=(-1.41,0.17,0.15) moving=False events=0
[body] budget ms/obs: physics=11.0 vision=4.8 views=8.2 audio=0.0 send=104.9
[body] step=5550 pos=(-1.44,0.21,0.19) moving=False events=0
[body] budget ms/obs: physics=11.3 vision=5.0 views=7.8 audio=0.0 send=205.0
[body] step=5600 pos=(-1.44,0.16,0.18) moving=False events=0
[body] budget ms/obs: physics=10.3 vision=4.9 views=8.2 audio=0.0 send=183.6
[body] step=5650 pos=(-1.45,0.03,0.10) moving=True events=0
[body] budget ms/obs: physics=12.0 vision=4.7 views=8.2 audio=0.0 send=136.6
[body] step=5700 pos=(-1.56,0.17,0.15) moving=True events=0
[body] budget ms/obs: physics=12.2 vision=4.7 views=7.8 audio=0.0 send=151.2
[body] step=5750 pos=(-1.51,0.07,0.14) moving=False events=0
[body] budget ms/obs: physics=10.2 vision=4.9 views=8.0 audio=0.0 send=134.5
[body] step=5800 pos=(-1.61,-0.02,0.21) moving=False events=0
[body] budget ms/obs: physics=11.0 vision=4.8 views=8.8 audio=0.0 send=122.0
[body] step=5850 pos=(-1.67,-0.17,0.20) moving=True events=0
[body] budget ms/obs: physics=11.0 vision=4.1 views=8.0 audio=0.0 send=133.0
[body] step=5900 pos=(-1.64,-0.17,0.21) moving=False events=0
[body] budget ms/obs: physics=9.4 vision=4.6 views=8.4 audio=0.0 send=263.7
[body] step=5950 pos=(-1.64,-0.14,0.20) moving=False events=0
[body] budget ms/obs: physics=10.6 vision=4.8 views=8.2 audio=0.0 send=248.0
[body] step=6000 pos=(-1.69,-0.15,0.12) moving=False events=0
[body] budget ms/obs: physics=11.9 vision=5.1 views=8.6 audio=0.0 send=266.6
[body] step=6050 pos=(-1.81,-0.10,0.15) moving=False events=0
[body] budget ms/obs: physics=9.8 vision=4.8 views=8.1 audio=0.0 send=146.9
[body] step=6100 pos=(-1.82,-0.10,0.14) moving=False events=0
[body] budget ms/obs: physics=9.9 vision=5.0 views=8.2 audio=0.0 send=159.9
[body] step=6150 pos=(-1.80,-0.11,0.14) moving=False events=0
[body] budget ms/obs: physics=11.8 vision=4.8 views=8.1 audio=0.0 send=223.5
[body] step=6200 pos=(-1.75,-0.14,0.16) moving=False events=0
[body] budget ms/obs: physics=10.8 vision=4.6 views=8.7 audio=0.0 send=210.2
[body] step=6250 pos=(-1.75,-0.16,0.16) moving=False events=0
[body] budget ms/obs: physics=10.7 vision=4.6 views=8.3 audio=0.0 send=151.2
[body] step=6300 pos=(-1.83,-0.13,0.21) moving=False events=0
[body] budget ms/obs: physics=9.9 vision=4.7 views=8.3 audio=0.0 send=160.1
[body] step=6350 pos=(-1.80,-0.14,0.20) moving=False events=0
[body] budget ms/obs: physics=11.6 vision=5.0 views=8.1 audio=0.0 send=281.8
[body] step=6400 pos=(-1.85,-0.14,0.21) moving=False events=0
[body] budget ms/obs: physics=11.6 vision=5.0 views=8.2 audio=0.0 send=150.4
[body] step=6450 pos=(-1.88,-0.14,0.21) moving=False events=0
[body] budget ms/obs: physics=12.5 vision=4.7 views=8.4 audio=0.0 send=268.1
[body] step=6500 pos=(-1.89,-0.14,0.21) moving=False events=0
[body] budget ms/obs: physics=11.4 vision=4.7 views=8.1 audio=0.0 send=245.4
[body] step=6550 pos=(-1.90,-0.15,0.21) moving=False events=0
[body] budget ms/obs: physics=12.2 vision=4.8 views=8.1 audio=0.0 send=128.9
[body] step=6600 pos=(-1.89,-0.15,0.22) moving=False events=0
[body] budget ms/obs: physics=12.1 vision=4.5 views=8.4 audio=0.0 send=302.3
[body] step=6650 pos=(-1.90,-0.09,0.20) moving=False events=0
[body] budget ms/obs: physics=12.3 vision=4.3 views=8.3 audio=0.0 send=247.2
[body] step=6700 pos=(-1.90,-0.04,0.20) moving=False events=0
[body] budget ms/obs: physics=12.0 vision=4.3 views=7.9 audio=0.0 send=312.4
[body] step=6750 pos=(-1.90,-0.00,0.21) moving=False events=0
[body] budget ms/obs: physics=13.5 vision=5.0 views=8.7 audio=0.0 send=226.9
[body] step=6800 pos=(-1.93,-0.02,0.26) moving=False events=0
[body] budget ms/obs: physics=9.6 vision=4.9 views=8.1 audio=0.0 send=198.2
[body] step=6850 pos=(-1.75,-0.00,0.10) moving=False events=0
[body] budget ms/obs: physics=10.3 vision=4.9 views=7.9 audio=0.0 send=248.1
[body] step=6900 pos=(-1.74,-0.00,0.12) moving=False events=0
[body] budget ms/obs: physics=9.9 vision=4.8 views=8.2 audio=0.0 send=171.9
[body] step=6950 pos=(-1.75,-0.03,0.16) moving=False events=0
[body] budget ms/obs: physics=9.7 vision=4.7 views=8.1 audio=0.0 send=155.6
[body] step=7000 pos=(-1.79,-0.05,0.17) moving=False events=0
[body] budget ms/obs: physics=11.1 vision=4.5 views=8.4 audio=0.0 send=134.1
[body] step=7050 pos=(-1.78,-0.06,0.17) moving=False events=0
[body] budget ms/obs: physics=11.0 vision=4.7 views=8.1 audio=0.0 send=119.2
[body] step=7100 pos=(-1.75,-0.07,0.13) moving=False events=0
[body] budget ms/obs: physics=12.0 vision=4.7 views=7.9 audio=0.0 send=177.6
[body] step=7150 pos=(-1.75,-0.07,0.14) moving=False events=0
[body] budget ms/obs: physics=12.9 vision=4.8 views=8.4 audio=0.0 send=114.5
[body] step=7200 pos=(-1.72,-0.03,0.15) moving=False events=0
[body] budget ms/obs: physics=12.1 vision=5.0 views=8.5 audio=0.0 send=134.2
[body] step=7250 pos=(-1.84,-0.10,0.20) moving=False events=0
[body] budget ms/obs: physics=11.3 vision=4.9 views=8.0 audio=0.0 send=144.0
[body] step=7300 pos=(-1.88,-0.15,0.18) moving=False events=0
[body] budget ms/obs: physics=12.0 vision=4.1 views=8.1 audio=0.0 send=289.2
[body] step=7350 pos=(-1.82,-0.17,0.19) moving=False events=0
[body] budget ms/obs: physics=11.7 vision=3.7 views=8.5 audio=0.0 send=204.5
[body] step=7400 pos=(-1.80,-0.12,0.20) moving=True events=0
[body] budget ms/obs: physics=10.8 vision=3.6 views=8.5 audio=0.0 send=360.0
[body] step=7450 pos=(-1.56,-0.01,0.20) moving=True events=0
[body] budget ms/obs: physics=10.4 vision=4.3 views=8.4 audio=0.0 send=284.9
[body] step=7500 pos=(-1.59,-0.17,0.16) moving=False events=0
[body] budget ms/obs: physics=9.9 vision=5.1 views=8.4 audio=0.0 send=251.6
[body] step=7550 pos=(-1.57,-0.18,0.10) moving=False events=0
[body] budget ms/obs: physics=9.5 vision=4.6 views=8.2 audio=0.0 send=276.6
[body] step=7600 pos=(-1.63,-0.22,0.10) moving=False events=0
[body] budget ms/obs: physics=8.3 vision=4.5 views=7.9 audio=0.0 send=348.8
[body] step=7650 pos=(-1.61,-0.22,0.10) moving=False events=0
[body] budget ms/obs: physics=10.2 vision=4.9 views=8.4 audio=0.0 send=361.3
[body] step=7700 pos=(-1.61,-0.24,0.10) moving=False events=0
[body] budget ms/obs: physics=11.2 vision=4.9 views=8.2 audio=0.0 send=341.0
[body] step=7750 pos=(-1.61,-0.27,0.09) moving=False events=0
[body] budget ms/obs: physics=11.9 vision=4.7 views=8.7 audio=0.0 send=271.4
[body] step=7800 pos=(-1.62,-0.28,0.09) moving=False events=0
[body] budget ms/obs: physics=10.2 vision=4.7 views=8.2 audio=0.0 send=148.6
[body] step=7850 pos=(-1.63,-0.26,0.11) moving=False events=0
[body] budget ms/obs: physics=10.2 vision=4.5 views=8.1 audio=0.0 send=248.6
[body] step=7900 pos=(-1.62,-0.30,0.11) moving=False events=0
[body] budget ms/obs: physics=12.6 vision=4.7 views=8.4 audio=0.0 send=260.2
[body] step=7950 pos=(-1.55,-0.36,0.12) moving=True events=0
[body] budget ms/obs: physics=11.6 vision=4.8 views=8.4 audio=0.0 send=280.4
[body] step=8000 pos=(-1.51,-0.39,0.13) moving=True events=1
[body] budget ms/obs: physics=10.5 vision=4.7 views=8.4 audio=0.0 send=195.1
[body] step=8050 pos=(-1.56,-0.39,0.14) moving=False events=0
[body] budget ms/obs: physics=9.6 vision=4.5 views=7.7 audio=0.0 send=185.2
[body] step=8100 pos=(-1.53,-0.40,0.11) moving=False events=0
[body] budget ms/obs: physics=9.6 vision=4.8 views=7.8 audio=0.0 send=144.2
[body] step=8150 pos=(-1.50,-0.42,0.09) moving=False events=0
[body] budget ms/obs: physics=10.1 vision=4.8 views=8.3 audio=0.0 send=119.7
[body] step=8200 pos=(-1.52,-0.44,0.08) moving=False events=0
[body] budget ms/obs: physics=10.0 vision=4.8 views=8.3 audio=0.0 send=134.8
[body] step=8250 pos=(-1.52,-0.45,0.08) moving=False events=0
[body] budget ms/obs: physics=9.5 vision=4.7 views=8.4 audio=0.0 send=166.6
[body] step=8300 pos=(-1.51,-0.45,0.09) moving=False events=0
[body] budget ms/obs: physics=9.7 vision=4.8 views=7.9 audio=0.0 send=205.8
[body] step=8350 pos=(-1.46,-0.43,0.12) moving=False events=0
[body] budget ms/obs: physics=11.8 vision=4.6 views=8.1 audio=0.0 send=266.7
[body] step=8400 pos=(-1.47,-0.45,0.14) moving=False events=0
[body] budget ms/obs: physics=11.3 vision=4.5 views=7.9 audio=0.0 send=185.8
[body] step=8450 pos=(-1.43,-0.52,0.09) moving=False events=0
[body] budget ms/obs: physics=9.8 vision=5.0 views=8.3 audio=0.0 send=223.6
[body] step=8500 pos=(-1.43,-0.52,0.10) moving=False events=0
[body] budget ms/obs: physics=9.4 vision=4.9 views=8.3 audio=0.0 send=158.3
[body] step=8550 pos=(-1.43,-0.52,0.10) moving=False events=0
[body] budget ms/obs: physics=9.3 vision=4.9 views=8.0 audio=0.0 send=167.2
[body] step=8600 pos=(-1.43,-0.52,0.10) moving=False events=0
[body] budget ms/obs: physics=9.5 vision=4.9 views=7.8 audio=0.0 send=133.5
[body] step=8650 pos=(-1.43,-0.53,0.11) moving=False events=0
[body] budget ms/obs: physics=10.8 vision=4.8 views=8.4 audio=0.0 send=129.6
[body] step=8700 pos=(-1.44,-0.52,0.12) moving=False events=0
[body] budget ms/obs: physics=9.9 vision=4.9 views=7.9 audio=0.0 send=165.4
[body] step=8750 pos=(-1.44,-0.52,0.11) moving=False events=0
[body] budget ms/obs: physics=10.0 vision=4.8 views=7.7 audio=0.0 send=121.1
[body] step=8800 pos=(-1.45,-0.51,0.13) moving=False events=0
[body] budget ms/obs: physics=11.2 vision=5.0 views=7.9 audio=0.0 send=191.2
[body] step=8850 pos=(-1.45,-0.52,0.12) moving=False events=0
[body] budget ms/obs: physics=11.9 vision=4.8 views=8.6 audio=0.0 send=167.7
[body] step=8900 pos=(-1.43,-0.51,0.15) moving=False events=0
[body] budget ms/obs: physics=11.3 vision=4.7 views=7.8 audio=0.0 send=218.5
[body] step=8950 pos=(-1.51,-0.52,0.22) moving=False events=0
[body] budget ms/obs: physics=13.7 vision=4.6 views=8.4 audio=0.0 send=236.2
[body] step=9000 pos=(-1.55,-0.48,0.16) moving=False events=0
[body] budget ms/obs: physics=12.9 vision=4.6 views=8.2 audio=0.0 send=199.2
[body] step=9050 pos=(-1.52,-0.53,0.13) moving=False events=0
[body] budget ms/obs: physics=12.1 vision=4.9 views=7.7 audio=0.0 send=131.8
[body] step=9100 pos=(-1.51,-0.54,0.11) moving=False events=0
[body] budget ms/obs: physics=12.4 vision=4.8 views=8.4 audio=0.0 send=188.7
[body] step=9150 pos=(-1.50,-0.57,0.11) moving=False events=0
[body] budget ms/obs: physics=12.8 vision=4.6 views=8.0 audio=0.0 send=148.6
[body] step=9200 pos=(-1.49,-0.63,0.10) moving=True events=1
[body] budget ms/obs: physics=12.3 vision=4.5 views=8.1 audio=0.0 send=177.4
[body] step=9250 pos=(-1.46,-0.65,0.13) moving=False events=0
[body] budget ms/obs: physics=8.0 vision=4.6 views=7.6 audio=0.0 send=108.3
[body] step=9300 pos=(-1.50,-0.67,0.15) moving=False events=0
[body] budget ms/obs: physics=9.7 vision=4.7 views=8.2 audio=0.0 send=171.2
[body] step=9350 pos=(-1.48,-0.71,0.15) moving=False events=0
[body] budget ms/obs: physics=9.5 vision=4.6 views=8.0 audio=0.0 send=171.6
[body] step=9400 pos=(-1.47,-0.74,0.21) moving=True events=0
[body] budget ms/obs: physics=10.0 vision=4.7 views=8.1 audio=0.0 send=216.3
[body] step=9450 pos=(-1.53,-0.91,0.10) moving=False events=0
[body] budget ms/obs: physics=11.8 vision=4.9 views=8.2 audio=0.0 send=363.6
[body] step=9500 pos=(-1.58,-0.89,0.09) moving=False events=0
[body] budget ms/obs: physics=11.0 vision=4.8 views=7.9 audio=0.0 send=268.2
[body] step=9550 pos=(-1.56,-0.88,0.09) moving=False events=0
[body] budget ms/obs: physics=10.2 vision=4.5 views=7.7 audio=0.0 send=235.8
[body] step=9600 pos=(-1.54,-0.88,0.09) moving=False events=0
[body] budget ms/obs: physics=10.1 vision=4.6 views=8.0 audio=0.0 send=160.6
[body] step=9650 pos=(-1.47,-0.82,0.10) moving=True events=0
[body] budget ms/obs: physics=11.2 vision=4.5 views=7.8 audio=0.0 send=167.3
[body] step=9700 pos=(-1.45,-0.79,0.12) moving=False events=0
[body] budget ms/obs: physics=9.0 vision=4.6 views=7.8 audio=0.0 send=165.0
[body] step=9750 pos=(-1.50,-0.78,0.09) moving=False events=0
[body] budget ms/obs: physics=9.8 vision=4.7 views=8.2 audio=0.0 send=133.7
[body] step=9800 pos=(-1.49,-0.77,0.08) moving=False events=0
[body] budget ms/obs: physics=10.2 vision=4.7 views=8.0 audio=0.0 send=326.1
[body] step=9850 pos=(-1.50,-0.77,0.10) moving=False events=0
[body] budget ms/obs: physics=11.3 vision=4.7 views=8.0 audio=0.0 send=214.5
[body] step=9900 pos=(-1.51,-0.76,0.11) moving=False events=0
[body] budget ms/obs: physics=13.1 vision=4.9 views=8.9 audio=0.0 send=225.1
[body] step=9950 pos=(-1.51,-0.73,0.09) moving=False events=0
[body] budget ms/obs: physics=11.2 vision=4.6 views=7.6 audio=0.0 send=185.6
[body] step=10000 pos=(-1.50,-0.71,0.08) moving=False events=0
[body] budget ms/obs: physics=12.0 vision=4.6 views=7.8 audio=0.0 send=144.3
[body] step=10050 pos=(-1.51,-0.70,0.09) moving=False events=0
[body] budget ms/obs: physics=12.9 vision=4.5 views=7.8 audio=0.0 send=157.2
[body] step=10100 pos=(-1.49,-0.72,0.13) moving=False events=0
[body] budget ms/obs: physics=12.3 vision=4.7 views=8.6 audio=0.0 send=192.8
[body] step=10150 pos=(-1.49,-0.69,0.16) moving=False events=0
[body] budget ms/obs: physics=11.7 vision=4.6 views=8.0 audio=0.0 send=166.9
[body] step=10200 pos=(-1.49,-0.71,0.17) moving=False events=0
[body] budget ms/obs: physics=12.1 vision=4.9 views=7.8 audio=0.0 send=177.7
[body] step=10250 pos=(-1.52,-0.76,0.16) moving=False events=0
[body] budget ms/obs: physics=11.8 vision=5.0 views=8.1 audio=0.0 send=381.5
[body] step=10300 pos=(-1.50,-0.73,0.14) moving=False events=0
[body] budget ms/obs: physics=10.5 vision=5.6 views=8.0 audio=0.0 send=305.0
[body] step=10350 pos=(-1.53,-0.79,0.21) moving=True events=0
[body] budget ms/obs: physics=10.1 vision=4.7 views=7.8 audio=0.0 send=213.2
[body] step=10400 pos=(-1.58,-0.99,0.10) moving=False events=0
[body] budget ms/obs: physics=12.6 vision=4.6 views=8.1 audio=0.0 send=181.7
[body] step=10450 pos=(-1.57,-1.00,0.09) moving=False events=0
[body] budget ms/obs: physics=11.2 vision=4.7 views=7.8 audio=0.0 send=217.2
[body] step=10500 pos=(-1.57,-1.00,0.09) moving=False events=0
[body] budget ms/obs: physics=11.2 vision=4.6 views=8.0 audio=0.0 send=248.0
[body] step=10550 pos=(-1.57,-1.00,0.09) moving=False events=0
[body] budget ms/obs: physics=10.2 vision=5.0 views=7.8 audio=0.0 send=207.4
[body] step=10600 pos=(-1.58,-0.97,0.14) moving=False events=0
[body] budget ms/obs: physics=11.8 vision=4.7 views=8.3 audio=0.0 send=261.3
[body] step=10650 pos=(-1.66,-1.02,0.14) moving=False events=0
[body] budget ms/obs: physics=10.5 vision=4.7 views=7.5 audio=0.0 send=248.9
[body] step=10700 pos=(-1.61,-0.97,0.13) moving=True events=0
[body] budget ms/obs: physics=8.8 vision=4.5 views=7.3 audio=0.0 send=140.3
[body] step=10750 pos=(-1.60,-0.91,0.14) moving=False events=1
[body] budget ms/obs: physics=10.8 vision=4.5 views=7.6 audio=0.0 send=167.4
[body] step=10800 pos=(-1.59,-0.86,0.09) moving=False events=0
[body] budget ms/obs: physics=9.4 vision=4.5 views=7.7 audio=0.0 send=140.8
[body] step=10850 pos=(-1.57,-0.86,0.09) moving=False events=0
[body] budget ms/obs: physics=8.9 vision=4.2 views=7.0 audio=0.0 send=281.8
[body] step=10900 pos=(-1.56,-0.84,0.09) moving=False events=0
[body] budget ms/obs: physics=8.2 vision=3.9 views=6.7 audio=0.0 send=225.2
[body] step=10950 pos=(-1.59,-0.82,0.13) moving=False events=0
[body] budget ms/obs: physics=7.5 vision=4.1 views=6.6 audio=0.0 send=220.7
[body] step=11000 pos=(-1.63,-0.80,0.17) moving=False events=0
[body] budget ms/obs: physics=6.3 vision=4.2 views=6.3 audio=0.0 send=282.8
[body] step=11050 pos=(-1.61,-0.82,0.14) moving=False events=0
[body] budget ms/obs: physics=8.5 vision=4.3 views=6.6 audio=0.0 send=243.5
