[body] agent_id=e94a15f9-f610-45c3-ae75-358257e97f7c
[body] elements=['obstacles', 'house', 'food', 'water', 'medical_kit'] props=['prop_box_red', 'prop_house', 'prop_food_s1', 'prop_food_s2', 'prop_food_s3', 'prop_food_s4', 'prop_water_w1', 'prop_water_w2', 'prop_water_w3', 'prop_medical_m1', 'prop_medical_m2']
[body] actuator contract OK: nu=21
[body] step=0 pos=(0.00,0.00,1.30) moving=False events=0
[body] budget ms/obs: physics=0.4 vision=27.9 views=13.9 audio=0.0 send=11.1
[body] step=50 pos=(-0.96,0.01,0.09) moving=False events=0
[body] budget ms/obs: physics=10.4 vision=5.0 views=8.2 audio=0.0 send=71.4
[body] step=100 pos=(-0.96,-0.03,0.09) moving=False events=0
[body] budget ms/obs: physics=9.0 vision=5.0 views=8.6 audio=0.0 send=99.3
[body] step=150 pos=(-0.97,0.01,0.09) moving=False events=0
[body] budget ms/obs: physics=9.7 vision=5.1 views=8.7 audio=0.0 send=100.9
[body] step=200 pos=(-0.97,-0.01,0.09) moving=False events=0
[body] budget ms/obs: physics=9.6 vision=4.8 views=7.8 audio=0.0 send=161.0
[body] step=250 pos=(-0.97,-0.02,0.09) moving=False events=0
[body] budget ms/obs: physics=9.3 vision=4.7 views=8.2 audio=0.0 send=132.1
[body] step=300 pos=(-0.98,-0.01,0.08) moving=False events=0
[body] budget ms/obs: physics=10.7 vision=4.8 views=8.5 audio=0.0 send=116.0
[body] step=350 pos=(-0.97,-0.02,0.09) moving=False events=0
[body] budget ms/obs: physics=8.6 vision=4.8 views=8.6 audio=0.0 send=107.2
[body] step=400 pos=(-0.97,-0.03,0.09) moving=False events=0
[body] budget ms/obs: physics=9.2 vision=4.9 views=8.2 audio=0.0 send=155.0
[body] step=450 pos=(-0.98,-0.02,0.09) moving=False events=0
[body] budget ms/obs: physics=9.7 vision=4.8 views=8.9 audio=0.0 send=100.4
[body] step=500 pos=(-0.97,-0.03,0.08) moving=False events=0
[body] budget ms/obs: physics=9.2 vision=4.8 views=8.1 audio=0.0 send=119.0
[body] step=550 pos=(-0.97,-0.03,0.09) moving=False events=0
[body] budget ms/obs: physics=11.5 vision=4.9 views=8.6 audio=0.0 send=159.9
[body] step=600 pos=(-0.97,-0.04,0.09) moving=False events=0
[body] budget ms/obs: physics=10.3 vision=4.8 views=8.3 audio=0.0 send=104.1
[body] step=650 pos=(-0.97,-0.04,0.09) moving=False events=0
[body] budget ms/obs: physics=10.7 vision=5.0 views=9.2 audio=0.0 send=103.8
[body] step=700 pos=(-0.97,-0.04,0.08) moving=False events=0
[body] budget ms/obs: physics=9.5 vision=5.0 views=9.0 audio=0.0 send=89.6
[body] step=750 pos=(-0.99,-0.03,0.09) moving=False events=0
[body] budget ms/obs: physics=12.7 vision=4.9 views=8.7 audio=0.0 send=151.4
[body] step=800 pos=(-0.97,-0.03,0.12) moving=False events=0
[body] budget ms/obs: physics=11.8 vision=5.0 views=8.1 audio=0.0 send=116.5
[body] step=850 pos=(-0.92,0.01,0.12) moving=False events=0
[body] budget ms/obs: physics=12.2 vision=5.3 views=8.5 audio=0.0 send=103.5
[body] step=900 pos=(-0.89,0.03,0.13) moving=False events=0
[body] budget ms/obs: physics=10.2 vision=5.5 views=8.6 audio=0.0 send=113.9
[body] step=950 pos=(-0.81,0.05,0.12) moving=False events=0
[body] budget ms/obs: physics=12.0 vision=5.3 views=7.9 audio=0.0 send=146.1
[body] step=1000 pos=(-0.78,0.01,0.14) moving=False events=0
[body] budget ms/obs: physics=11.3 vision=5.1 views=9.0 audio=0.0 send=114.9
[body] step=1050 pos=(-0.75,-0.04,0.13) moving=False events=0
[body] budget ms/obs: physics=14.7 vision=5.2 views=8.4 audio=0.0 send=131.7
[body] step=1100 pos=(-0.74,-0.02,0.16) moving=False events=0
[body] budget ms/obs: physics=12.4 vision=5.3 views=8.8 audio=0.0 send=151.3
[body] step=1150 pos=(-0.71,-0.03,0.14) moving=False events=0
[body] budget ms/obs: physics=10.3 vision=5.3 views=8.6 audio=0.0 send=130.5
[body] step=1200 pos=(-0.72,-0.02,0.14) moving=False events=0
[body] budget ms/obs: physics=11.3 vision=5.3 views=8.7 audio=0.0 send=109.2
[body] step=1250 pos=(-0.72,-0.04,0.16) moving=False events=0
[body] budget ms/obs: physics=12.8 vision=5.2 views=8.9 audio=0.0 send=93.7
[body] step=1300 pos=(-0.68,-0.03,0.15) moving=False events=0
[body] budget ms/obs: physics=11.4 vision=5.4 views=8.8 audio=0.0 send=148.7
[body] step=1350 pos=(-0.66,-0.02,0.10) moving=False events=0
[body] budget ms/obs: physics=10.4 vision=5.1 views=8.2 audio=0.0 send=140.3
[body] step=1400 pos=(-0.68,0.11,0.13) moving=True events=1
[body] budget ms/obs: physics=10.7 vision=5.5 views=8.9 audio=0.0 send=119.1
[body] step=1450 pos=(-0.65,0.15,0.15) moving=False events=0
[body] budget ms/obs: physics=10.9 vision=5.3 views=8.2 audio=0.0 send=112.9
[body] step=1500 pos=(-0.56,0.06,0.12) moving=False events=0
[body] budget ms/obs: physics=11.5 vision=5.5 views=8.3 audio=0.0 send=139.0
[body] step=1550 pos=(-0.54,0.06,0.11) moving=False events=0
[body] budget ms/obs: physics=12.5 vision=5.5 views=8.9 audio=0.0 send=130.1
[body] step=1600 pos=(-0.55,0.12,0.14) moving=True events=0
[body] budget ms/obs: physics=11.0 vision=5.2 views=8.3 audio=0.0 send=100.8
[body] step=1650 pos=(-0.54,0.01,0.09) moving=False events=0
[body] budget ms/obs: physics=13.3 vision=5.3 views=8.3 audio=0.0 send=130.9
[body] step=1700 pos=(-0.55,-0.02,0.09) moving=False events=0
[body] budget ms/obs: physics=11.6 vision=5.2 views=8.4 audio=0.0 send=123.2
[body] step=1750 pos=(-0.59,-0.06,0.09) moving=False events=0
[body] budget ms/obs: physics=10.4 vision=5.3 views=8.5 audio=0.0 send=92.3
[body] step=1800 pos=(-0.71,-0.11,0.09) moving=False events=0
[body] budget ms/obs: physics=11.9 vision=5.2 views=8.3 audio=0.0 send=114.6
[body] step=1850 pos=(-0.80,-0.13,0.09) moving=False events=0
[body] budget ms/obs: physics=11.6 vision=5.0 views=8.1 audio=0.0 send=143.2
[body] step=1900 pos=(-0.82,-0.14,0.09) moving=False events=0
[body] budget ms/obs: physics=14.3 vision=4.9 views=8.2 audio=0.0 send=132.5
[body] step=1950 pos=(-0.86,-0.14,0.09) moving=False events=0
[body] budget ms/obs: physics=13.3 vision=5.2 views=8.9 audio=0.0 send=123.1
[body] step=2000 pos=(-0.93,-0.10,0.08) moving=False events=0
[body] budget ms/obs: physics=11.6 vision=5.3 views=8.6 audio=0.0 send=112.4
[body] step=2050 pos=(-1.00,-0.05,0.09) moving=False events=0
[body] budget ms/obs: physics=12.4 vision=5.1 views=8.2 audio=0.0 send=160.6
[body] step=2100 pos=(-1.03,-0.04,0.08) moving=False events=0
[body] budget ms/obs: physics=11.7 vision=5.6 views=8.8 audio=0.0 send=126.6
[body] step=2150 pos=(-1.05,0.01,0.08) moving=False events=0
[body] budget ms/obs: physics=12.9 vision=5.3 views=8.9 audio=0.0 send=90.2
[body] step=2200 pos=(-1.08,0.05,0.09) moving=False events=0
[body] budget ms/obs: physics=12.5 vision=5.3 views=9.6 audio=0.0 send=128.9
[body] step=2250 pos=(-1.10,0.08,0.08) moving=False events=0
[body] budget ms/obs: physics=12.2 vision=5.0 views=8.4 audio=0.0 send=140.5
[body] step=2300 pos=(-1.11,0.12,0.08) moving=False events=0
[body] budget ms/obs: physics=11.8 vision=5.1 views=9.5 audio=0.0 send=103.0
[body] step=2350 pos=(-1.12,0.16,0.08) moving=False events=0
[body] budget ms/obs: physics=12.1 vision=5.3 views=8.5 audio=0.0 send=114.4
[body] step=2400 pos=(-1.08,0.23,0.10) moving=False events=0
[body] budget ms/obs: physics=12.1 vision=5.2 views=8.5 audio=0.0 send=180.6
[body] step=2450 pos=(-1.06,0.26,0.09) moving=True events=0
[body] budget ms/obs: physics=11.6 vision=5.1 views=8.0 audio=0.0 send=142.2
[body] step=2500 pos=(-1.05,0.27,0.10) moving=False events=0
[body] budget ms/obs: physics=13.9 vision=5.2 views=8.5 audio=0.0 send=128.9
[body] step=2550 pos=(-1.04,0.30,0.09) moving=False events=0
[body] budget ms/obs: physics=14.6 vision=5.1 views=8.6 audio=0.0 send=137.2
